01-01 00:06:52.791   790   790 I PackageManager.DexOptimizer: Running dexopt (dex2oat) on: /system/priv-app/CMSettingsProvider/CMSettingsProvider.apk pkg=org.cyanogenmod.cmsettings isa=arm vmSafeMode=false debuggable=false target-filter=speed oatDir = null sharedLibraries=null
01-01 00:06:52.850  1105  1105 I dex2oat : /system/bin/dex2oat --compiler-filter=speed
01-01 00:06:52.850  1105  1105 E cutils-trace: Error opening trace file: No such file or directory (2)
01-01 00:06:53.157  1105  1105 I dex2oat : dex2oat took 308.192ms (threads: 4) arena alloc=1142KB (1170264B) java alloc=188KB (193528B) native alloc=721KB (739272B) free=2MB (2406456B)
01-01 00:06:53.165   790   790 I PackageManager.DexOptimizer: Running dexopt (dex2oat) on: /system/priv-app/PackageInstaller/PackageInstaller.apk pkg=com.android.packageinstaller isa=arm vmSafeMode=false debuggable=false target-filter=speed oatDir = null sharedLibraries=null
01-01 00:06:53.223  1117  1117 I dex2oat : /system/bin/dex2oat --compiler-filter=speed
01-01 00:06:53.223  1117  1117 E cutils-trace: Error opening trace file: No such file or directory (2)
01-01 00:06:53.307   313   357 E QMI_FW  : QMUXD: WARNING qmi_qmux_if_pwr_up_init failed! rc=-1
01-01 00:06:53.492  1117  1126 W dex2oat : Before Android 4.1, method android.graphics.PorterDuffColorFilter android.support.graphics.drawable.VectorDrawableCompat.updateTintFilter(android.graphics.PorterDuffColorFilter, android.content.res.ColorStateList, android.graphics.PorterDuff$Mode) would have incorrectly overridden the package-private method in android.graphics.drawable.Drawable
01-01 00:06:53.566  1117  1126 W dex2oat : Before Android 4.1, method int android.support.v7.widget.ListViewCompat.lookForSelectablePosition(int, boolean) would have incorrectly overridden the package-private method in android.widget.ListView
01-01 00:06:55.885  1144  1144 F libc    : CANNOT LINK EXECUTABLE "/system/bin/rmt_storage": cannot locate symbol "ioprio_set" referenced by "/system/bin/rmt_storage"...
01-01 00:06:55.885  1144  1144 F libc    : Fatal signal 6 (SIGABRT), code -6 in tid 1144 (rmt_storage)
01-01 00:06:55.886   210   210 W         : debuggerd: handling request: pid=1144 uid=0 gid=0 tid=1144
01-01 00:06:55.894  1145  1145 E         : debuggerd: Unable to connect to activity manager (connect failed: No such file or directory)
01-01 00:06:55.894  1144  1144 F libc    : failed to resend signal during crash: Operation not permitted
01-01 00:06:55.944  1145  1145 E DEBUG   : unexpected waitpid response: n=1144, status=00000000
01-01 00:06:55.944  1145  1145 E         : debuggerd: timed out waiting for signal
01-01 00:06:55.944  1145  1145 E         : debuggerd: ptrace detach from 1144 failed: No such process
01-01 00:06:55.945   210   210 W         : debuggerd: resuming target 1144
01-01 00:06:55.945   210   210 E         : debuggerd: failed to send signal 18 to target: No such process
01-01 00:06:56.062  1117  1117 I dex2oat : dex2oat took 2.840s (threads: 4) arena alloc=3MB (3605784B) java alloc=2MB (2303288B) native alloc=6MB (6432192B) free=4MB (4577856B)
01-01 00:06:56.073   790   790 I PackageManager.DexOptimizer: Running dexopt (dex2oat) on: /system/priv-app/ProxyHandler/ProxyHandler.apk pkg=com.android.proxyhandler isa=arm vmSafeMode=false debuggable=false target-filter=speed oatDir = null sharedLibraries=null
01-01 00:06:56.129  1149  1149 I dex2oat : /system/bin/dex2oat --compiler-filter=speed
01-01 00:06:56.129  1149  1149 E cutils-trace: Error opening trace file: No such file or directory (2)
01-01 00:06:56.270  1149  1149 I dex2oat : dex2oat took 141.954ms (threads: 4) arena alloc=1250KB (1280704B) java alloc=81KB (82992B) native alloc=488KB (500584B) free=2MB (2120856B)
01-01 00:06:56.280   790   790 I PackageManager.DexOptimizer: Running dexopt (dex2oat) on: /system/app/LatinIME/LatinIME.apk pkg=com.android.inputmethod.latin isa=arm vmSafeMode=false debuggable=false target-filter=speed oatDir = null sharedLibraries=null
01-01 00:06:56.338  1158  1158 I dex2oat : /system/bin/dex2oat --compiler-filter=speed
01-01 00:06:56.339  1158  1158 E cutils-trace: Error opening trace file: No such file or directory (2)
01-01 00:06:58.103  1158  1158 I dex2oat : dex2oat took 1.765s (threads: 4) arena alloc=2MB (2260624B) java alloc=1029KB (1054376B) native alloc=3MB (4028200B) free=3MB (3311832B)
01-01 00:06:58.114   790   790 I PackageManager.DexOptimizer: Running dexopt (dex2oat) on: /system/priv-app/Settings/Settings.apk pkg=com.android.settings isa=arm vmSafeMode=false debuggable=false target-filter=speed oatDir = null sharedLibraries=null
01-01 00:06:58.168  1171  1171 I dex2oat : /system/bin/dex2oat --compiler-filter=speed
01-01 00:06:58.168  1171  1171 E cutils-trace: Error opening trace file: No such file or directory (2)
01-01 00:06:58.795  1171  1181 W dex2oat : Before Android 4.1, method android.graphics.PorterDuffColorFilter android.support.graphics.drawable.VectorDrawableCompat.updateTintFilter(android.graphics.PorterDuffColorFilter, android.content.res.ColorStateList, android.graphics.PorterDuff$Mode) would have incorrectly overridden the package-private method in android.graphics.drawable.Drawable
01-01 00:06:58.848  1171  1179 W dex2oat : Before Android 4.1, method int android.support.v7.widget.ListViewCompat.lookForSelectablePosition(int, boolean) would have incorrectly overridden the package-private method in android.widget.ListView
01-01 00:07:00.963  1191  1191 F libc    : CANNOT LINK EXECUTABLE "/system/bin/rmt_storage": cannot locate symbol "ioprio_set" referenced by "/system/bin/rmt_storage"...
01-01 00:07:00.964  1191  1191 F libc    : Fatal signal 6 (SIGABRT), code -6 in tid 1191 (rmt_storage)
01-01 00:07:00.964   210   210 W         : debuggerd: handling request: pid=1191 uid=0 gid=0 tid=1191
01-01 00:07:00.968  1192  1192 E         : debuggerd: Unable to connect to activity manager (connect failed: No such file or directory)
01-01 00:07:00.968  1191  1191 F libc    : failed to resend signal during crash: Operation not permitted
01-01 00:07:01.018  1192  1192 E DEBUG   : unexpected waitpid response: n=1191, status=00000000
01-01 00:07:01.018  1192  1192 E         : debuggerd: timed out waiting for signal
01-01 00:07:01.018  1192  1192 E         : debuggerd: ptrace detach from 1191 failed: No such process
01-01 00:07:01.019   210   210 W         : debuggerd: resuming target 1191
01-01 00:07:01.019   210   210 E         : debuggerd: failed to send signal 18 to target: No such process
01-01 00:07:02.051  1171  1179 W dex2oat : Compilation of boolean com.android.settings.applications.RunningState.update(android.content.Context, android.app.ActivityManager) took 102.819ms
01-01 00:07:04.391  1171  1171 I dex2oat : dex2oat took 6.223s (threads: 4) arena alloc=4MB (4399104B) java alloc=5MB (5887008B) native alloc=13MB (14223984B) free=5MB (6223248B)
01-01 00:07:04.412   790   790 I PackageManager.DexOptimizer: Running dexopt (dex2oat) on: /system/priv-app/TeleService/TeleService.apk pkg=com.android.phone isa=arm vmSafeMode=false debuggable=false target-filter=speed oatDir = null sharedLibraries=null
01-01 00:07:04.471  1199  1199 I dex2oat : /system/bin/dex2oat --compiler-filter=speed
01-01 00:07:04.472  1199  1199 E cutils-trace: Error opening trace file: No such file or directory (2)
01-01 00:07:05.907  1199  1202 W dex2oat : Compilation of void com.android.phone.PhoneInterfaceManager$MainThreadHandler.handleMessage(android.os.Message) took 197.731ms
01-01 00:07:06.036  1213  1213 F libc    : CANNOT LINK EXECUTABLE "/system/bin/rmt_storage": cannot locate symbol "ioprio_set" referenced by "/system/bin/rmt_storage"...
01-01 00:07:06.037  1213  1213 F libc    : Fatal signal 6 (SIGABRT), code -6 in tid 1213 (rmt_storage)
01-01 00:07:06.037   210   210 W         : debuggerd: handling request: pid=1213 uid=0 gid=0 tid=1213
01-01 00:07:06.041  1214  1214 E         : debuggerd: Unable to connect to activity manager (connect failed: No such file or directory)
01-01 00:07:06.091  1213  1213 F libc    : failed to resend signal during crash: Operation not permitted
01-01 00:07:06.141  1214  1214 E DEBUG   : unexpected waitpid response: n=1213, status=00000000
01-01 00:07:06.141  1214  1214 E         : debuggerd: timed out waiting for signal
01-01 00:07:06.141  1214  1214 E         : debuggerd: ptrace detach from 1213 failed: No such process
01-01 00:07:06.153   210   210 W         : debuggerd: resuming target 1213
01-01 00:07:06.153   210   210 E         : debuggerd: failed to send signal 18 to target: No such process
01-01 00:07:07.549  1199  1199 I dex2oat : dex2oat took 3.078s (threads: 4) arena alloc=8MB (8620232B) java alloc=1555KB (1592424B) native alloc=6MB (6818520B) free=9MB (9958696B)
01-01 00:07:07.563   790   790 I PackageManager.DexOptimizer: Running dexopt (dex2oat) on: /system/priv-app/Shell/Shell.apk pkg=com.android.shell isa=arm vmSafeMode=false debuggable=false target-filter=speed oatDir = null sharedLibraries=null
01-01 00:07:07.615  1219  1219 I dex2oat : /system/bin/dex2oat --compiler-filter=speed
01-01 00:07:07.615  1219  1219 E cutils-trace: Error opening trace file: No such file or directory (2)
01-01 00:07:08.053  1219  1219 I dex2oat : dex2oat took 438.462ms (threads: 4) arena alloc=1625KB (1664072B) java alloc=279KB (286072B) native alloc=873KB (894816B) free=2MB (2775200B)
01-01 00:07:08.062   790   790 I PackageManager.DexOptimizer: Running dexopt (dex2oat) on: /system/priv-app/FusedLocation/FusedLocation.apk pkg=com.android.location.fused isa=arm vmSafeMode=false debuggable=false target-filter=speed oatDir = null sharedLibraries=/system/framework/com.android.location.provider.jar
01-01 00:07:08.117  1227  1227 I dex2oat : /system/bin/dex2oat --compiler-filter=speed
01-01 00:07:08.117  1227  1227 E cutils-trace: Error opening trace file: No such file or directory (2)
01-01 00:07:08.227  1227  1227 I dex2oat : dex2oat took 112.390ms (threads: 4) arena alloc=268KB (275216B) java alloc=128KB (131920B) native alloc=486KB (498456B) free=2MB (2647272B)
01-01 00:07:08.234   790   790 I PackageManager.DexOptimizer: Running dexopt (dex2oat) on: /system/priv-app/SystemUI/SystemUI.apk pkg=com.android.systemui isa=arm vmSafeMode=false debuggable=false target-filter=speed oatDir = null sharedLibraries=null
01-01 00:07:08.289  1235  1235 I dex2oat : /system/bin/dex2oat --compiler-filter=speed
01-01 00:07:08.289  1235  1235 E cutils-trace: Error opening trace file: No such file or directory (2)
01-01 00:07:09.006  1235  1235 W dex2oat : Before Android 4.1, method android.graphics.PorterDuffColorFilter android.support.graphics.drawable.VectorDrawableCompat.updateTintFilter(android.graphics.PorterDuffColorFilter, android.content.res.ColorStateList, android.graphics.PorterDuff$Mode) would have incorrectly overridden the package-private method in android.graphics.drawable.Drawable
01-01 00:07:09.087  1235  1235 W dex2oat : Before Android 4.1, method int android.support.v7.widget.ListViewCompat.lookForSelectablePosition(int, boolean) would have incorrectly overridden the package-private method in android.widget.ListView
01-01 00:07:11.173  1252  1252 F libc    : CANNOT LINK EXECUTABLE "/system/bin/rmt_storage": cannot locate symbol "ioprio_set" referenced by "/system/bin/rmt_storage"...
01-01 00:07:11.173  1252  1252 F libc    : Fatal signal 6 (SIGABRT), code -6 in tid 1252 (rmt_storage)
01-01 00:07:11.174   210   210 W         : debuggerd: handling request: pid=1252 uid=0 gid=0 tid=1252
01-01 00:07:11.178  1253  1253 E         : debuggerd: Unable to connect to activity manager (connect failed: No such file or directory)
01-01 00:07:11.179  1252  1252 F libc    : failed to resend signal during crash: Operation not permitted
01-01 00:07:11.228  1253  1253 E DEBUG   : unexpected waitpid response: n=1252, status=00000000
01-01 00:07:11.228  1253  1253 E         : debuggerd: timed out waiting for signal
01-01 00:07:11.228  1253  1253 E         : debuggerd: ptrace detach from 1252 failed: No such process
01-01 00:07:11.230   210   210 W         : debuggerd: resuming target 1252
01-01 00:07:11.230   210   210 E         : debuggerd: failed to send signal 18 to target: No such process
01-01 00:07:15.144  1235  1235 I dex2oat : dex2oat took 6.855s (threads: 4) arena alloc=2MB (2264960B) java alloc=5MB (5907464B) native alloc=14MB (15407872B) free=3MB (3466496B)
01-01 00:07:15.169   790   790 I PackageManager.DexOptimizer: Running dexopt (dex2oat) on: /system/priv-app/WeatherManagerService/WeatherManagerService.apk pkg=org.cyanogenmod.weatherservice isa=arm vmSafeMode=false debuggable=false target-filter=speed oatDir = null sharedLibraries=null
01-01 00:07:15.228  1279  1279 I dex2oat : /system/bin/dex2oat --compiler-filter=speed
01-01 00:07:15.228  1279  1279 E cutils-trace: Error opening trace file: No such file or directory (2)
01-01 00:07:15.649  1279  1279 I dex2oat : dex2oat took 422.332ms (threads: 4) arena alloc=1434KB (1469304B) java alloc=284KB (291248B) native alloc=1025KB (1049784B) free=2046KB (2095944B)
01-01 00:07:15.658   790   790 E PackageManager: There should probably be a verifier, but, none were found
01-01 00:07:15.671   790   790 D PackageManager: Ephemeral resolver NOT found; no matching intent filters
01-01 00:07:15.674   790   790 I PackageManager: Ephemeral deactivated; missing resolver and installer
01-01 00:07:15.674   790   790 I art     : Starting a blocking GC Explicit
01-01 00:07:15.743   790   790 I art     : Explicit concurrent mark sweep GC freed 44208(2MB) AllocSpace objects, 15(492KB) LOS objects, 44% free, 4MB/8MB, paused 554us total 68.155ms
01-01 00:07:15.746   790   790 I SystemServer: StartOtaDexOptService
01-01 00:07:15.755   790   790 I SystemServer: StartUserManagerService
01-01 00:07:15.755   790   790 I SystemServiceManager: Starting com.android.server.pm.UserManagerService$LifeCycle
01-01 00:07:15.794   314   314 I lowmemorykiller: ActivityManager connected
01-01 00:07:15.796   790   790 I SystemServiceManager: Starting com.android.server.BatteryService
01-01 00:07:15.796   790  1290 D SensorService: nuSensorService starting...
01-01 00:07:15.828   790  1290 E Sensors : Magneitc enable: mEnabled 0, handle 0, en 1
01-01 00:07:15.836   790   859 D lights  : set_light_leds: type=0, color=0x00ff000000, fM=0, fOnMS=0, fOffMs=0.
01-01 00:07:15.836   790   790 I SystemServiceManager: Starting com.android.server.usage.UsageStatsService
01-01 00:07:15.857   790   790 I SystemServiceManager: Starting com.android.server.webkit.WebViewUpdateService
01-01 00:07:15.861   790  1290 E Sensors : Magneitc enable: mEnabled 0, handle 2, en 0
01-01 00:07:15.863   790  1290 I SensorService: Generated new HMAC key.
01-01 00:07:15.865   790  1294 D SensorService: new thread SensorEventAckReceiver
01-01 00:07:15.865   790  1295 D SensorService: nuSensorService thread starting...
01-01 00:07:15.865   790  1295 I Sensors : Proximity - 8(cm)
01-01 00:07:15.870   790   790 I SystemServer: Reading configuration...
01-01 00:07:15.870   790   790 I SystemServer: StartSchedulingPolicyService
01-01 00:07:15.872   790   790 I SystemServiceManager: Starting com.android.server.telecom.TelecomLoaderService
01-01 00:07:15.875   790   790 I SystemServer: StartTelephonyRegistry
01-01 00:07:15.887   790   790 I SystemServer: StartEntropyMixer
01-01 00:07:15.888   790   790 W EntropyMixer: No existing entropy file -- first boot?
01-01 00:07:15.896   790   790 I EntropyMixer: Added HW RNG output to entropy pool
01-01 00:07:15.897   790   790 I EntropyMixer: Writing entropy...
01-01 00:07:15.911   790   790 I SystemServer: Camera Service
01-01 00:07:15.911   790   790 I SystemServiceManager: Starting com.android.server.camera.CameraService
01-01 00:07:15.914   790  1296 I ServiceThread: Enabled StrictMode logging for CameraService_proxy looper.
01-01 00:07:15.917   790   790 I SystemServer: StartAccountManagerService
01-01 00:07:15.917   790   790 I SystemServiceManager: Starting com.android.server.accounts.AccountManagerService$Lifecycle
01-01 00:07:15.945   790   790 I SystemServer: StartContentService
01-01 00:07:15.946   790   790 I SystemServiceManager: Starting com.android.server.content.ContentService$Lifecycle
01-01 00:07:15.950   790   790 I SystemServer: InstallSystemProviders
01-01 00:07:15.962   790   790 W System  : ClassLoader referenced unknown path: /system/priv-app/CMSettingsProvider/lib/arm
01-01 00:07:16.055   790   790 D ActivityThread: Loading provider settings: com.android.providers.settings.SettingsProvider
01-01 00:07:16.062   790   790 W System  : ClassLoader referenced unknown path: /system/priv-app/SettingsProvider/lib/arm
01-01 00:07:16.065   790   790 D ApplicationLoaders: ignored Vulkan layer search path /system/priv-app/SettingsProvider/lib/arm:/system/priv-app/SettingsProvider/SettingsProvider.apk!/lib/armeabi-v7a:/system/lib:/vendor/lib for namespace 0xb325d0d0
01-01 00:07:16.251  1302  1302 F libc    : CANNOT LINK EXECUTABLE "/system/bin/rmt_storage": cannot locate symbol "ioprio_set" referenced by "/system/bin/rmt_storage"...
01-01 00:07:16.252  1302  1302 F libc    : Fatal signal 6 (SIGABRT), code -6 in tid 1302 (rmt_storage)
01-01 00:07:16.255   210   210 W         : debuggerd: handling request: pid=1302 uid=0 gid=0 tid=1302
01-01 00:07:16.259  1303  1303 E         : debuggerd: Unable to connect to activity manager (connect failed: No such file or directory)
01-01 00:07:16.262  1302  1302 F libc    : failed to resend signal during crash: Operation not permitted
01-01 00:07:16.264  1303  1303 E DEBUG   : unexpected waitpid response: n=1302, status=00000000
01-01 00:07:16.264  1303  1303 E         : debuggerd: timed out waiting for signal
01-01 00:07:16.264  1303  1303 E         : debuggerd: ptrace detach from 1302 failed: No such process
01-01 00:07:16.265  1303  1303 E         : debuggerd: failed to kill process 1302: No such process
01-01 00:07:16.266   210   210 W         : debuggerd: resuming target 1302
01-01 00:07:16.266   210   210 E         : debuggerd: failed to send signal 18 to target: No such process
01-01 00:07:16.302   790   790 I SettingsState: No settings state /data/system/users/0/settings_system.xml
01-01 00:07:16.334   790   790 I SettingsState: No settings state /data/system/users/0/settings_secure.xml
01-01 00:07:16.350   790   790 D SettingsProvider: Generated and saved new ANDROID_ID [86f513d5eb96bfeb] for user 0
01-01 00:07:16.381   790   790 I SettingsState: No settings state /data/system/users/0/settings_global.xml
01-01 00:07:16.498   790   790 I SystemServer: StartVibratorService
01-01 00:07:16.510   790   790 I SystemServer: StartConsumerIrService
01-01 00:07:16.512   790   790 E ConsumerIrService: Can't open consumer IR HW Module, error: -2
01-01 00:07:16.513   790   790 I SystemServer: StartAlarmManagerService
01-01 00:07:16.514   790   790 I SystemServiceManager: Starting com.android.server.AlarmManagerService
01-01 00:07:16.535   790   790 I SystemServer: InitWatchdog
01-01 00:07:16.538   790   790 I SystemServer: StartInputManagerService
01-01 00:07:16.539   790   790 I InputManager: Initializing input manager, mUseDevInputEventForAudioJack=false
01-01 00:07:16.543   790   790 I SystemServer: StartWindowManagerService
01-01 00:07:16.579   790   872 I WindowManager: No existing display settings /data/system/display_settings.xml; starting empty
01-01 00:07:16.628   790   866 I CameraManagerGlobal: Connecting to camera service
01-01 00:07:17.008   790   790 I SystemServer: StartVrManagerService
01-01 00:07:17.008   790   790 I SystemServiceManager: Starting com.android.server.vr.VrManagerService
01-01 00:07:17.011   790   790 W VrManagerService: init_native: Could not open VR hardware module, error No such file or directory (-2).
01-01 00:07:17.017   790   790 I InputManager: Starting input manager
01-01 00:07:17.028   790  1308 D EventHub: No input device configuration file found for device 'msm8226-tapan-snd-card Ear Jack'.
01-01 00:07:17.028   790  1308 I EventHub: New device: id=1, fd=95, path='/dev/input/event9', name='msm8226-tapan-snd-card Ear Jack', classes=0x80, configuration='', keyLayout='', keyCharacterMap='', builtinKeyboard=false, wakeMechanism=EVIOCSSUSPENDBLOCK, usingClockIoctl=true
01-01 00:07:17.028   790  1308 D EventHub: No input device configuration file found for device 'sec_touchscreen'.
01-01 00:07:17.028   790  1308 I EventHub: New device: id=2, fd=96, path='/dev/input/event2', name='sec_touchscreen', classes=0x14, configuration='', keyLayout='', keyCharacterMap='', builtinKeyboard=false, wakeMechanism=EVIOCSSUSPENDBLOCK, usingClockIoctl=true
01-01 00:07:17.029   790  1308 D EventHub: No input device configuration file found for device 'magnetic_sensor'.
01-01 00:07:17.048   790   790 I SystemServiceManager: Starting com.android.server.BluetoothService
01-01 00:07:17.055   790   790 D BluetoothManagerService: Loading stored name and address
01-01 00:07:17.057   790   790 D BluetoothManagerService: Stored bluetooth Name=null,Address=null
01-01 00:07:17.060   790   790 D BluetoothManagerService: Bluetooth persisted state: 0
01-01 00:07:17.060   790   790 I SystemServer: ConnectivityMetricsLoggerService
01-01 00:07:17.060   790  1308 D EventHub: No input device configuration file found for device 'gyro_sensor'.
01-01 00:07:17.060   790   790 I SystemServiceManager: Starting com.android.server.connectivity.MetricsLoggerService
01-01 00:07:17.062   790   790 I SystemServer: IpConnectivityMetrics
01-01 00:07:17.063   790   790 I SystemServiceManager: Starting com.android.server.connectivity.IpConnectivityMetrics
01-01 00:07:17.066   790   790 I SystemServer: PinnerService
01-01 00:07:17.066   790   790 I SystemServiceManager: Starting com.android.server.PinnerService
01-01 00:07:17.068   790   790 I SystemServiceManager: Starting com.android.server.InputMethodManagerService$Lifecycle
01-01 00:07:17.087   790  1308 D EventHub: No input device configuration file found for device 'accelerometer_sensor'.
01-01 00:07:17.113   790  1308 D EventHub: No input device configuration file found for device 'light_sensor'.
01-01 00:07:17.133   790  1308 D EventHub: No input device configuration file found for device 'proximity_sensor'.
01-01 00:07:17.145   790   790 W System  : ClassLoader referenced unknown path: 
01-01 00:07:17.149   790   790 D ApplicationLoaders: ignored Vulkan layer search path /system/app/LatinIME/lib/arm:/system/fake-libs:/system/app/LatinIME/LatinIME.apk!/lib/armeabi-v7a:/system/lib:/vendor/lib for namespace 0xb325d110
01-01 00:07:17.153   790  1308 D EventHub: No input device configuration file found for device 'qpnp_pon'.
01-01 00:07:17.165   790  1308 W EventHub: Unable to disable kernel key repeat for /dev/input/event0: Function not implemented
01-01 00:07:17.165   790  1308 I EventHub: New device: id=8, fd=98, path='/dev/input/event0', name='qpnp_pon', classes=0x1, configuration='', keyLayout='/system/usr/keylayout/Generic.kl', keyCharacterMap='/system/usr/keychars/Generic.kcm', builtinKeyboard=false, wakeMechanism=EVIOCSSUSPENDBLOCK, usingClockIoctl=true
01-01 00:07:17.165   790  1308 E EventHub: could not get driver version for /dev/input/mice, Not a typewriter
01-01 00:07:17.194   790  1308 D EventHub: No input device configuration file found for device 'gpio-keys'.
01-01 00:07:17.199   790  1308 W EventHub: Unable to disable kernel key repeat for /dev/input/event8: Function not implemented
01-01 00:07:17.199   790  1308 I EventHub: New device: id=9, fd=99, path='/dev/input/event8', name='gpio-keys', classes=0x81, configuration='', keyLayout='/system/usr/keylayout/gpio-keys.kl', keyCharacterMap='/system/usr/keychars/Generic.kcm', builtinKeyboard=false, wakeMechanism=EVIOCSSUSPENDBLOCK, usingClockIoctl=true
01-01 00:07:17.199   790  1308 D EventHub: No input device configuration file found for device 'sec_touchkey'.
01-01 00:07:17.204   790  1308 W EventHub: Unable to disable kernel key repeat for /dev/input/event1: Function not implemented
01-01 00:07:17.204   790  1308 I EventHub: New device: id=10, fd=100, path='/dev/input/event1', name='sec_touchkey', classes=0x1, configuration='', keyLayout='/system/usr/keylayout/sec_touchkey.kl', keyCharacterMap='/system/usr/keychars/Generic.kcm', builtinKeyboard=false, wakeMechanism=EVIOCSSUSPENDBLOCK, usingClockIoctl=true
01-01 00:07:17.213   790  1308 I InputReader: Device added: id=-1, name='Virtual', sources=0x00000301
01-01 00:07:17.214   790  1308 I InputReader: Device added: id=10, name='sec_touchkey', sources=0x00000101
01-01 00:07:17.214   790  1308 I InputReader: Device added: id=9, name='gpio-keys', sources=0x80000101
01-01 00:07:17.214   790  1308 I InputReader: Device added: id=8, name='qpnp_pon', sources=0x00000101
01-01 00:07:17.215   790  1308 I InputReader:   Touch device 'sec_touchscreen' could not query the properties of its associated display.  The device will be inoperable until the display size becomes available.
01-01 00:07:17.215   790  1308 I InputReader: Device added: id=2, name='sec_touchscreen', sources=0x00001002
01-01 00:07:17.215   790  1308 I InputReader: Device added: id=1, name='msm8226-tapan-snd-card Ear Jack', sources=0x80000000
01-01 00:07:17.770   790   790 W InputMethodManagerService: No IME selected. Choose the most applicable IME.
01-01 00:07:17.799   790   790 I InputMethodManagerService: Default found, using com.android.inputmethod.latin/.LatinIME
01-01 00:07:17.802   790   790 I SystemServer: StartAccessibilityManagerService
01-01 00:07:17.835   790   790 I ActivityManager: Config changes=1df8 {1.0 ?mcc?mnc [en_US] ldltr sw360dp w360dp h640dp 320dpi nrml long port ?uimode ?night -touch -keyb/h/h -nav/h s.2}
01-01 00:07:17.846   790   864 I UsageStatsDatabase: Upgrading from version 0 to 3
01-01 00:07:17.846   790   864 I UsageStatsDatabase: Deleting all usage stats files
01-01 00:07:17.860   790   872 I ActivityManager: Config changes=400 {1.0 ?mcc?mnc [en_US] ldltr sw360dp w360dp h616dp 320dpi nrml long port ?uimode ?night -touch -keyb/h/h -nav/h s.3}
01-01 00:07:17.861   790   864 I UsageStatsService: User[0] Rollover scheduled @ 2014-01-02 00:07:17(1388621237836)
01-01 00:07:17.863   790   864 D UsageStatsService: Initializing defaults for system apps on user 0
01-01 00:07:17.961   790   864 E AppIdleHistory: Unable to read app idle file for user 0
01-01 00:07:17.965   790   790 I ActivityManager: Config changes=8 {1.0 ?mcc?mnc [en_US] ldltr sw360dp w360dp h616dp 320dpi nrml long port ?uimode ?night finger -keyb/h/h -nav/h s.4}
01-01 00:07:17.996   790  1308 I InputReader: Reconfiguring input devices.  changes=0x00000004
01-01 00:07:17.997   790  1308 I InputReader: Device reconfigured: id=2, name='sec_touchscreen', size 720x1280, orientation 0, mode 1, display id 0
01-01 00:07:17.996   790   790 I SystemServiceManager: Starting com.android.server.MountService$Lifecycle
01-01 00:07:18.025   790  1309 D MountService: Thinking about init, mSystemReady=false, mDaemonConnected=true
01-01 00:07:18.026   790  1309 D MountService: Thinking about reset, mSystemReady=false, mDaemonConnected=true
01-01 00:07:18.027   790   790 I SystemServiceManager: Starting com.android.server.UiModeManagerService
01-01 00:07:18.028   790  1309 D MountService: Thinking about init, mSystemReady=false, mDaemonConnected=true
01-01 00:07:18.028   790  1309 D MountService: Thinking about reset, mSystemReady=false, mDaemonConnected=true
01-01 00:07:18.029   790  1309 D CryptdConnector: SND -> {1 cryptfs getfield SystemLocale}
01-01 00:07:18.033   790   790 I ActivityManager: Config changes=200 {1.0 ?mcc?mnc [en_US] ldltr sw360dp w360dp h616dp 320dpi nrml long port finger -keyb/h/h -nav/h s.5}
01-01 00:07:18.037   790  1311 D CryptdConnector: RCV <- {200 1 -1}
01-01 00:07:18.054   790  1309 W MountService: No primary storage mounted!
01-01 00:07:18.054   790  1309 D VoldConnector: SND -> {1 asec list}
01-01 00:07:18.061   790  1310 D VoldConnector: RCV <- {200 1 asec operation succeeded}
01-01 00:07:18.067   790  1309 I PackageManager: No secure containers found
01-01 00:07:18.193   790  1309 W PackageManager: Unknown permission com.google.android.googleapps.permission.GOOGLE_AUTH in package com.android.providers.calendar
01-01 00:07:18.193   790  1309 W PackageManager: Unknown permission com.google.android.googleapps.permission.GOOGLE_AUTH.cl in package com.android.providers.calendar
01-01 00:07:18.211   790  1309 W PackageManager: Unknown permission cyanogenmod.permission.LEGALESE in package com.cyanogenmod.setupwizard
01-01 00:07:18.216   790  1309 W PackageManager: Unknown permission android.permission.MMS_PUSH in package org.codeaurora.bluetooth
01-01 00:07:18.230   790  1309 W PackageManager: Unknown permission com.google.android.googleapps.permission.GOOGLE_AUTH.mail in package com.android.calendar
01-01 00:07:18.233   790  1309 W PackageManager: Unknown permission com.google.android.c2dm.permission.RECEIVE in package com.android.webview
01-01 00:07:18.236   790  1309 W PackageManager: Unknown permission com.android.launcher.permission.READ_SETTINGS in package com.android.onetimeinitializer
01-01 00:07:18.237   790  1309 W PackageManager: Unknown permission com.android.launcher.permission.WRITE_SETTINGS in package com.android.onetimeinitializer
01-01 00:07:18.252   790  1309 W PackageManager: Unknown permission com.android.launcher.permission.READ_SETTINGS in package com.cyanogenmod.trebuchet
01-01 00:07:18.253   790  1309 W PackageManager: Unknown permission com.android.launcher.permission.WRITE_SETTINGS in package com.cyanogenmod.trebuchet
01-01 00:07:18.257   790  1309 W PackageManager: Unknown permission com.google.android.permission.INSTALL_WEARABLE_PACKAGES in package com.android.packageinstaller
01-01 00:07:18.258   790  1309 W PackageManager: Not granting permission android.permission.DELETE_PACKAGES to package com.svox.pico (protectionLevel=18 flags=0x3888be45)
01-01 00:07:18.268   790  1309 W PackageManager: Unknown permission com.google.android.gallery3d.permission.PICASA_STORE in package com.android.dreams.phototable
01-01 00:07:18.274   790  1309 W PackageManager: Unknown permission com.google.android.googleapps.permission.GOOGLE_AUTH in package com.android.settings
01-01 00:07:18.279   790  1309 W PackageManager: Unknown permission com.android.launcher.permission.READ_SETTINGS in package com.android.settings
01-01 00:07:18.279   790  1309 W PackageManager: Unknown permission com.android.launcher.permission.WRITE_SETTINGS in package com.android.settings
01-01 00:07:18.295   790  1309 W PackageManager: Not granting permission android.permission.REBOOT to package eu.chainfire.supersu (protectionLevel=18 flags=0x38083e04)
01-01 00:07:18.329   790  1309 W PackageManager: Not granting permission android.permission.MANAGE_DOCUMENTS to package com.android.deskclock (protectionLevel=2 flags=0x3cc9be45)
01-01 00:07:18.329   790  1309 W PackageManager: Unknown permission com.android.deskclock.worldclock.permissions.WRITE_DATABASE in package com.android.deskclock
01-01 00:07:18.330   790  1309 W PackageManager: Unknown permission org.codeaurora.permission.POWER_ON_ALERT in package com.android.deskclock
01-01 00:07:18.330   790  1309 W PackageManager: Not granting permission android.permission.WRITE_SECURE_SETTINGS to package com.android.deskclock (protectionLevel=50 flags=0x3cc9be45)
01-01 00:07:18.351   790  1309 W PackageManager: Unknown permission com.cyanogenmod.lockclock.permission.READ_WEATHER in package com.android.systemui
01-01 00:07:18.362   790  1309 W PackageManager: Unknown permission com.google.android.gallery3d.permission.GALLERY_PROVIDER in package com.android.bluetooth
01-01 00:07:18.370   790  1309 W PackageManager: Unknown permission com.google.android.googleapps.permission.ACCESS_GOOGLE_PASSWORD in package com.android.development
01-01 00:07:18.370   790  1309 W PackageManager: Unknown permission com.google.android.googleapps.permission.GOOGLE_AUTH in package com.android.development
01-01 00:07:18.370   790  1309 W PackageManager: Unknown permission com.google.android.googleapps.permission.GOOGLE_AUTH.ALL_SERVICES in package com.android.development
01-01 00:07:18.370   790  1309 W PackageManager: Unknown permission com.google.android.googleapps.permission.GOOGLE_AUTH.YouTubeUser in package com.android.development
01-01 00:07:19.890   790   790 W art     : Long monitor contention with owner MountService (1309) at void com.android.server.pm.PackageManagerService.loadMediaPackages(android.util.ArrayMap, int[], boolean)(PackageManagerService.java:19557) waiters=0 in int com.android.server.pm.PackageManagerService.performDexOptInternal(java.lang.String, boolean, java.lang.String, boolean) for 1.707s
01-01 00:07:19.890   790  1309 W MountService: No primary storage defined yet; hacking together a stub
01-01 00:07:19.894   790  1309 W MountService: No primary storage defined yet; hacking together a stub
01-01 00:07:19.897   790  1309 W MountService: No primary storage mounted!
01-01 00:07:19.897   790  1309 D VoldConnector: SND -> {2 asec list}
01-01 00:07:19.903   790  1310 D VoldConnector: RCV <- {200 2 asec operation succeeded}
01-01 00:07:19.936   790   790 I PackageManager.DexOptimizer: Running dexopt (dex2oat) on: /system/priv-app/FMRadio/FMRadio.apk pkg=com.android.fmradio isa=arm vmSafeMode=false debuggable=false target-filter=verify-at-runtime oatDir = null sharedLibraries=null
01-01 00:07:19.996  1312  1312 I dex2oat : /system/bin/dex2oat --compiler-filter=verify-at-runtime
01-01 00:07:19.996  1312  1312 E cutils-trace: Error opening trace file: No such file or directory (2)
01-01 00:07:20.089  1312  1312 I dex2oat : dex2oat took 94.410ms (threads: 4) arena alloc=0B (0B) java alloc=27KB (28240B) native alloc=199KB (204200B) free=824KB (844376B)
01-01 00:07:20.103   790   790 I PackageManager.DexOptimizer: Running dexopt (dex2oat) on: /system/priv-app/Snap/Snap.apk pkg=org.cyanogenmod.snap isa=arm vmSafeMode=false debuggable=false target-filter=verify-at-runtime oatDir = null sharedLibraries=null
01-01 00:07:20.167  1317  1317 I dex2oat : /system/bin/dex2oat --compiler-filter=verify-at-runtime
01-01 00:07:20.167  1317  1317 E cutils-trace: Error opening trace file: No such file or directory (2)
01-01 00:07:20.922  1317  1317 I dex2oat : dex2oat took 756.583ms (threads: 4) arena alloc=0B (0B) java alloc=27KB (28240B) native alloc=391KB (400760B) free=1144KB (1172104B)
01-01 00:07:20.928   790   790 I PackageManager.DexOptimizer: Running dexopt (dex2oat) on: /system/priv-app/CalendarProvider/CalendarProvider.apk pkg=com.android.providers.calendar isa=arm vmSafeMode=false debuggable=false target-filter=verify-at-runtime oatDir = null sharedLibraries=/system/framework/android.test.runner.jar
01-01 00:07:20.988  1322  1322 I dex2oat : /system/bin/dex2oat --compiler-filter=verify-at-runtime
01-01 00:07:20.989  1322  1322 E cutils-trace: Error opening trace file: No such file or directory (2)
01-01 00:07:21.141  1322  1322 I dex2oat : dex2oat took 154.306ms (threads: 4) arena alloc=0B (0B) java alloc=35KB (36168B) native alloc=200KB (205032B) free=1335KB (1367832B)
01-01 00:07:21.148   790   790 I PackageManager.DexOptimizer: Running dexopt (dex2oat) on: /system/priv-app/MediaProvider/MediaProvider.apk pkg=com.android.providers.media isa=arm vmSafeMode=false debuggable=false target-filter=verify-at-runtime oatDir = null sharedLibraries=null
01-01 00:07:21.208  1327  1327 I dex2oat : /system/bin/dex2oat --compiler-filter=verify-at-runtime
01-01 00:07:21.208  1327  1327 E cutils-trace: Error opening trace file: No such file or directory (2)
01-01 00:07:21.232  1330  1330 F libc    : CANNOT LINK EXECUTABLE "/system/bin/rmt_storage": cannot locate symbol "ioprio_set" referenced by "/system/bin/rmt_storage"...
01-01 00:07:21.232  1330  1330 F libc    : Fatal signal 6 (SIGABRT), code -6 in tid 1330 (rmt_storage)
01-01 00:07:21.232   210   210 W         : debuggerd: handling request: pid=1330 uid=0 gid=0 tid=1330
01-01 00:07:21.239  1331  1331 E         : debuggerd: Unable to connect to activity manager (connect failed: No such file or directory)
01-01 00:07:21.240  1330  1330 F libc    : failed to resend signal during crash: Operation not permitted
01-01 00:07:21.241  1331  1331 E DEBUG   : unexpected waitpid response: n=1330, status=00000000
01-01 00:07:21.241  1331  1331 E         : debuggerd: timed out waiting for signal
01-01 00:07:21.241  1331  1331 E         : debuggerd: ptrace detach from 1330 failed: No such process
01-01 00:07:21.244  1331  1331 E         : debuggerd: failed to kill process 1330: No such process
01-01 00:07:21.245   210   210 W         : debuggerd: resuming target 1330
01-01 00:07:21.245   210   210 E         : debuggerd: failed to send signal 18 to target: No such process
01-01 00:07:21.310  1327  1327 I dex2oat : dex2oat took 103.530ms (threads: 4) arena alloc=0B (0B) java alloc=31KB (32216B) native alloc=199KB (204312B) free=824KB (844264B)
01-01 00:07:21.316   790   790 I PackageManager.DexOptimizer: Running dexopt (dex2oat) on: /system/priv-app/WallpaperCropper/WallpaperCropper.apk pkg=com.android.wallpapercropper isa=arm vmSafeMode=false debuggable=false target-filter=verify-at-runtime oatDir = null sharedLibraries=null
01-01 00:07:21.377  1335  1335 I dex2oat : /system/bin/dex2oat --compiler-filter=verify-at-runtime
01-01 00:07:21.377  1335  1335 E cutils-trace: Error opening trace file: No such file or directory (2)
01-01 00:07:21.462  1335  1335 I dex2oat : dex2oat took 86.652ms (threads: 4) arena alloc=0B (0B) java alloc=31KB (32216B) native alloc=199KB (204184B) free=824KB (844392B)
01-01 00:07:21.468   790   790 I PackageManager.DexOptimizer: Running dexopt (dex2oat) on: /system/priv-app/DocumentsUI/DocumentsUI.apk pkg=com.android.documentsui isa=arm vmSafeMode=false debuggable=false target-filter=verify-at-runtime oatDir = null sharedLibraries=null
01-01 00:07:21.528  1340  1340 I dex2oat : /system/bin/dex2oat --compiler-filter=verify-at-runtime
01-01 00:07:21.528  1340  1340 E cutils-trace: Error opening trace file: No such file or directory (2)
01-01 00:07:21.831  1340  1340 I dex2oat : dex2oat took 303.888ms (threads: 4) arena alloc=0B (0B) java alloc=27KB (28240B) native alloc=199KB (204200B) free=1848KB (1892952B)
01-01 00:07:21.837   790   790 I PackageManager.DexOptimizer: Running dexopt (dex2oat) on: /system/priv-app/ExternalStorageProvider/ExternalStorageProvider.apk pkg=com.android.externalstorage isa=arm vmSafeMode=false debuggable=false target-filter=verify-at-runtime oatDir = null sharedLibraries=null
01-01 00:07:21.892  1345  1345 I dex2oat : /system/bin/dex2oat --compiler-filter=verify-at-runtime
01-01 00:07:21.892  1345  1345 E cutils-trace: Error opening trace file: No such file or directory (2)
01-01 00:07:21.960  1345  1345 I dex2oat : dex2oat took 69.559ms (threads: 4) arena alloc=0B (0B) java alloc=27KB (28240B) native alloc=199KB (204472B) free=824KB (844104B)
01-01 00:07:21.967   790   790 I PackageManager.DexOptimizer: Running dexopt (dex2oat) on: /system/app/HTMLViewer/HTMLViewer.apk pkg=com.android.htmlviewer isa=arm vmSafeMode=false debuggable=false target-filter=verify-at-runtime oatDir = null sharedLibraries=null
01-01 00:07:22.022  1350  1350 I dex2oat : /system/bin/dex2oat --compiler-filter=verify-at-runtime
01-01 00:07:22.022  1350  1350 E cutils-trace: Error opening trace file: No such file or directory (2)
01-01 00:07:22.087  1350  1350 I dex2oat : dex2oat took 66.472ms (threads: 4) arena alloc=0B (0B) java alloc=27KB (28240B) native alloc=199KB (204200B) free=824KB (844376B)
01-01 00:07:22.094   790   790 I PackageManager.DexOptimizer: Running dexopt (dex2oat) on: /system/priv-app/DownloadProvider/DownloadProvider.apk pkg=com.android.providers.downloads isa=arm vmSafeMode=false debuggable=false target-filter=verify-at-runtime oatDir = null sharedLibraries=null
01-01 00:07:22.151  1355  1355 I dex2oat : /system/bin/dex2oat --compiler-filter=verify-at-runtime
01-01 00:07:22.151  1355  1355 E cutils-trace: Error opening trace file: No such file or directory (2)
01-01 00:07:22.287  1355  1355 I dex2oat : dex2oat took 137.355ms (threads: 4) arena alloc=0B (0B) java alloc=31KB (32216B) native alloc=199KB (204184B) free=1336KB (1368680B)
01-01 00:07:22.294   790   790 I PackageManager.DexOptimizer: Running dexopt (dex2oat) on: /system/app/messaging/messaging.apk pkg=com.android.messaging isa=arm vmSafeMode=false debuggable=false target-filter=verify-at-runtime oatDir = null sharedLibraries=null
01-01 00:07:22.352  1360  1360 I dex2oat : /system/bin/dex2oat --compiler-filter=verify-at-runtime
01-01 00:07:22.352  1360  1360 E cutils-trace: Error opening trace file: No such file or directory (2)
01-01 00:07:23.184  1360  1360 I dex2oat : dex2oat took 833.607ms (threads: 4) arena alloc=0B (0B) java alloc=27KB (28240B) native alloc=519KB (531880B) free=1016KB (1040984B)
01-01 00:07:23.191   790   790 I PackageManager.DexOptimizer: Running dexopt (dex2oat) on: /system/app/Terminal/Terminal.apk pkg=com.android.terminal isa=arm vmSafeMode=false debuggable=false target-filter=verify-at-runtime oatDir = null sharedLibraries=null
01-01 00:07:23.254  1365  1365 I dex2oat : /system/bin/dex2oat --compiler-filter=verify-at-runtime
01-01 00:07:23.254  1365  1365 E cutils-trace: Error opening trace file: No such file or directory (2)
01-01 00:07:23.553  1365  1365 I dex2oat : dex2oat took 299.934ms (threads: 4) arena alloc=0B (0B) java alloc=27KB (28240B) native alloc=199KB (204200B) free=1848KB (1892952B)
01-01 00:07:23.559   790   790 I PackageManager.DexOptimizer: Running dexopt (dex2oat) on: /system/priv-app/AudioFX/AudioFX.apk pkg=org.cyanogenmod.audiofx isa=arm vmSafeMode=false debuggable=false target-filter=verify-at-runtime oatDir = null sharedLibraries=null
01-01 00:07:23.613  1370  1370 I dex2oat : /system/bin/dex2oat --compiler-filter=verify-at-runtime
01-01 00:07:23.614  1370  1370 E cutils-trace: Error opening trace file: No such file or directory (2)
01-01 00:07:23.984  1370  1370 I dex2oat : dex2oat took 372.087ms (threads: 4) arena alloc=0B (0B) java alloc=27KB (28240B) native alloc=263KB (269736B) free=1784KB (1827416B)
01-01 00:07:23.993   790   790 I PackageManager.DexOptimizer: Running dexopt (dex2oat) on: /system/priv-app/LineageSetupWizard/LineageSetupWizard.apk pkg=com.cyanogenmod.setupwizard isa=arm vmSafeMode=false debuggable=false target-filter=verify-at-runtime oatDir = null sharedLibraries=null
01-01 00:07:24.048  1375  1375 I dex2oat : /system/bin/dex2oat --compiler-filter=verify-at-runtime
01-01 00:07:24.048  1375  1375 E cutils-trace: Error opening trace file: No such file or directory (2)
01-01 00:07:24.165  1375  1375 I dex2oat : dex2oat took 118.124ms (threads: 4) arena alloc=0B (0B) java alloc=31KB (32208B) native alloc=199KB (204440B) free=824KB (844136B)
01-01 00:07:24.171   790   790 I PackageManager.DexOptimizer: Running dexopt (dex2oat) on: /system/app/DownloadProviderUi/DownloadProviderUi.apk pkg=com.android.providers.downloads.ui isa=arm vmSafeMode=false debuggable=false target-filter=verify-at-runtime oatDir = null sharedLibraries=null
01-01 00:07:24.230  1380  1380 I dex2oat : /system/bin/dex2oat --compiler-filter=verify-at-runtime
01-01 00:07:24.230  1380  1380 E cutils-trace: Error opening trace file: No such file or directory (2)
01-01 00:07:24.288  1380  1380 I dex2oat : dex2oat took 60.411ms (threads: 4) arena alloc=0B (0B) java alloc=31KB (32208B) native alloc=199KB (204440B) free=824KB (844136B)
01-01 00:07:24.295   790   790 I PackageManager.DexOptimizer: Running dexopt (dex2oat) on: /system/app/PacProcessor/PacProcessor.apk pkg=com.android.pacprocessor isa=arm vmSafeMode=false debuggable=false target-filter=verify-at-runtime oatDir = null sharedLibraries=null
01-01 00:07:24.348  1385  1385 I dex2oat : /system/bin/dex2oat --compiler-filter=verify-at-runtime
01-01 00:07:24.348  1385  1385 E cutils-trace: Error opening trace file: No such file or directory (2)
01-01 00:07:24.404  1385  1385 I dex2oat : dex2oat took 56.286ms (threads: 4) arena alloc=0B (0B) java alloc=27KB (28240B) native alloc=199KB (204216B) free=824KB (844360B)
01-01 00:07:24.409   790   790 I PackageManager.DexOptimizer: Running dexopt (dex2oat) on: /system/app/CertInstaller/CertInstaller.apk pkg=com.android.certinstaller isa=arm vmSafeMode=false debuggable=false target-filter=verify-at-runtime oatDir = null sharedLibraries=null
01-01 00:07:24.462  1390  1390 I dex2oat : /system/bin/dex2oat --compiler-filter=verify-at-runtime
01-01 00:07:24.462  1390  1390 E cutils-trace: Error opening trace file: No such file or directory (2)
01-01 00:07:24.528  1390  1390 I dex2oat : dex2oat took 67.770ms (threads: 4) arena alloc=0B (0B) java alloc=31KB (32216B) native alloc=199KB (204216B) free=824KB (844360B)
01-01 00:07:24.535   790   790 I PackageManager.DexOptimizer: Running dexopt (dex2oat) on: /system/priv-app/CarrierConfig/CarrierConfig.apk pkg=com.android.carrierconfig isa=arm vmSafeMode=false debuggable=false target-filter=verify-at-runtime oatDir = null sharedLibraries=null
01-01 00:07:24.594  1395  1395 I dex2oat : /system/bin/dex2oat --compiler-filter=verify-at-runtime
01-01 00:07:24.594  1395  1395 E cutils-trace: Error opening trace file: No such file or directory (2)
01-01 00:07:24.656  1395  1395 I dex2oat : dex2oat took 63.282ms (threads: 4) arena alloc=0B (0B) java alloc=31KB (32216B) native alloc=199KB (204312B) free=824KB (844264B)
01-01 00:07:24.661   790   790 I PackageManager.DexOptimizer: Running dexopt (dex2oat) on: /system/app/BluetoothExt/BluetoothExt.apk pkg=org.codeaurora.bluetooth isa=arm vmSafeMode=false debuggable=false target-filter=verify-at-runtime oatDir = null sharedLibraries=/system/framework/javax.obex.jar
01-01 00:07:24.721  1400  1400 I dex2oat : /system/bin/dex2oat --compiler-filter=verify-at-runtime
01-01 00:07:24.721  1400  1400 E cutils-trace: Error opening trace file: No such file or directory (2)
01-01 00:07:24.819  1400  1400 I dex2oat : dex2oat took 99.398ms (threads: 4) arena alloc=0B (0B) java alloc=31KB (32240B) native alloc=199KB (204728B) free=824KB (843848B)
01-01 00:07:24.826   790   790 I PackageManager.DexOptimizer: Running dexopt (dex2oat) on: /system/priv-app/Contacts/Contacts.apk pkg=com.android.contacts isa=arm vmSafeMode=false debuggable=false target-filter=verify-at-runtime oatDir = null sharedLibraries=null
01-01 00:07:24.886  1405  1405 I dex2oat : /system/bin/dex2oat --compiler-filter=verify-at-runtime
01-01 00:07:24.886  1405  1405 E cutils-trace: Error opening trace file: No such file or directory (2)
01-01 00:07:25.272  1405  1405 I dex2oat : dex2oat took 388.238ms (threads: 4) arena alloc=0B (0B) java alloc=27KB (28240B) native alloc=295KB (302504B) free=1752KB (1794648B)
01-01 00:07:25.281   790   790 I PackageManager.DexOptimizer: Running dexopt (dex2oat) on: /system/priv-app/Recorder/Recorder.apk pkg=org.lineageos.recorder isa=arm vmSafeMode=false debuggable=false target-filter=verify-at-runtime oatDir = null sharedLibraries=null
01-01 00:07:25.343  1410  1410 I dex2oat : /system/bin/dex2oat --compiler-filter=verify-at-runtime
01-01 00:07:25.343  1410  1410 E cutils-trace: Error opening trace file: No such file or directory (2)
01-01 00:07:25.595  1410  1410 I dex2oat : dex2oat took 254.514ms (threads: 4) arena alloc=0B (0B) java alloc=27KB (28240B) native alloc=199KB (204200B) free=1848KB (1892952B)
01-01 00:07:25.600   790   790 I PackageManager.DexOptimizer: Running dexopt (dex2oat) on: /system/app/EasterEgg/EasterEgg.apk pkg=com.android.egg isa=arm vmSafeMode=false debuggable=false target-filter=verify-at-runtime oatDir = null sharedLibraries=null
01-01 00:07:25.660  1415  1415 I dex2oat : /system/bin/dex2oat --compiler-filter=verify-at-runtime
01-01 00:07:25.660  1415  1415 E cutils-trace: Error opening trace file: No such file or directory (2)
01-01 00:07:25.771  1415  1415 I dex2oat : dex2oat took 112.252ms (threads: 4) arena alloc=0B (0B) java alloc=27KB (28240B) native alloc=199KB (204200B) free=824KB (844376B)
01-01 00:07:25.779   790   790 I PackageManager.DexOptimizer: Running dexopt (dex2oat) on: /system/priv-app/MtpDocumentsProvider/MtpDocumentsProvider.apk pkg=com.android.mtp isa=arm vmSafeMode=false debuggable=false target-filter=verify-at-runtime oatDir = null sharedLibraries=null
01-01 00:07:25.836  1420  1420 I dex2oat : /system/bin/dex2oat --compiler-filter=verify-at-runtime
01-01 00:07:25.836  1420  1420 E cutils-trace: Error opening trace file: No such file or directory (2)
01-01 00:07:25.906  1420  1420 I dex2oat : dex2oat took 71.066ms (threads: 4) arena alloc=0B (0B) java alloc=31KB (32208B) native alloc=199KB (204472B) free=824KB (844104B)
01-01 00:07:25.913   790   790 I PackageManager.DexOptimizer: Running dexopt (dex2oat) on: /system/app/Stk/Stk.apk pkg=com.android.stk isa=arm vmSafeMode=false debuggable=false target-filter=verify-at-runtime oatDir = null sharedLibraries=null
01-01 00:07:25.967  1425  1425 I dex2oat : /system/bin/dex2oat --compiler-filter=verify-at-runtime
01-01 00:07:25.967  1425  1425 E cutils-trace: Error opening trace file: No such file or directory (2)
01-01 00:07:26.036  1425  1425 I dex2oat : dex2oat took 70.185ms (threads: 4) arena alloc=0B (0B) java alloc=27KB (28240B) native alloc=199KB (204120B) free=824KB (844456B)
01-01 00:07:26.041   790   790 I PackageManager.DexOptimizer: Running dexopt (dex2oat) on: /system/priv-app/BackupRestoreConfirmation/BackupRestoreConfirmation.apk pkg=com.android.backupconfirm isa=arm vmSafeMode=false debuggable=false target-filter=verify-at-runtime oatDir = null sharedLibraries=null
01-01 00:07:26.101  1430  1430 I dex2oat : /system/bin/dex2oat --compiler-filter=verify-at-runtime
01-01 00:07:26.101  1430  1430 E cutils-trace: Error opening trace file: No such file or directory (2)
