01-01 00:07:47.173   790   790 D ConditionProviders: Subscribing to condition://android/schedule?days=1.2.3.4.5&start=22.0&end=7.0&exitAtAlarm=false with ComponentInfo{android/com.android.server.notification.ScheduleConditionProvider}
01-01 00:07:47.177   790   790 D ZenLog  : subscribe: condition://android/schedule?days=1.2.3.4.5&start=22.0&end=7.0&exitAtAlarm=false,ok
01-01 00:07:47.179   790   790 D ConditionProviders: Subscribing to condition://android/event?userId=-10000&calendar=&reply=1 with ComponentInfo{android/com.android.server.notification.EventConditionProvider}
01-01 00:07:47.180   790   790 D ZenLog  : subscribe: condition://android/event?userId=-10000&calendar=&reply=1,ok
01-01 00:07:47.190   790   790 D ConditionProviders: Subscribing to condition://android/schedule?days=6.7&start=23.30&end=10.0&exitAtAlarm=false with ComponentInfo{android/com.android.server.notification.ScheduleConditionProvider}
01-01 00:07:47.191   790   790 D ZenLog  : subscribe: condition://android/schedule?days=6.7&start=23.30&end=10.0&exitAtAlarm=false,ok
01-01 00:07:47.196   790   872 I SingleHandAdapter: onChange..
01-01 00:07:47.196   790   872 I SingleHandAdapter: updateSingleHandMode value:  cur: 
01-01 00:07:47.201  1769  1982 I BinaryDictionaryFileDumper: reinitializeClientRecordInDictionaryContentProvider() : Insert DictionaryInfo : Id = 'main:it' : Locale=it : Version=54
01-01 00:07:47.224  2030  2030 W System  : ClassLoader referenced unknown path: /system/priv-app/TelephonyProvider/lib/arm
01-01 00:07:47.226  2030  2030 D ApplicationLoaders: ignored Vulkan layer search path /system/priv-app/TelephonyProvider/lib/arm:/system/lib:/vendor/lib for namespace 0xb6d27090
01-01 00:07:47.233  1769  1982 I BinaryDictionaryFileDumper: reinitializeClientRecordInDictionaryContentProvider() : Insert DictionaryInfo : Id = 'main:iw' : Locale=iw : Version=44
01-01 00:07:47.264  1769  1982 I BinaryDictionaryFileDumper: reinitializeClientRecordInDictionaryContentProvider() : Insert DictionaryInfo : Id = 'main:lb' : Locale=lb : Version=1
01-01 00:07:47.296  1769  1982 I BinaryDictionaryFileDumper: reinitializeClientRecordInDictionaryContentProvider() : Insert DictionaryInfo : Id = 'main:nb' : Locale=nb : Version=44
01-01 00:07:47.316  1787  1787 D StorageNotification: Notifying about private volume: VolumeInfo{private}:
01-01 00:07:47.316  1787  1787 D StorageNotification:     type=PRIVATE diskId=null partGuid=null mountFlags=0 mountUserId=-1 
01-01 00:07:47.316  1787  1787 D StorageNotification:     state=MOUNTED 
01-01 00:07:47.316  1787  1787 D StorageNotification:     fsType=null fsUuid=null fsLabel=null 
01-01 00:07:47.316  1787  1787 D StorageNotification:     path=/data internalPath=null 
01-01 00:07:47.328  1769  1982 I BinaryDictionaryFileDumper: reinitializeClientRecordInDictionaryContentProvider() : Insert DictionaryInfo : Id = 'main:nl' : Locale=nl : Version=44
01-01 00:07:47.363  2044  2044 D CryptKeeper: Disabling component ComponentInfo{com.android.settings/com.android.settings.CryptKeeper}
01-01 00:07:47.366  1769  1982 I BinaryDictionaryFileDumper: reinitializeClientRecordInDictionaryContentProvider() : Insert DictionaryInfo : Id = 'main:ru' : Locale=ru : Version=54
01-01 00:07:47.374   790   859 I WindowManager: Screen frozen for +360ms due to AppWindowToken{8bbf93f token=Token{62d8a99 ActivityRecord{13ac7e0 u0 com.android.settings/.CryptKeeper t1}}}
01-01 00:07:47.401  1769  1982 I BinaryDictionaryFileDumper: reinitializeClientRecordInDictionaryContentProvider() : Insert DictionaryInfo : Id = 'main:sv' : Locale=sv : Version=44
01-01 00:07:47.416   790   860 I ActivityManager: START u0 {act=android.intent.action.MAIN cat=[android.intent.category.HOME] flg=0x10000100 cmp=com.android.settings/.FallbackHome} from uid 0 on display 0
01-01 00:07:47.462   790   860 I ActivityManager: Start proc 2066:com.android.settings/1000 for activity com.android.settings/.FallbackHome
01-01 00:07:47.466  1769  1982 I BinaryDictionaryFileDumper: reinitializeClientRecordInDictionaryContentProvider() : Insert DictionaryInfo : Id = 'main:uk' : Locale=uk : Version=1
01-01 00:07:47.492  1769  1982 I BinaryDictionaryFileDumper: reinitializeClientRecordInDictionaryContentProvider() : Insert DictionaryInfo : Id = 'main:en_us' : Locale=en_US : Version=-1
01-01 00:07:47.503   790   800 W art     : Suspending all threads took: 5.674ms
01-01 00:07:47.535  1769  1982 W BinaryDictionaryFileDumper: Missing metadata.json resource
01-01 00:07:47.552   790   800 I art     : Background sticky concurrent mark sweep GC freed 46892(2MB) AllocSpace objects, 13(288KB) LOS objects, 27% free, 9MB/13MB, paused 7.912ms total 154.988ms
01-01 00:07:47.568   790   790 I AccountManagerService: Creating DE database for user 0
01-01 00:07:47.584  1769  1982 I LatinIME:LogUtils: Dictionary info: dictionary = main:en ; version = 54 ; date = 1414726273
01-01 00:07:47.651  1769  1982 I LatinIME:LogUtils: Dictionary info: dictionary = main:en ; version = 54 ; date = 1414726273
01-01 00:07:47.657  2066  2066 W System  : ClassLoader referenced unknown path: /system/priv-app/Settings/lib/arm
01-01 00:07:47.717  1769  1982 I LatinIME:LogUtils: Dictionary info: dictionary = main:en ; version = 54 ; date = 1414726273
01-01 00:07:47.776  1769  1982 I LatinIME:LogUtils: Dictionary info: dictionary = main:en ; version = 54 ; date = 1414726273
01-01 00:07:47.823  1769  1982 I LatinIME:LogUtils: Dictionary info: dictionary = main:en ; version = 54 ; date = 1414726273
01-01 00:07:47.863  1769  1982 I LatinIME:LogUtils: Dictionary info: dictionary = main:en ; version = 54 ; date = 1414726273
01-01 00:07:47.933  1769  1982 I LatinIME:LogUtils: Dictionary info: dictionary = main:en ; version = 54 ; date = 1414726273
01-01 00:07:47.952  2066  2087 I Adreno-EGL: <qeglDrvAPI_eglInitialize:379>: QUALCOMM Build: 10/09/15, 6cbbf7d, I3193f6e94a
01-01 00:07:47.957  2066  2087 I OpenGLRenderer: Initialized EGL, version 1.4
01-01 00:07:47.957  2066  2087 D OpenGLRenderer: Swap behavior 1
01-01 00:07:48.014  1787  1787 I Choreographer: Skipped 48 frames!  The application may be doing too much work on its main thread.
01-01 00:07:48.027  1769  1982 I LatinIME:LogUtils: Dictionary info: dictionary = main:en ; version = 54 ; date = 1414726273
01-01 00:07:48.049   790   872 I ActivityManager: Displayed com.android.settings/.FallbackHome: +616ms (total +1s208ms)
01-01 00:07:48.051   790   865 V KeyguardServiceDelegate: *** Keyguard started
01-01 00:07:48.052   790   866 V KeyguardServiceDelegate: *** Keyguard connected (yay!)
01-01 00:07:48.060   790   872 I WindowManager: Screen frozen for +476ms due to AppWindowToken{42c66df token=Token{7c89739 ActivityRecord{79da300 u0 com.android.settings/.FallbackHome t2}}}
01-01 00:07:48.082   790   865 V KeyguardServiceDelegate: onStartedWakingUp()
01-01 00:07:48.083   790   865 V KeyguardServiceDelegate: onScreenTurnedOn(showListener = com.android.server.policy.PhoneWindowManager$2@8ae4fc0)
01-01 00:07:48.083   790   865 V KeyguardServiceDelegate: onScreenTurnedOn()
01-01 00:07:48.121  1769  1982 I LatinIME:LogUtils: Dictionary info: dictionary = main:en ; version = 54 ; date = 1414726273
01-01 00:07:48.139  1787  1793 I art     : Do full code cache collection, code=126KB, data=105KB
01-01 00:07:48.140  1787  1793 I art     : Starting a blocking GC JitCodeCache
01-01 00:07:48.140  1787  1793 I art     : After code cache collection, code=121KB, data=86KB
01-01 00:07:48.161   790  1761 I StatusBarManagerService: registerStatusBar bar=com.android.internal.statusbar.IStatusBar$Stub$Proxy@d04a4f9
01-01 00:07:48.166  1769  1982 I LatinIME:LogUtils: Dictionary info: dictionary = main:en ; version = 54 ; date = 1414726273
01-01 00:07:48.200  2030  2036 I art     : Do partial code cache collection, code=31KB, data=26KB
01-01 00:07:48.202  2030  2036 I art     : After code cache collection, code=31KB, data=26KB
01-01 00:07:48.202  2030  2036 I art     : Increasing code cache capacity to 128KB
01-01 00:07:48.204  1769  1982 I LatinIME:LogUtils: Dictionary info: dictionary = main:en ; version = 54 ; date = 1414726273
01-01 00:07:48.236  1769  1982 I LatinIME:LogUtils: Dictionary info: dictionary = main:en ; version = 54 ; date = 1414726273
01-01 00:07:48.276  1769  1982 I LatinIME:LogUtils: Dictionary info: dictionary = main:en ; version = 54 ; date = 1414726273
01-01 00:07:48.314  1769  1982 I LatinIME:LogUtils: Dictionary info: dictionary = main:en ; version = 54 ; date = 1414726273
01-01 00:07:48.345  1769  1982 I LatinIME:LogUtils: Dictionary info: dictionary = main:en ; version = 54 ; date = 1414726273
01-01 00:07:48.376  1769  1982 I LatinIME:LogUtils: Dictionary info: dictionary = main:en ; version = 54 ; date = 1414726273
01-01 00:07:48.405  1769  1982 I LatinIME:LogUtils: Dictionary info: dictionary = main:en ; version = 54 ; date = 1414726273
01-01 00:07:48.447  1769  1982 I LatinIME:LogUtils: Dictionary info: dictionary = main:en ; version = 54 ; date = 1414726273
01-01 00:07:48.480  1787  1793 I art     : Do partial code cache collection, code=124KB, data=96KB
01-01 00:07:48.480  1787  1793 I art     : After code cache collection, code=123KB, data=95KB
01-01 00:07:48.480  1787  1793 I art     : Increasing code cache capacity to 512KB
01-01 00:07:48.483  1769  1982 I LatinIME:LogUtils: Dictionary info: dictionary = main:en ; version = 54 ; date = 1414726273
01-01 00:07:48.522  1769  1982 I LatinIME:LogUtils: Dictionary info: dictionary = main:en ; version = 54 ; date = 1414726273
01-01 00:07:48.577  1769  1982 I LatinIME:LogUtils: Dictionary info: dictionary = main:en ; version = 54 ; date = 1414726273
01-01 00:07:48.891  2030  2030 D TelephonyProvider: dbh.onCreate:+ db=SQLiteDatabase: /data/user_de/0/com.android.providers.telephony/databases/telephony.db
01-01 00:07:48.891  2030  2030 D TelephonyProvider: dbh.createSimInfoTable:+
01-01 00:07:48.899  2030  2030 D TelephonyProvider: dbh.createSimInfoTable:-
01-01 00:07:48.899  2030  2030 D TelephonyProvider: dbh.createCarriersTable: carriers
01-01 00:07:48.903  2030  2030 D TelephonyProvider: dbh.createCarriersTable:-
01-01 00:07:48.906  2030  2030 D TelephonyProvider: No APNs in OEM image = /oem/telephony/apns-conf.xml Load APNs from system image
01-01 00:07:48.906  2030  2030 D TelephonyProvider: No APNs in OEM image = /data/misc/apns-conf.xml Load APNs from system image
01-01 00:07:48.906  2030  2030 D TelephonyProvider: confFile = /system/etc/apns-conf.xml
01-01 00:07:48.969   790   790 W System  : ClassLoader referenced unknown path: /system/priv-app/Telecom/lib/arm
01-01 00:07:48.973   790   790 D ApplicationLoaders: ignored Vulkan layer search path /system/priv-app/Telecom/lib/arm:/system/priv-app/Telecom/Telecom.apk!/lib/armeabi-v7a:/system/lib:/vendor/lib for namespace 0xb325d150
01-01 00:07:48.991  2030  2030 E TelephonyProvider: dbh.selectConflictingRow: Expected 1 but found 0 matching rows found for cv password=pass mnc=05 sub_id=-1 bearer_bitmask=0 numeric=20205 name=Vf Internet Corporate mcc=202 apn=internet type=default,supl user=user
01-01 00:07:49.032  2030  2030 E TelephonyProvider: dbh.selectConflictingRow: Expected 1 but found 0 matching rows found for cv mvno_match_data=BAE0000000000000 modem_cognitive=true sub_id=-1 mvno_type=gid bearer_bitmask=0 numeric=20404 roaming_protocol=IPV4V6 profile_id=0 protocol=IPV4V6 mnc=04 name=LTE - VZW Roaming Internet max_conns_time=300 mcc=204 apn=VZWINTERNET type=default,dun max_conns=1023
01-01 00:07:49.042  2030  2030 E TelephonyProvider: dbh.selectConflictingRow: Expected 1 but found 0 matching rows found for cv mvno_match_data=BAE0000000000000 modem_cognitive=true sub_id=-1 mvno_type=gid bearer_bitmask=0 numeric=20404 roaming_protocol=IPV4V6 profile_id=3 protocol=IPV4V6 mnc=04 name=LTE - VZW Roaming FOTA max_conns_time=300 mcc=204 apn=VZWADMIN type=fota max_conns=1023
01-01 00:07:49.051  2030  2030 E TelephonyProvider: dbh.selectConflictingRow: Expected 1 but found 0 matching rows found for cv mvno_match_data=BAE0000000000000 modem_cognitive=true sub_id=-1 mvno_type=gid bearer_bitmask=4096 numeric=20404 roaming_protocol=IPV4V6 profile_id=2 protocol=IPV4V6 mnc=04 name=EHRPD - VZW Roaming IMS max_conns_time=300 mcc=204 apn=VZWIMS type=ims,ia max_conns=1023
01-01 00:07:49.056   790   790 D BluetoothManagerService: Trying to bind to profile: 1, while Bluetooth was disabled
01-01 00:07:49.072   790   790 I Telecom : SystemStateProvider: Registering car mode receiver: android.content.IntentFilter@8ccffab: TS.init@AAA
01-01 00:07:49.083   790   866 W WindowManager: Keyguard drawn timeout. Setting mKeyguardDrawComplete
01-01 00:07:49.084  2030  2030 E TelephonyProvider: dbh.selectConflictingRow: Expected 1 but found 0 matching rows found for cv mvno_match_data=BAE0000000000000 modem_cognitive=true sub_id=-1 mvno_type=gid bearer_bitmask=4096 mmsc=http://mms.vzwreseller.com/servlets/mms numeric=20404 roaming_protocol=IPV4V6 profile_id=4 protocol=IPV4V6 mnc=04 name=EHRPD - VZW Roaming CBS max_conns_time=300 mcc=204 apn=VZWAPP type=cbs,mms max_conns=1023
01-01 00:07:49.098   790  2108 I Telecom : Telecom: Non-call EVENT: AUDIO_ROUTE, Entering state QuiescentEarpieceRoute
01-01 00:07:49.117   790  2110 I Telecom : CallAudioModeStateMachine: Message received: null.: TS.init->CAMSM.pM_1@AAA_0
01-01 00:07:49.117  2030  2030 E TelephonyProvider: dbh.selectConflictingRow: Expected 1 but found 0 matching rows found for cv password= sub_id=-1 bearer_bitmask=0 numeric=20408 mmsc=http://mp.mobiel.kpn/mmsc user= mnc=08 mmsport=5080 proxy= mmsproxy=10.10.100.20 name=Hi Mobiel Internet port= mcc=204 apn=portalmmm.nl type=*
01-01 00:07:49.124  2030  2030 E TelephonyProvider: dbh.selectConflictingRow: Expected 1 but found 0 matching rows found for cv password= sub_id=-1 bearer_bitmask=0 numeric=20408 mmsc=http://mp.mobiel.kpn/mmsc authtype=1 user= mnc=08 mmsport=5080 proxy= mmsproxy=10.10.100.20 name=Ortel Internet port= mcc=204 apn=portalmmm.nl type=default,supl,mms
01-01 00:07:49.143  2030  2036 I art     : Do partial code cache collection, code=62KB, data=45KB
01-01 00:07:49.144  2030  2036 I art     : After code cache collection, code=57KB, data=42KB
01-01 00:07:49.144  2030  2036 I art     : Increasing code cache capacity to 256KB
01-01 00:07:49.174  2030  2030 E TelephonyProvider: dbh.selectConflictingRow: Expected 1 but found 0 matching rows found for cv password=mms sub_id=-1 bearer_bitmask=0 numeric=20601 mmsc=http://mmsc.proximus.be/mms user=mms mnc=01 mmsport=8080 proxy= mmsproxy=10.55.14.75 name=Scarlet MMS port= mcc=206 apn=event.proximus.be type=mms
01-01 00:07:49.189  2030  2030 E TelephonyProvider: dbh.selectConflictingRow: Expected 1 but found 0 matching rows found for cv password= mnc=05 sub_id=-1 bearer_bitmask=0 numeric=20605 name=Voo Mobile mcc=206 apn=telenetwap.be type=default,supl user=
01-01 00:07:49.195  2030  2030 E TelephonyProvider: dbh.selectConflictingRow: Expected 1 but found 0 matching rows found for cv password=mms sub_id=-1 bearer_bitmask=0 numeric=20605 mmsc=http://mmsc.telenet.be authtype=1 user=mms mnc=05 mmsport=80 proxy= mmsproxy=195.130.149.100 name=Voo MMS port= mcc=206 apn=mms.be type=mms
01-01 00:07:49.218  2030  2030 E TelephonyProvider: dbh.selectConflictingRow: Expected 1 but found 0 matching rows found for cv password=base sub_id=-1 bearer_bitmask=0 numeric=20620 mmsc= authtype=1 user=base mnc=20 proxy= name=JIM Mobile Internet port= mcc=206 apn=gprs.base.be type=default,supl
01-01 00:07:49.226  2030  2030 E TelephonyProvider: dbh.selectConflictingRow: Expected 1 but found 0 matching rows found for cv password=base sub_id=-1 bearer_bitmask=0 numeric=20620 mmsc=http://mmsc.base.be authtype=1 user=base mnc=20 mmsport=8080 proxy= mmsproxy=217.72.235.1 name=JIM Mobile MMS port= mcc=206 apn=mms.base.be type=mms
01-01 00:07:49.238  2030  2030 E TelephonyProvider: dbh.selectConflictingRow: Expected 1 but found 0 matching rows found for cv password=orange mnc=01 sub_id=-1 bearer_bitmask=0 mmsc= proxy= numeric=20801 name=Orange France port= mcc=208 apn=orange type=default,supl user=orange
01-01 00:07:49.250  2030  2030 E TelephonyProvider: dbh.selectConflictingRow: Expected 1 but found 0 matching rows found for cv password=orange sub_id=-1 bearer_bitmask=0 numeric=20801 mmsc=http://mms.orange.fr user=orange mnc=01 mmsport=8080 proxy= mmsproxy=192.168.10.200 name=Carrefour MMS port= mcc=208 apn=orange.acte type=mms
01-01 00:07:49.255  2030  2030 E TelephonyProvider: dbh.selectConflictingRow: Expected 1 but found 0 matching rows found for cv password=orange mnc=01 sub_id=-1 bearer_bitmask=0 mmsc= proxy=192.168.10.100 numeric=20801 name=NRJ WAP port=8080 mcc=208 apn=ofnew.fr type=default,supl user=orange
01-01 00:07:49.261  2030  2030 E TelephonyProvider: dbh.selectConflictingRow: Expected 1 but found 0 matching rows found for cv password=orange sub_id=-1 bearer_bitmask=0 numeric=20801 mmsc=http://mms.orange.fr user=orange mnc=01 mmsport=8080 proxy= mmsproxy=192.168.10.200 name=NRJ MMS port= mcc=208 apn=orange.acte type=mms
01-01 00:07:49.266  2030  2030 E TelephonyProvider: dbh.selectConflictingRow: Expected 1 but found 0 matching rows found for cv password=orange mnc=01 sub_id=-1 bearer_bitmask=0 proxy=192.168.10.100 numeric=20801 name=Tele2 WAP port=8080 mcc=208 apn=ofnew.fr type=default,supl user=orange
01-01 00:07:49.280  2030  2030 E TelephonyProvider: dbh.selectConflictingRow: Expected 1 but found 0 matching rows found for cv password=orange sub_id=-1 bearer_bitmask=0 numeric=20801 mmsc=http://mms.orange.fr user=orange mnc=01 mmsport=8080 proxy= mmsproxy=192.168.10.200 name=Tele2 MMS port= mcc=208 apn=orange.acte type=mms
01-01 00:07:49.290  2030  2030 E TelephonyProvider: dbh.selectConflictingRow: Expected 1 but found 0 matching rows found for cv password=orange mnc=01 sub_id=-1 bearer_bitmask=0 proxy=192.168.10.100 numeric=20801 name=Virgin Mobile port=8080 mcc=208 apn=ofnew.fr type=default,supl user=orange
01-01 00:07:49.307  2030  2030 E TelephonyProvider: dbh.selectConflictingRow: Expected 1 but found 0 matching rows found for cv password=orange sub_id=-1 bearer_bitmask=0 numeric=20801 mmsc=http://mms.orange.fr user=orange mnc=01 mmsport=8080 proxy= mmsproxy=192.168.10.200 name=Virgin Mobile MMS port= mcc=208 apn=orange.acte type=mms
01-01 00:07:49.348   790   790 I Telecom : ViceNotificationImpl: ViceNotificationImpl: TS.init@AAA
01-01 00:07:49.356  2030  2030 E TelephonyProvider: dbh.selectConflictingRow: Expected 1 but found 0 matching rows found for cv password=orange sub_id=-1 bearer_bitmask=0 numeric=20801 mmsc=http://mms.orange.fr/ user=orange mnc=01 mmsport=8080 proxy= mmsproxy=192.168.10.200 name=Web Carrefour port= mcc=208 apn=orange.acte type=mms
01-01 00:07:49.363   790  2112 E ActivityThread: Failed to find provider info for call_log
01-01 00:07:49.369   790   790 D BluetoothManagerService: Trying to bind to profile: 1, while Bluetooth was disabled
01-01 00:07:49.371  2030  2030 E TelephonyProvider: dbh.selectConflictingRow: Expected 1 but found 0 matching rows found for cv password=orange sub_id=-1 bearer_bitmask=0 numeric=20801 mmsc=http://mms.orange.fr user=orange mnc=01 mmsport=8080 proxy= mmsproxy=192.168.10.200 name=C MMS port= mcc=208 apn=orange.acte type=mms
01-01 00:07:49.381  2030  2030 E TelephonyProvider: dbh.selectConflictingRow: Expected 1 but found 0 matching rows found for cv mvno_match_data=NRJ Mobile password=orange sub_id=-1 mvno_type=spn bearer_bitmask=0 numeric=20801 mmsc= authtype=1 user=orange mnc=01 proxy= name=NRJ WEB port= mcc=208 apn=ofnew.fr type=default,supl
01-01 00:07:49.384   790   790 I Telecom : Class: TelecomSystem.INSTANCE being set
01-01 00:07:49.385  2030  2030 E TelephonyProvider: dbh.selectConflictingRow: Expected 1 but found 0 matching rows found for cv mvno_match_data=NRJ Mobile password=orange sub_id=-1 mvno_type=spn bearer_bitmask=0 numeric=20801 mmsc=http://mms.orange.fr/ authtype=1 user=orange mnc=01 mmsport=8080 proxy= mmsproxy=192.168.10.200 name=NRJ MMS port= mcc=208 apn=orange.acte type=mms
01-01 00:07:49.385   790   790 W ContextImpl: Calling a method in the system process without a qualified user: android.app.ContextImpl.startService:1357 android.content.ContextWrapper.startService:613 com.android.server.telecom.components.TelecomService.initializeTelecomSystem:196 com.android.server.telecom.components.TelecomService.onBind:64 android.app.ActivityThread.handleBindService:3243 
01-01 00:07:49.394  2030  2030 E TelephonyProvider: dbh.selectConflictingRow: Expected 1 but found 0 matching rows found for cv password= mnc=02 sub_id=-1 bearer_bitmask=0 mmsc= proxy= numeric=20802 name=Orange GPRS port= mcc=208 apn=orange.fr type=default,supl user=
01-01 00:07:49.402  2030  2030 E TelephonyProvider: dbh.selectConflictingRow: Expected 1 but found 0 matching rows found for cv password= mnc=02 sub_id=-1 bearer_bitmask=0 mmsc= proxy= numeric=20802 name=Orange GPRS ISP port= mcc=208 apn=orange.fr type=default,supl user=
01-01 00:07:49.441  1787  1787 W System  : ClassLoader referenced unknown path: 
01-01 00:07:49.441  2030  2030 E TelephonyProvider: dbh.selectConflictingRow: Expected 1 but found 0 matching rows found for cv password= sub_id=-1 bearer_bitmask=0 numeric=20810 mmsc=http://mms1 user= mnc=10 mmsport=8080 proxy= mmsproxy=10.151.0.1 name=SFR MMS port= mcc=208 apn=mmssfr type=mms
01-01 00:07:49.445  1787  1787 W System  : ClassLoader referenced unknown path: /system/priv-app/Dialer/lib/arm
01-01 00:07:49.446  2030  2030 E TelephonyProvider: dbh.selectConflictingRow: Expected 1 but found 0 matching rows found for cv password= mnc=10 sub_id=-1 bearer_bitmask=0 mmsc= proxy= numeric=20810 name=SFR port= mcc=208 apn=sl2sfr type=default,supl user=
01-01 00:07:49.448  1787  1787 D ApplicationLoaders: ignored Vulkan layer search path /system/priv-app/Dialer/lib/arm:/system/lib:/vendor/lib for namespace 0xb2fcc090
01-01 00:07:49.451   790   790 D BluetoothManagerService: Bluetooth Adapter name changed to Galaxy S3 Neo
01-01 00:07:49.453   790   790 D BluetoothManagerService: Stored Bluetooth name: Galaxy S3 Neo
01-01 00:07:49.454   790   790 D BluetoothManagerService: BluetoothServiceConnection: com.android.bluetooth.btservice.AdapterService
01-01 00:07:49.454   790   871 D BluetoothManagerService: MESSAGE_BLUETOOTH_SERVICE_CONNECTED: 1
01-01 00:07:49.455  2030  2030 E TelephonyProvider: dbh.selectConflictingRow: Expected 1 but found 0 matching rows found for cv mnc=10 sub_id=-1 bearer_bitmask=0 numeric=20810 proxy=192.168.21.3 name=Web La Poste port=8080 mcc=208 apn=wapdebitel type=default,supl
01-01 00:07:49.466   790   871 D BluetoothManagerService: MESSAGE_GET_NAME_AND_ADDRESS
01-01 00:07:49.478   790   871 D BluetoothManagerService: Stored Bluetooth name: Galaxy S3 Neo
01-01 00:07:49.480   790   871 D BluetoothManagerService: Stored Bluetoothaddress: B8:5A:73:67:FE:EB
01-01 00:07:49.482   790   871 D BluetoothManagerService: unbindAndFinish(): android.bluetooth.IBluetooth$Stub$Proxy@db8883f mBinding = false mUnbinding = false
01-01 00:07:49.488  1743  1743 W BluetoothAdapterService: onUnbind, calling cleanup
01-01 00:07:49.488  1743  1743 D BluetoothAdapterService: cleanup()
01-01 00:07:49.492  1743  1743 W BluetoothSdpJni: Cleaning up Bluetooth SDP Interface...
01-01 00:07:49.492  1743  1743 W BluetoothSdpJni: Cleaning up Bluetooth SDP object
01-01 00:07:49.492  1743  1743 D BluetoothAdapterService: cleanup() - Cleaning up adapter native
01-01 00:07:49.492  1743  1763 I bt_stack_manager: event_clean_up_stack is cleaning up the stack
01-01 00:07:49.492  1743  1763 E BluetoothServiceJni: Callback env check fail: env: 0x0, callback: 0xa7ac2440
01-01 00:07:49.492  1743  1763 E BluetoothServiceJni: Callback: 'callback_thread_event' is not called on the correct thread
01-01 00:07:49.493  1743  1768 W bt_osi_thread: run_thread: thread id 1768, thread name bt_jni_workqueue exited
01-01 00:07:49.493  1743  1763 I bt_core_module: module_clean_up Cleaning up module "stack_config_module"
01-01 00:07:49.493  1743  1763 I bt_core_module: module_clean_up Cleanup of module "stack_config_module" completed
01-01 00:07:49.494  1743  1763 I bt_core_module: module_clean_up Cleaning up module "interop_module"
01-01 00:07:49.494  1743  1763 I bt_core_module: module_clean_up Cleanup of module "interop_module" completed
01-01 00:07:49.494  1743  1763 I bt_core_module: module_clean_up Cleaning up module "btif_config_module"
01-01 00:07:49.507  1743  1763 I bt_core_module: module_clean_up Cleanup of module "btif_config_module" completed
01-01 00:07:49.507  1743  1763 I bt_core_module: module_clean_up Cleaning up module "bt_utils_module"
01-01 00:07:49.507  1743  1763 I bt_core_module: module_clean_up Cleanup of module "bt_utils_module" completed
01-01 00:07:49.507  1743  1763 I bt_core_module: module_clean_up Cleaning up module "osi_module"
01-01 00:07:49.507  1743  1767 D bt_osi_alarm: callback_dispatch Callback thread exited
01-01 00:07:49.508  1743  1767 W bt_osi_thread: run_thread: thread id 1767, thread name alarm_dispatcher exited
01-01 00:07:49.508   790  1698 E WifiHAL : wifi_get_gscan_capabilities: GSCAN is not supported by driver
01-01 00:07:49.508   790   790 D RttService: SCAN_AVAILABLE : 3
01-01 00:07:49.508   790  1698 D wifi    : failed to get capabilities : -3
01-01 00:07:49.509  2030  2030 E TelephonyProvider: dbh.selectConflictingRow: Expected 1 but found 0 matching rows found for cv password= mnc=10 sub_id=-1 bearer_bitmask=0 mmsc= proxy=192.168.21.3 numeric=20810 name=Web La Poste port=8080 mcc=208 apn=wapdebitel type=default,supl user=
01-01 00:07:49.509  1743  1766 W bt_osi_thread: run_thread: thread id 1766, thread name alarm_default_ca exited
01-01 00:07:49.509  1743  1763 I bt_core_module: module_clean_up Cleanup of module "osi_module" completed
01-01 00:07:49.510  1743  1763 I bt_stack_manager: event_clean_up_stack finished
01-01 00:07:49.510  1743  1743 I BluetoothServiceJni: cleanupNative: return from cleanup
01-01 00:07:49.510  1743  1743 W BluetoothVendorJni: Cleaning up Bluetooth Vendor Interface...
01-01 00:07:49.510  1743  1743 I bt_btif_vendor: cleanup
01-01 00:07:49.510  1743  1743 W BluetoothVendorJni: Cleaning up Bluetooth Vendor callback object
01-01 00:07:49.511   790  1700 D RttService: DefaultState got{ when=0 what=160512 target=com.android.internal.util.StateMachine$SmHandler }
01-01 00:07:49.516  1743  1743 I art     : System.exit called, status: 0
01-01 00:07:49.516  1743  1743 I AndroidRuntime: VM exiting with result code 0, cleanup skipped.
01-01 00:07:49.527   790  1761 I ActivityManager: Process com.android.bluetooth (pid 1743) has died
01-01 00:07:49.530   790  1761 D ActivityManager: cleanUpApplicationRecord -- 1743
01-01 00:07:49.542   790  1698 I WifiScanningService: wifi driver loaded with scan capabilities: max buckets=16
01-01 00:07:49.548   790   790 W System  : ClassLoader referenced unknown path: /system/priv-app/FusedLocation/lib/arm
01-01 00:07:49.551   790   790 D ApplicationLoaders: ignored Vulkan layer search path /system/priv-app/FusedLocation/lib/arm:/system/priv-app/FusedLocation/FusedLocation.apk!/lib/armeabi-v7a:/system/lib:/vendor/lib for namespace 0xb325d190
01-01 00:07:49.552   790   860 W WallpaperManagerService: no current wallpaper -- first boot?
01-01 00:07:49.585   790  1706 D NotificationSQLiteLog: Pruned event entries: 0
01-01 00:07:49.590  1787  1787 D ClockController: onTuningChanged key=cmsystem:status_bar_clock value=null
01-01 00:07:49.594   790   790 V WiredAccessoryManager: init()
01-01 00:07:49.612  1787  1787 D ClockController: onTuningChanged key=cmsystem:status_bar_am_pm value=null
01-01 00:07:49.619  1787  1787 D ClockController: onTuningChanged key=clock_seconds value=null
01-01 00:07:49.627  2030  2030 E TelephonyProvider: dbh.selectConflictingRow: Expected 1 but found 0 matching rows found for cv password=vodafone mnc=06 sub_id=-1 bearer_bitmask=0 mmsc= proxy= numeric=21406 name=INTERNET GPRS port= mcc=214 apn=airtelnet.es type=default,supl user=vodafone
01-01 00:07:49.643  2030  2030 E TelephonyProvider: dbh.selectConflictingRow: Expected 1 but found 0 matching rows found for cv password=EUSKALTEL mnc=08 sub_id=-1 bearer_bitmask=0 mmsc= proxy= numeric=21408 name=Euskaltel Internet port= mcc=214 apn=internet.euskaltel.mobi type=default,supl user=CLIENTE
01-01 00:07:49.648  2030  2030 E TelephonyProvider: dbh.selectConflictingRow: Expected 1 but found 0 matching rows found for cv password=EUSKALTEL sub_id=-1 bearer_bitmask=0 numeric=21408 mmsc=http://mms.euskaltel.mobi user=MMS mnc=08 mmsport=8080 proxy= mmsproxy=172.16.18.74 name=Euskaltel MMS port= mcc=214 apn=euskaltelmms.euskaltel.mobi type=mms
01-01 00:07:49.690  2030  2030 E TelephonyProvider: dbh.selectConflictingRow: Expected 1 but found 0 matching rows found for cv password= mnc=01 sub_id=-1 bearer_bitmask=0 mmsc= proxy= numeric=21601 name=Pannon port= mcc=216 apn=net type=default,supl user=
01-01 00:07:49.695  2030  2030 E TelephonyProvider: dbh.selectConflictingRow: Expected 1 but found 0 matching rows found for cv password= mnc=01 sub_id=-1 bearer_bitmask=0 mmsc= proxy= numeric=21601 name=Telenor Net port= mcc=216 apn=net type=default,supl user=
01-01 00:07:49.725  2030  2030 E TelephonyProvider: dbh.selectConflictingRow: Expected 1 but found 0 matching rows found for cv password= mnc=03 sub_id=-1 bearer_bitmask=0 mmsc= proxy= numeric=21803 name=ERONET MI 200 port= mcc=218 apn=web.eronet.ba type=supl user=
01-01 00:07:49.729  1787  1787 D LocalBluetoothProfileManager: Adding local MAP profile
01-01 00:07:49.746  2030  2030 E TelephonyProvider: dbh.selectConflictingRow: Expected 1 but found 0 matching rows found for cv password= sub_id=-1 bearer_bitmask=0 numeric=21902 mmsc=http://mmsc.tele2.hr user= mnc=02 mmsport=8080 proxy= mmsproxy=193.12.40.66 name=Tele2 HR port= mcc=219 apn=wap.tele2.hr type=default,supl,mms
01-01 00:07:49.749  1787  1787 D BluetoothMap: Create BluetoothMap proxy object
01-01 00:07:49.768  2030  2030 E TelephonyProvider: dbh.selectConflictingRow: Expected 1 but found 0 matching rows found for cv password=vipmobile sub_id=-1 bearer_bitmask=0 numeric=22005 mmsc=http://mmsc.vipmobile.rs authtype=1 user=vipmobile mnc=05 mmsport=8080 proxy= mmsproxy=212.15.182.82 name=Vip MMS port= mcc=220 apn=vipmobile.mms type=mms
01-01 00:07:49.770  1787  1787 D LocalBluetoothProfileManager: LocalBluetoothProfileManager construction complete
01-01 00:07:49.836  1787  1787 I CameraManagerGlobal: Connecting to camera service
01-01 00:07:49.891  2030  2030 E TelephonyProvider: dbh.selectConflictingRow: Expected 1 but found 0 matching rows found for cv password=vodafone mnc=01 sub_id=-1 bearer_bitmask=0 mmsc= proxy= numeric=22601 name=Vodafone RO port= mcc=226 apn=internet.vodafone.ro type=default,supl user=internet.vodafone.ro
01-01 00:07:49.909  2030  2030 E TelephonyProvider: dbh.selectConflictingRow: Expected 1 but found 0 matching rows found for cv mnc=03 sub_id=-1 bearer_bitmask=0 numeric=22603 name=Telekom Romania Broadband mcc=226 apn=broadband type=default,supl
01-01 00:07:49.948   790  1760 I ActivityManager: Start proc 2119:org.cyanogenmod.weather.provider/u0a31 for content provider org.cyanogenmod.weather.provider/.WeatherContentProvider
01-01 00:07:49.955  2030  2030 E TelephonyProvider: dbh.selectConflictingRow: Expected 1 but found 0 matching rows found for cv password=wap mnc=01 sub_id=-1 bearer_bitmask=0 proxy=213.151.208.156 numeric=23101 name=Orange World port=8799 mcc=231 apn=orangewap type=default,supl user=wap
01-01 00:07:49.963  2030  2030 E TelephonyProvider: dbh.selectConflictingRow: Expected 1 but found 0 matching rows found for cv mnc=02 sub_id=-1 bearer_bitmask=0 numeric=23102 name=Telekom SK mcc=231 apn=internet type=default,supl
01-01 00:07:49.971  2030  2030 E TelephonyProvider: dbh.selectConflictingRow: Expected 1 but found 0 matching rows found for cv password= mnc=04 sub_id=-1 bearer_bitmask=0 mmsc= proxy= numeric=23104 name=T-Mobile SK port= mcc=231 apn=internet type=default,supl user=
01-01 00:07:49.977  2030  2030 E TelephonyProvider: dbh.selectConflictingRow: Expected 1 but found 0 matching rows found for cv password=mms sub_id=-1 bearer_bitmask=0 numeric=23104 mmsc=http://mms user=mms mnc=04 mmsport=8080 proxy= mmsproxy=192.168.1.1 name=T-Mobile SK MMS port= mcc=231 apn=mms type=mms
01-01 00:07:50.047  2030  2030 E TelephonyProvider: dbh.selectConflictingRow: Expected 1 but found 0 matching rows found for cv password=O2web mnc=10 sub_id=-1 bearer_bitmask=0 mmsc= proxy= numeric=23410 name=O2 WEB port= mcc=234 apn=mobile.o2.co.uk type=default,supl user=O2web
01-01 00:07:50.071   790   872 I art     : Starting a blocking GC Explicit
01-01 00:07:50.074  2030  2030 E TelephonyProvider: dbh.selectConflictingRow: Expected 1 but found 0 matching rows found for cv password=web mnc=15 sub_id=-1 bearer_bitmask=0 numeric=23415 name=Vodafone Post-pay ISP mcc=234 apn=internet type=default,supl user=web
01-01 00:07:50.087  2119  2119 W System  : ClassLoader referenced unknown path: /system/priv-app/WeatherProvider/lib/arm
01-01 00:07:50.103  2030  2030 E TelephonyProvider: dbh.selectConflictingRow: Expected 1 but found 0 matching rows found for cv password=wap sub_id=-1 bearer_bitmask=0 numeric=23415 mmsc=http://mms.vodafone.co.uk/servlets/mms authtype=1 user=wap mnc=15 mmsport=8799 proxy= mmsproxy=212.183.137.12 name=Contract WAP MMS port= mcc=234 apn=wap.vodafone.co.uk type=mms
01-01 00:07:50.107  2030  2030 E TelephonyProvider: dbh.selectConflictingRow: Expected 1 but found 0 matching rows found for cv password=wap mnc=15 sub_id=-1 bearer_bitmask=0 mmsc= proxy= numeric=23415 name=Vodafone Pre Pay port= mcc=234 apn=pp.vodafone.co.uk type=default,supl user=wap
01-01 00:07:50.115  2030  2030 E TelephonyProvider: dbh.selectConflictingRow: Expected 1 but found 0 matching rows found for cv password=wap sub_id=-1 bearer_bitmask=0 numeric=23415 mmsc=http://mms.vodafone.co.uk/servlets/mms user=wap mnc=15 mmsport=8799 proxy= mmsproxy=212.183.137.12 name=Vodafone Pre Pay MMS port= mcc=234 apn=pp.vodafone.co.uk type=mms
01-01 00:07:50.173  2030  2030 E TelephonyProvider: dbh.selectConflictingRow: Expected 1 but found 0 matching rows found for cv mvno_match_data=BT password= sub_id=-1 mvno_type=spn numeric=23430 mmsc= bearer_bitmask=0 user= mnc=30 proxy= name=BT One Phone Internet port= mcc=234 apn=btmobile.bt.com type=default,supl
01-01 00:07:50.174   790   872 I art     : Explicit concurrent mark sweep GC freed 4760(432KB) AllocSpace objects, 0(0B) LOS objects, 36% free, 7MB/11MB, paused 2.952ms total 102.262ms
01-01 00:07:50.213   333   333 D audio_hw_primary: adev_set_mic_mute state 0
01-01 00:07:50.260  2030  2030 E TelephonyProvider: dbh.selectConflictingRow: Expected 1 but found 0 matching rows found for cv password= sub_id=-1 bearer_bitmask=0 numeric=23455 mmsc=http://mmsc.gprs.cw.com/ user= mnc=55 mmsport=80 proxy= mmsproxy=10.0.3.101 name=Lifestyle MMS port= mcc=234 apn=mms type=mms
01-01 00:07:50.285  2030  2030 E TelephonyProvider: dbh.selectConflictingRow: Expected 1 but found 0 matching rows found for cv password=mms mnc=58 mmsport=8080 sub_id=-1 bearer_bitmask=0 mmsc=http://mms.manxpronto.net:8002 mmsproxy=195.10.99.46 numeric=23458 name=Manx Telecom Contract MMS mcc=234 apn=mms.manxpronto.net type=mms user=mms
01-01 00:07:50.292  2030  2030 E TelephonyProvider: dbh.selectConflictingRow: Expected 1 but found 0 matching rows found for cv password=mmsgo mnc=58 mmsport=8080 sub_id=-1 bearer_bitmask=0 mmsc=http://mms.manxpronto.net:8002 mmsproxy=195.10.99.41 numeric=23458 name=Manx Telecom Prepay MMS mcc=234 apn=mms.prontogo.net type=mms user=mmsgo
01-01 00:07:50.296  2030  2030 E TelephonyProvider: dbh.selectConflictingRow: Expected 1 but found 0 matching rows found for cv password=gprs mnc=58 sub_id=-1 bearer_bitmask=0 numeric=23458 name=Manx Telecom Contract WEB mcc=234 apn=web.manxpronto.net type=default,supl user=gprs
01-01 00:07:50.315  2030  2030 E TelephonyProvider: dbh.selectConflictingRow: Expected 1 but found 0 matching rows found for cv password= mnc=01 sub_id=-1 bearer_bitmask=0 numeric=23801 name=Fullrate mcc=238 authtype=3 apn=internet type=default,supl user=
01-01 00:07:50.325  2030  2030 E TelephonyProvider: dbh.selectConflictingRow: Expected 1 but found 0 matching rows found for cv password= mnc=01 sub_id=-1 bearer_bitmask=0 numeric=23801 name=Telmore mcc=238 authtype=3 apn=internet type=default,supl user=
01-01 00:07:50.330  2030  2030 E TelephonyProvider: dbh.selectConflictingRow: Expected 1 but found 0 matching rows found for cv password= sub_id=-1 bearer_bitmask=0 numeric=23801 mmsc=http://192.168.241.114:8002 user= mnc=01 mmsport=8080 proxy= mmsproxy=194.182.251.15 name=Telmore MMS port= mcc=238 apn=mms type=mms
01-01 00:07:50.342  2030  2030 E TelephonyProvider: dbh.selectConflictingRow: Expected 1 but found 0 matching rows found for cv password= sub_id=-1 bearer_bitmask=0 numeric=23802 mmsc=http://mms.telenor.dk user= mnc=02 mmsport=8080 proxy= mmsproxy=212.88.64.8 name=Onfone MMS port= mcc=238 apn=telenor type=mms
01-01 00:07:50.344   790   790 E CMHardwareService: Vibrator is not supported
01-01 00:07:50.349  2030  2030 E TelephonyProvider: dbh.selectConflictingRow: Expected 1 but found 0 matching rows found for cv password= mnc=02 sub_id=-1 bearer_bitmask=0 mmsc= proxy= numeric=23802 name=CBB GPRS port= mcc=238 apn=internet type=default,supl user=
01-01 00:07:50.358   790   790 E CMHardwareService: Vibrator is not supported
01-01 00:07:50.378  2030  2030 E TelephonyProvider: dbh.selectConflictingRow: Expected 1 but found 0 matching rows found for cv password= sub_id=-1 bearer_bitmask=0 numeric=23810 mmsc=http://192.168.241.114:8002 user= mnc=10 mmsport=8080 proxy= mmsproxy=194.182.251.15 name=M1 MMS GPRS port= mcc=238 apn=mms type=mms
01-01 00:07:50.381  2030  2030 E TelephonyProvider: dbh.selectConflictingRow: Expected 1 but found 0 matching rows found for cv password= mnc=10 sub_id=-1 bearer_bitmask=0 mmsc= proxy=194.182.251.15 numeric=23810 name=M1 WAP GPRS port=8080 mcc=238 apn=wap type=default,supl user=
01-01 00:07:50.395  2030  2030 E TelephonyProvider: dbh.selectConflictingRow: Expected 1 but found 0 matching rows found for cv password= mnc=20 sub_id=-1 bearer_bitmask=0 numeric=23820 name=DLG Tele mcc=238 authtype=3 apn=websp type=default,supl user=
01-01 00:07:50.401  2030  2030 E TelephonyProvider: dbh.selectConflictingRow: Expected 1 but found 0 matching rows found for cv password= mnc=20 sub_id=-1 bearer_bitmask=0 numeric=23820 name=Waoo Mobil mcc=238 apn=websp type=default,supl user=
01-01 00:07:50.408  2030  2030 E TelephonyProvider: dbh.selectConflictingRow: Expected 1 but found 0 matching rows found for cv password= sub_id=-1 bearer_bitmask=0 numeric=23820 mmsc=http://mms.telia.dk user= mnc=20 mmsport=8080 proxy= mmsproxy=193.209.134.131 name=Waoo Mobil MMS port= mcc=238 apn=mmssp type=mms
01-01 00:07:50.411  2030  2030 E TelephonyProvider: dbh.selectConflictingRow: Expected 1 but found 0 matching rows found for cv password= mnc=20 sub_id=-1 bearer_bitmask=0 mmsc= proxy= numeric=23820 name=Siminn Internet port= mcc=238 apn=websp type=default,supl user=
01-01 00:07:50.417  2030  2030 E TelephonyProvider: dbh.selectConflictingRow: Expected 1 but found 0 matching rows found for cv password= sub_id=-1 bearer_bitmask=0 numeric=23820 mmsc=http://mms.telia.dk user= mnc=20 mmsport=8080 proxy= mmsproxy=193.209.134.131 name=Siminn MMS port= mcc=238 apn=mmssp type=mms
01-01 00:07:50.426   790   864 I SyncManager: Got SyncJobService instance.
01-01 00:07:50.428   790   790 I BrokerableCMSystemService: Implementation service connected
01-01 00:07:50.429   790   790 D ConditionProviders.SCP: onSubscribe condition://android/schedule?days=1.2.3.4.5&start=22.0&end=7.0&exitAtAlarm=false
01-01 00:07:50.434   790   790 D ConditionProviders.SCP: setRegistered true
01-01 00:07:50.436  2030  2030 E TelephonyProvider: dbh.selectConflictingRow: Expected 1 but found 0 matching rows found for cv password= sub_id=-1 bearer_bitmask=0 numeric=24001 mmsc=http://mmss user= mnc=01 mmsport=80 proxy= mmsproxy=193.209.134.132 name=Halebop MMS port= mcc=240 apn=mms.telia.se type=mms
01-01 00:07:50.442   790   790 D ConditionProviders.SCP: notifyCondition condition://android/schedule?days=1.2.3.4.5&start=22.0&end=7.0&exitAtAlarm=false STATE_TRUE reason=meetsSchedule
01-01 00:07:50.447   790   790 D ConditionProviders.SCP: Scheduling evaluate for Wed Jan 01 07:00:00 GMT+00:00 2014 (1388559600000), in +6h52m9s566ms, now=Wed Jan 01 00:07:50 GMT+00:00 2014 (1388534870434)
01-01 00:07:50.450   790   790 D ConditionProviders.SCP: onSubscribe condition://android/schedule?days=6.7&start=23.30&end=10.0&exitAtAlarm=false
01-01 00:07:50.462   790   790 D ConditionProviders.SCP: notifyCondition condition://android/schedule?days=6.7&start=23.30&end=10.0&exitAtAlarm=false STATE_FALSE reason=!meetsSchedule
01-01 00:07:50.472   790   790 D ConditionProviders.SCP: notifyCondition condition://android/schedule?days=1.2.3.4.5&start=22.0&end=7.0&exitAtAlarm=false STATE_TRUE reason=meetsSchedule
01-01 00:07:50.471  1787  2139 E ActivityThread: Failed to find provider info for com.android.contacts
01-01 00:07:50.479  1787  2063 D OpenGLRenderer: profile bars disabled
01-01 00:07:50.480  1787  2063 D OpenGLRenderer: ambientRatio = 1.50
01-01 00:07:50.480   790   790 D ConditionProviders.SCP: Scheduling evaluate for Wed Jan 01 07:00:00 GMT+00:00 2014 (1388559600000), in +6h52m9s541ms, now=Wed Jan 01 00:07:50 GMT+00:00 2014 (1388534870459)
01-01 00:07:50.481   790  1707 E ActivityThread: Failed to find provider info for com.android.calendar
01-01 00:07:50.484   790  1707 E ActivityThread: Failed to find provider info for com.android.calendar
01-01 00:07:50.524  1787  1787 D PhoneStatusBar: disable: < EXPAND* icons alerts system_info BACK* HOME* RECENT* clock SEARCH* quick_settings >
01-01 00:07:50.545  2030  2030 E TelephonyProvider: dbh.selectConflictingRow: Expected 1 but found 0 matching rows found for cv password= sub_id=-1 bearer_bitmask=0 numeric=24008 mmsc=http://mms user= mnc=08 mmsport=8799 proxy= mmsproxy=172.30.253.241 name=Telenor MMS port= mcc=240 apn=services.telenor.se type=mms
01-01 00:07:50.551  2030  2030 E TelephonyProvider: dbh.selectConflictingRow: Expected 1 but found 0 matching rows found for cv password= sub_id=-1 bearer_bitmask=0 numeric=24008 mmsc=http://mms user= mnc=08 mmsport=8799 proxy= mmsproxy=172.30.253.241 name=Glocalnet MMS port= mcc=240 apn=services.glocalnet.se type=mms
01-01 00:07:50.564  2030  2030 E TelephonyProvider: dbh.selectConflictingRow: Expected 1 but found 0 matching rows found for cv mnc=10 sub_id=-1 bearer_bitmask=0 numeric=24010 name=Spring data mcc=240 apn=data.springmobil.se type=default,supl
01-01 00:07:50.597  2030  2030 E TelephonyProvider: dbh.selectConflictingRow: Expected 1 but found 0 matching rows found for cv password= mnc=03 sub_id=-1 bearer_bitmask=0 mmsc= proxy= numeric=24403 name=Telia ISP GPRS port= mcc=244 apn=internet type=default,supl user=
01-01 00:07:50.598   790   790 I Telecom : WiredHeadsetManager: ACTION_HEADSET_PLUG event, plugged in: false, : WHC.oADA@AAE
01-01 00:07:50.619   790   790 I ActivityManager: user 0 is still locked. Cannot load recents
01-01 00:07:50.624  2030  2030 E TelephonyProvider: dbh.selectConflictingRow: Expected 1 but found 0 matching rows found for cv password= sub_id=-1 bearer_bitmask=0 numeric=24405 mmsc= authtype=1 user= mnc=05 proxy= name=Saunalahti Internet port= mcc=244 apn=internet type=default,supl
01-01 00:07:50.630  2030  2030 E TelephonyProvider: dbh.selectConflictingRow: Expected 1 but found 0 matching rows found for cv password= sub_id=-1 bearer_bitmask=0 numeric=24405 mmsc=http://mms.elisa.fi authtype=1 user= mnc=05 mmsport=80 proxy= mmsproxy=213.161.41.57 name=Saunalahti MMS port= mcc=244 apn=mms type=mms
01-01 00:07:50.669  2030  2030 E TelephonyProvider: dbh.selectConflictingRow: Expected 1 but found 0 matching rows found for cv password= mnc=12 sub_id=-1 bearer_bitmask=0 mmsc= proxy= numeric=24412 name=Optimi Internet port= mcc=244 apn=internet.dicame.fi type=default,supl user=
01-01 00:07:50.673  2030  2030 E TelephonyProvider: dbh.selectConflictingRow: Expected 1 but found 0 matching rows found for cv password= sub_id=-1 bearer_bitmask=0 numeric=24412 mmsc=http://mmsc.dicame.fi user= mnc=12 mmsport=8080 proxy= mmsproxy=10.1.1.15 name=Optimi MMS port= mcc=244 apn=mms.dicame.fi type=mms
01-01 00:07:50.679  2030  2030 E TelephonyProvider: dbh.selectConflictingRow: Expected 1 but found 0 matching rows found for cv password= mnc=12 sub_id=-1 bearer_bitmask=0 mmsc= proxy= numeric=24412 name=Finora Internet port= mcc=244 apn=internet.setera.fi type=default,supl user=
01-01 00:07:50.684  2030  2030 E TelephonyProvider: dbh.selectConflictingRow: Expected 1 but found 0 matching rows found for cv password= sub_id=-1 bearer_bitmask=0 numeric=24412 mmsc=http://mmsc.setera.fi user= mnc=12 mmsport=8080 proxy= mmsproxy=10.1.11.2 name=Finora MMS port= mcc=244 apn=mms.setera.fi type=mms
01-01 00:07:50.700  2030  2030 E TelephonyProvider: dbh.selectConflictingRow: Expected 1 but found 0 matching rows found for cv password= mnc=91 sub_id=-1 bearer_bitmask=0 mmsc= proxy= numeric=24491 name=Tele Finland Internet port= mcc=244 apn=internet type=default,supl user=
01-01 00:07:50.705  2030  2030 E TelephonyProvider: dbh.selectConflictingRow: Expected 1 but found 0 matching rows found for cv password= sub_id=-1 bearer_bitmask=0 numeric=24491 mmsc=http://mms.sonera.fi:8002 user= mnc=91 mmsport=80 proxy= mmsproxy=195.156.25.33 name=Tele Finland MMS port= mcc=244 apn=wap.sonera.net type=mms
01-01 00:07:50.745   790   790 I DefaultPermGrantPolicy: Granting permissions to default dialer app for user:0
01-01 00:07:50.763  2030  2030 E TelephonyProvider: dbh.selectConflictingRow: Expected 1 but found 0 matching rows found for cv password=any mnc=07 sub_id=-1 bearer_bitmask=0 mmsc= proxy= numeric=25007 name=internet port= mcc=250 apn=internet.smarts.ru type=default,supl user=any
01-01 00:07:50.778   790   790 I Telecom : PhoneAccountRegistrar: SimCallManager queried, returning: null: TSI.gSCM@AAM
01-01 00:07:50.831  2030  2030 E TelephonyProvider: dbh.selectConflictingRow: Expected 1 but found 0 matching rows found for cv password= mnc=01 sub_id=-1 bearer_bitmask=0 numeric=25501 name=Mobile GPRS Internet mcc=255 apn=internet type=default,supl user=
01-01 00:07:50.850  2030  2030 E TelephonyProvider: dbh.selectConflictingRow: Expected 1 but found 0 matching rows found for cv password=mms sub_id=-1 bearer_bitmask=0 numeric=25503 mmsc=http://mms.kyivstar.net user=mms mnc=03 mmsport=8080 proxy= mmsproxy=10.10.10.10 name=Ace_Base MMS port= mcc=255 apn=mms.kyivstar.net type=mms
01-01 00:07:50.864  2030  2030 E TelephonyProvider: dbh.selectConflictingRow: Expected 1 but found 0 matching rows found for cv password= mnc=03 sub_id=-1 bearer_bitmask=0 mmsc= proxy= numeric=25503 name=Ace_Base port= mcc=255 apn=www.ab.kyivstar.net type=default,supl user=
01-01 00:07:50.889   790   790 D ZenLog  : config: conditionChanged,ZenModeConfig[user=0,allowCalls=true,allowRepeatCallers=false,allowMessages=false,allowCallsFrom=contacts,allowMessagesFrom=contacts,allowReminders=true,allowEvents=true,allowWhenScreenOff=true,allowWhenScreenOn=true,automaticRules={a5d5ac85ad4c45eaac3b12ee588cfbc2=ZenRule[enabled=false,snoozing=false,name=Weeknight,zenMode=ZEN_MODE_ALARMS,conditionId=condition://android/schedule?days=1.2.3.4.5&start=22.0&end=7.0&exitAtAlarm=false,condition=Condition[id=condition://android/schedule?days=1.2.3.4.5&start=22.0&end=7.0&exitAtAlarm=false,summary=...,line1=...,line2=...,icon=0,state=STATE_TRUE,flags=2],component=ComponentInfo{android/com.android.server.notification.ScheduleConditionProvider},id=a5d5ac85ad4c45eaac3b12ee588cfbc2,creationTime=1388534860114,enabler=null], 9950cbbd4027403ab9752e6f30d2a511=ZenRule[enabled=false,snoozing=false,name=Event,zenMode=ZEN_MODE_ALARMS,conditionId=condition://android/event?userId=-10000&calendar=&reply=1,condition=null,component=ComponentInfo{android/com.android.server.notification.EventConditionProvider},id=9950cbbd4027403ab9752e6f30d2a511,creationTime=1388534860118,enabler=null], 25df437d846a47b8997e24bea363648f=ZenRule[enabled=false,snoozing=false,name=Weekend,zenMode=ZEN_MODE_ALARMS,conditionId=condition://android/schedule?days=6.7&start=23.30&end=10.0&exitAtAlarm=false,condition=null,component=ComponentInfo{android/com.android.server.notification.ScheduleConditionProvider},id=25df437d846a47b8997e24bea363648f,creationTime=1388534860115,enabler=null]},manualRule=null],Diff[automaticRule[a5d5ac85ad4c45eaac3b12ee588cfbc2].condition:null->Condition[id=condition://android/schedule?days=1.2.3.4.5&start=22.0&end=7.0&exitAtAlarm=false,summary=...,line1=...,line2=...,icon=0,state=STATE_TRUE,flags=2]]
01-01 00:07:50.920  2030  2030 E TelephonyProvider: dbh.selectConflictingRow: Expected 1 but found 0 matching rows found for cv password=eramms sub_id=-1 bearer_bitmask=0 numeric=26002 mmsc=http://mms.era.pl/servlets/mms user=eramms mnc=02 mmsport=8080 mmsproxy=213.158.194.226 name=Era MMS server=* mcc=260 apn=eramms type=mms
