01-01 00:05:52.919   333   333 E audio_route: Control 'DEC6 Volume' doesn't exist - skipping
01-01 00:05:52.919   333   333 E audio_route: Control 'DEC5 Volume' doesn't exist - skipping
01-01 00:05:52.919   333   333 E audio_route: Control 'AIF1_CAP Mixer SLIM TX1' already exists in path 'VoLTE-video-NS-mic-handset'
01-01 00:05:52.919   333   333 E audio_route: Control 'DEC6 Volume' doesn't exist - skipping
01-01 00:05:52.919   333   333 E audio_route: Control 'TX5 HPF cut off' doesn't exist - skipping
01-01 00:05:52.919   333   333 E audio_route: Control 'AIF1_CAP Mixer SLIM TX1' already exists in path 'VoLTE-video-NS-mic-speaker'
01-01 00:05:52.920   333   333 E audio_route: unknown enum value string POS_3_DB for ctl EAR PA Gain
01-01 00:05:52.921   333   333 E audio_route: unknown enum value string POS_3_DB for ctl EAR PA Gain
01-01 00:05:52.922   333   333 E audio_route: Control 'TX5 HPF cut off' doesn't exist - skipping
01-01 00:05:52.922   333   333 E audio_route: Control 'DEC6 Volume' doesn't exist - skipping
01-01 00:05:52.922   333   333 E audio_route: Control 'DEC5 Volume' doesn't exist - skipping
01-01 00:05:52.922   333   333 E audio_route: Control 'TX5 HPF cut off' doesn't exist - skipping
01-01 00:05:52.922   333   333 E audio_route: Control 'DEC6 Volume' doesn't exist - skipping
01-01 00:05:52.923   333   333 E audio_route: Control 'TX5 HPF cut off' doesn't exist - skipping
01-01 00:05:52.923   333   333 E audio_route: Control 'DEC6 Volume' doesn't exist - skipping
01-01 00:05:52.923   333   333 E audio_route: Control 'DEC5 Volume' doesn't exist - skipping
01-01 00:05:52.923   333   333 E audio_route: Control 'DEC6 Volume' doesn't exist - skipping
01-01 00:05:52.924   333   333 E audio_route: unknown enum value string POS_3_DB for ctl EAR PA Gain
01-01 00:05:52.925   333   333 E audio_route: Control 'DEC6 Volume' doesn't exist - skipping
01-01 00:05:52.925   333   333 E audio_route: Control 'DEC6 Volume' doesn't exist - skipping
01-01 00:05:52.926   333   333 D msm8974_platform: platform_init: Opened sound card:0
01-01 00:05:52.936   333   333 D ACDB-LOADER: ACDB -> ACDB_CMD_INITIALIZE_V2
01-01 00:05:52.948   333   333 D ACDB-LOADER: ACDB -> ACPH INIT
01-01 00:05:52.948   333   333 D         : [ACPH]->Online service registered with ACPH
01-01 00:05:52.954   333   333 D         : [ACPH]->ACPH init success
01-01 00:05:52.954   333   333 D ACDB-LOADER: ACDB -> RTAC INIT
01-01 00:05:52.954   333   333 D         : [ACPH]->DSP RTC service registered with ACPH
01-01 00:05:52.954   333   333 D ACDB-LOADER: ACDB -> ADIE RTAC INIT
01-01 00:05:52.954   333   333 D         : [ACPH]->ADIE RTC service registered with ACPH
01-01 00:05:52.954   333   333 D ACDB-LOADER: No existing ION info in ACDB driver
01-01 00:05:52.955   333   333 D ACDB-LOADER: ACDB -> ION_IOC_ALLOC
01-01 00:05:52.955   333   333 D ACDB-LOADER: ACDB -> ION_IOC_SHARE
01-01 00:05:52.955   333   333 D ACDB-LOADER: ACDB -> MMAP ADDR
01-01 00:05:52.955   333   333 D ACDB-LOADER: ACDB -> register MEM to ACDB driver: 0xb6cdd000
01-01 00:05:52.956   333   333 D ACDB-LOADER: ACDB -> send_asm_topology
01-01 00:05:52.956   333   333 D ACDB-LOADER: ACDB -> ACDB_CMD_GET_AUDPROC_STREAM_TOPOLOGY_ID
01-01 00:05:52.956   333   333 D ACDB-LOADER: ACDB -> send_adm_custom_topology
01-01 00:05:52.956   333   333 D ACDB-LOADER: ACDB -> ACDB_CMD_GET_AUDIO_COPP_TOPOLOGIES
01-01 00:05:52.956   333   333 D ACDB-LOADER: ACDB -> AUDIO_SET_ADM_CUSTOM_TOPOLOGY
01-01 00:05:52.956   333   333 D ACDB-LOADER: ACDB -> send_asm_custom_topology
01-01 00:05:52.956   333   333 D ACDB-LOADER: ACDB -> ACDB_CMD_GET_AUDIO_POPP_TOPOLOGIES
01-01 00:05:52.956   333   333 D         : ACDBFILE_MGR: Property for the pid 00012E48 not found
01-01 00:05:52.956   333   333 D         : ACDB_COMMAND: Failed to fetch the property info for pid 00012E48 
01-01 00:05:52.956   333   333 E ACDB-LOADER: Error: ACDB get asm topologies returned = -18
01-01 00:05:52.956   333   333 D ACDB-LOADER: ACDB -> AUDIO_SET_ASM_CUSTOM_TOPOLOGY
01-01 00:05:52.956   333   333 D ACDB-LOADER: send mbhc data
01-01 00:05:52.961   333   333 D ACDB-LOADER: ACDB -> ACDB_CMD_GET_ANC_SETTING
01-01 00:05:52.961   333   333 D ACDB-LOADER: ACDB -> ACDB_CMD_GET_ANC_SETTING
01-01 00:05:52.961   333   333 D ACDB-LOADER: ACDB -> ACDB_CMD_GET_ANC_SETTING
01-01 00:05:52.961   333   333 D ACDB-LOADER: ACDB -> ACDB_CMD_GET_ANC_SETTING
01-01 00:05:52.961   333   333 D ACDB-LOADER: ACDB -> ACDB_CMD_GET_ANC_SETTING
01-01 00:05:52.961   333   333 D ACDB-LOADER: ACDB -> ACDB_CMD_GET_ANC_SETTING
01-01 00:05:52.961   333   333 D ACDB-LOADER: ACDB -> ACDB_CMD_GET_ANC_SETTING
01-01 00:05:52.961   333   333 D ACDB-LOADER: ACDB -> init done!
01-01 00:05:52.963   333   333 E msm8974_platform: find_index: Could not find index for name = SND_DEVICE_IN_VOICE_REC_HEADSET_MIC
01-01 00:05:52.963   333   333 E platform_info: process_device_name: Device SND_DEVICE_IN_VOICE_REC_HEADSET_MIC in /system/etc/audio_platform_info.xml not found, no alias set!
01-01 00:05:52.968   333   333 E audio_hw_primary: Amplifier initialization failed
01-01 00:05:52.968   333   333 D audio_hw_primary: select_devices: out_snd_device(2: speaker) in_snd_device(0: )
01-01 00:05:52.968   333   333 W msm8974_platform: Codec backend bitwidth 16, samplerate 48000
01-01 00:05:52.968   333   333 D hardware_info: hw_info_append_hw_type : device_name = speaker
01-01 00:05:52.968   333   333 I msm8974_platform: platform_send_audio_calibration: sending audio calibration for snd_device(2) acdb_id(15)
01-01 00:05:52.968   333   333 D ACDB-LOADER: ACDB -> send_audio_cal, acdb_id = 15, path =  0
01-01 00:05:52.968   333   333 D ACDB-LOADER: ACDB -> send_adm_topology
01-01 00:05:52.968   333   333 D ACDB-LOADER: ACDB -> ACDB_CMD_GET_AUDPROC_COMMON_TOPOLOGY_ID
01-01 00:05:52.968   333   333 D ACDB-LOADER: ACDB -> send_audtable
01-01 00:05:52.968   333   333 D ACDB-LOADER: ACDB -> ACDB_CMD_GET_AUDPROC_COMMON_TABLE
01-01 00:05:52.968   333   333 D ACDB-LOADER: ACDB -> AUDIO_SET_AUDPROC_CAL
01-01 00:05:52.968   333   333 D ACDB-LOADER: ACDB -> send_audvoltable
01-01 00:05:52.968   333   333 D ACDB-LOADER: ACDB -> ACDB_CMD_GET_AUDPROC_GAIN_DEP_STEP_TABLE
01-01 00:05:52.968   333   333 D ACDB-LOADER: ACDB -> AUDIO_SET_AUDPROC_VOL_CAL
01-01 00:05:52.968   333   333 D ACDB-LOADER: ACDB -> send_afe_cal
01-01 00:05:52.968   333   333 D ACDB-LOADER: ACDB -> ACDB_CMD_GET_AFE_COMMON_TABLE
01-01 00:05:52.968   333   333 D ACDB-LOADER: ACDB -> AUDIO_SET_AFE_CAL
01-01 00:05:52.985   333   333 D audio_hw_primary: select_devices: done
01-01 00:05:52.988   333   333 D hardware_info: hw_info_append_hw_type : device_name = speaker
01-01 00:05:52.992   333   333 D audio_hw_primary: select_devices: out_snd_device(2: speaker) in_snd_device(0: )
01-01 00:05:52.992   333   333 W msm8974_platform: Codec backend bitwidth 16, samplerate 48000
01-01 00:05:52.992   333   333 D hardware_info: hw_info_append_hw_type : device_name = speaker
01-01 00:05:52.992   333   333 I msm8974_platform: platform_send_audio_calibration: sending audio calibration for snd_device(2) acdb_id(15)
01-01 00:05:52.992   333   333 D ACDB-LOADER: ACDB -> send_audio_cal, acdb_id = 15, path =  0
01-01 00:05:52.992   333   333 D ACDB-LOADER: ACDB -> send_adm_topology
01-01 00:05:52.992   333   333 D ACDB-LOADER: ACDB -> ACDB_CMD_GET_AUDPROC_COMMON_TOPOLOGY_ID
01-01 00:05:52.992   333   333 D ACDB-LOADER: ACDB -> send_audtable
01-01 00:05:52.992   333   333 D ACDB-LOADER: ACDB -> ACDB_CMD_GET_AUDPROC_COMMON_TABLE
01-01 00:05:52.992   333   333 D ACDB-LOADER: ACDB -> AUDIO_SET_AUDPROC_CAL
01-01 00:05:52.992   333   333 D ACDB-LOADER: ACDB -> send_audvoltable
01-01 00:05:52.992   333   333 D ACDB-LOADER: ACDB -> ACDB_CMD_GET_AUDPROC_GAIN_DEP_STEP_TABLE
01-01 00:05:52.992   333   333 D ACDB-LOADER: ACDB -> AUDIO_SET_AUDPROC_VOL_CAL
01-01 00:05:52.992   333   333 D ACDB-LOADER: ACDB -> send_afe_cal
01-01 00:05:52.992   333   333 D ACDB-LOADER: ACDB -> ACDB_CMD_GET_AFE_COMMON_TABLE
01-01 00:05:52.992   333   333 D ACDB-LOADER: ACDB -> AUDIO_SET_AFE_CAL
01-01 00:05:52.996   333   333 D audio_hw_primary: select_devices: done
01-01 00:05:53.000   333   333 D hardware_info: hw_info_append_hw_type : device_name = speaker
01-01 00:05:53.004   333   333 D audio_hw_primary: select_devices: out_snd_device(0: ) in_snd_device(35: rec-main-mic)
01-01 00:05:53.004   333   333 D hardware_info: hw_info_append_hw_type : device_name = rec-main-mic
01-01 00:05:53.004   333   333 I msm8974_platform: platform_send_audio_calibration: sending audio calibration for snd_device(35) acdb_id(4)
01-01 00:05:53.004   333   333 D ACDB-LOADER: ACDB -> send_audio_cal, acdb_id = 4, path =  1
01-01 00:05:53.004   333   333 D ACDB-LOADER: ACDB -> send_adm_topology
01-01 00:05:53.004   333   333 D ACDB-LOADER: ACDB -> ACDB_CMD_GET_AUDPROC_COMMON_TOPOLOGY_ID
01-01 00:05:53.004   333   333 D ACDB-LOADER: ACDB -> send_audtable
01-01 00:05:53.004   333   333 D ACDB-LOADER: ACDB -> ACDB_CMD_GET_AUDPROC_COMMON_TABLE
01-01 00:05:53.004   333   333 D ACDB-LOADER: ACDB -> AUDIO_SET_AUDPROC_CAL
01-01 00:05:53.004   333   333 D ACDB-LOADER: ACDB -> send_audvoltable
01-01 00:05:53.004   333   333 D ACDB-LOADER: ACDB -> ACDB_CMD_GET_AUDPROC_GAIN_DEP_STEP_TABLE
01-01 00:05:53.004   333   333 D         : Failed to fetch the lookup information of the device 00000004 
01-01 00:05:53.005   333   333 E ACDB-LOADER: Error: ACDB AudProc vol returned = -19
01-01 00:05:53.005   333   333 D ACDB-LOADER: ACDB -> AUDIO_SET_AUDPROC_VOL_CAL
01-01 00:05:53.005   333   333 D ACDB-LOADER: ACDB -> AUDIO_SET_AFE_CAL
01-01 00:05:53.009   333   333 D audio_hw_primary: select_devices: done
01-01 00:05:53.011   333   333 D hardware_info: hw_info_append_hw_type : device_name = rec-main-mic
01-01 00:05:53.018   333   333 D audio_hw_primary: select_devices: out_snd_device(0: ) in_snd_device(35: rec-main-mic)
01-01 00:05:53.018   333   333 D hardware_info: hw_info_append_hw_type : device_name = rec-main-mic
01-01 00:05:53.018   333   333 I msm8974_platform: platform_send_audio_calibration: sending audio calibration for snd_device(35) acdb_id(4)
01-01 00:05:53.018   333   333 D ACDB-LOADER: ACDB -> send_audio_cal, acdb_id = 4, path =  1
01-01 00:05:53.018   333   333 D ACDB-LOADER: ACDB -> send_adm_topology
01-01 00:05:53.018   333   333 D ACDB-LOADER: ACDB -> ACDB_CMD_GET_AUDPROC_COMMON_TOPOLOGY_ID
01-01 00:05:53.018   333   333 D ACDB-LOADER: ACDB -> send_audtable
01-01 00:05:53.018   333   333 D ACDB-LOADER: ACDB -> ACDB_CMD_GET_AUDPROC_COMMON_TABLE
01-01 00:05:53.018   333   333 D ACDB-LOADER: ACDB -> AUDIO_SET_AUDPROC_CAL
01-01 00:05:53.018   333   333 D ACDB-LOADER: ACDB -> send_audvoltable
01-01 00:05:53.018   333   333 D ACDB-LOADER: ACDB -> ACDB_CMD_GET_AUDPROC_GAIN_DEP_STEP_TABLE
01-01 00:05:53.018   333   333 D         : Failed to fetch the lookup information of the device 00000004 
01-01 00:05:53.018   333   333 E ACDB-LOADER: Error: ACDB AudProc vol returned = -19
01-01 00:05:53.018   333   333 D ACDB-LOADER: ACDB -> AUDIO_SET_AUDPROC_VOL_CAL
01-01 00:05:53.018   333   333 D ACDB-LOADER: ACDB -> AUDIO_SET_AFE_CAL
01-01 00:05:53.029   333   333 D audio_hw_primary: select_devices: done
01-01 00:05:53.032   333   333 D hardware_info: hw_info_append_hw_type : device_name = rec-main-mic
01-01 00:05:53.035   333   333 I AudioFlinger: loadHwModule() Loaded primary audio interface from QCOM Audio HAL (audio) handle 10
01-01 00:05:53.035   333   333 I AudioFlinger: openOutput(), module 10 Device 2, SamplingRate 48000, Format 0x000001, Channels 3, flags 2
01-01 00:05:53.035   333   333 D audio_hw_primary: adev_open_output_stream: enter: sample_rate(48000) channel_mask(0x3) devices(0x2) flags(0x2)        stream_handle(0xb61cac40)
01-01 00:05:53.035   333   333 D audio_hw_primary: adev_open_output_stream: Stream (0xb61cac40) picks up usecase (deep-buffer-playback)
01-01 00:05:53.035   333   333 I AudioFlinger: HAL output buffer size 1920 frames, normal sink buffer size 1920 frames
01-01 00:05:53.061   333   333 W EffectsFactory: loadLibrary() failed to open /system/vendor/lib/soundfx/libswdap.so
01-01 00:05:53.062   333   333 W EffectsFactory: loadLibrary() failed to open /system/vendor/lib/soundfx/libhwdap.so
01-01 00:05:53.062   333   333 W EffectsFactory: loadEffect() could not get library proxy
01-01 00:05:53.062   333   333 I BufferProvider: found effect "Multichannel Downmix To Stereo" from The Android Open Source Project
01-01 00:05:53.062   333   333 I AudioFlinger: Using module 10 has the primary audio interface
01-01 00:05:53.073   333   536 I AudioFlinger: AudioFlinger's thread 0xb5883fc0 ready to run
01-01 00:05:53.073   333   536 W BatteryNotifier: batterystats service unavailable!
01-01 00:05:53.074   333   536 D audio_hw_primary: out_set_parameters: enter: usecase(0: deep-buffer-playback) kvpairs: routing=2
01-01 00:05:53.074   333   536 D audio_hw_primary: out_standby: enter: stream (0xb61cac40) usecase(0: deep-buffer-playback)
01-01 00:05:53.074   333   536 W BatteryNotifier: batterystats service unavailable!
01-01 00:05:53.075   333   536 W BatteryNotifier: batterystats service unavailable!
01-01 00:05:53.075   333   536 W AudioFlinger: no wake lock to update, system not ready yet
01-01 00:05:53.075   333   536 E cutils-trace: Error opening trace file: No such file or directory (2)
01-01 00:05:53.076   333   333 I AudioFlinger: openOutput(), module 10 Device 2, SamplingRate 48000, Format 0x000001, Channels 3, flags 4
01-01 00:05:53.076   333   333 D audio_hw_primary: adev_open_output_stream: enter: sample_rate(48000) channel_mask(0x3) devices(0x2) flags(0x4)        stream_handle(0xb61cad80)
01-01 00:05:53.076   333   333 D audio_hw_primary: adev_open_output_stream: Stream (0xb61cad80) picks up usecase (low-latency-playback)
01-01 00:05:53.076   333   333 I AudioFlinger: HAL output buffer size 240 frames, normal sink buffer size 960 frames
01-01 00:05:53.083   333   539 I AudioFlinger: AudioFlinger's thread 0xb57035c0 ready to run
01-01 00:05:53.083   333   539 W BatteryNotifier: batterystats service unavailable!
01-01 00:05:53.083   333   539 D audio_hw_primary: out_set_parameters: enter: usecase(1: low-latency-playback) kvpairs: routing=2
01-01 00:05:53.084   333   539 D audio_hw_primary: out_standby: enter: stream (0xb61cad80) usecase(1: low-latency-playback)
01-01 00:05:53.084   333   539 W BatteryNotifier: batterystats service unavailable!
01-01 00:05:53.085   333   333 I AudioFlinger: openOutput(), module 10 Device 10000, SamplingRate 48000, Format 0x000001, Channels 3, flags 0
01-01 00:05:53.085   333   333 D audio_hw_primary: adev_open_output_stream: enter: sample_rate(48000) channel_mask(0x3) devices(0x10000) flags(0)        stream_handle(0xb61caec0)
01-01 00:05:53.085   333   333 D audio_hw_primary: adev_open_output_stream: Stream (0xb61caec0) picks up usecase (afe-proxy-playback)
01-01 00:05:53.085   333   333 I AudioFlinger: HAL output buffer size 768 frames, normal sink buffer size 1152 frames
01-01 00:05:53.085   333   541 I AudioFlinger: AudioFlinger's thread 0xb5403880 ready to run
01-01 00:05:53.086   333   541 W BatteryNotifier: batterystats service unavailable!
01-01 00:05:53.086   333   541 D audio_hw_primary: out_set_parameters: enter: usecase(29: afe-proxy-playback) kvpairs: routing=65536
01-01 00:05:53.086   333   541 D audio_hw_primary: out_standby: enter: stream (0xb61caec0) usecase(29: afe-proxy-playback)
01-01 00:05:53.086   333   541 W BatteryNotifier: batterystats service unavailable!
01-01 00:05:53.086   333   541 W BatteryNotifier: batterystats service unavailable!
01-01 00:05:53.086   333   541 W AudioFlinger: no wake lock to update, system not ready yet
01-01 00:05:53.087   333   333 D audio_hw_primary: adev_open_input_stream: enter: sample_rate(48000) channel_mask(0xc) devices(0x80000004)        stream_handle(0xb61b4e40) io_handle(14) source(1)
01-01 00:05:53.088   333   539 W BatteryNotifier: batterystats service unavailable!
01-01 00:05:53.088   333   539 W AudioFlinger: no wake lock to update, system not ready yet
01-01 00:05:53.093   333   542 I AudioFlinger: AudioFlinger's thread 0xb5103880 ready to run
01-01 00:05:53.093   333   333 D audio_hw_primary: adev_close_input_stream: enter:stream_handle(0xb61b4e40)
01-01 00:05:53.093   333   333 D audio_hw_primary: in_standby: enter: stream (0xb61b4e40) usecase(9: audio-record)
01-01 00:05:53.094   333   333 D audio_hw_primary: adev_open_input_stream: enter: sample_rate(48000) channel_mask(0xc) devices(0x80000040)        stream_handle(0xb61b4e40) io_handle(22) source(1)
01-01 00:05:53.094   333   333 D audio_hw_primary: adev_open_input_stream: enter: sample_rate(48000) channel_mask(0xc) devices(0x80000040)        stream_handle(0xb61b4e40) io_handle(22) source(1)
01-01 00:05:53.094   333   333 W APM_AudioPolicyManager: Cannot open input stream for device 80000040 on hw module primary
01-01 00:05:53.097   333   333 I bt_a2dp_hw: adev_open:  adev_open in A2dp_hw module
01-01 00:05:53.097   333   333 I AudioFlinger: loadHwModule() Loaded a2dp audio interface from A2DP Audio HW HAL (audio) handle 18
01-01 00:05:53.114   333   333 I AudioFlinger: loadHwModule() Loaded usb audio interface from USB audio HW HAL (audio) handle 26
01-01 00:05:53.117   333   333 I r_submix: adev_open(name=audio_hw_if)
01-01 00:05:53.117   333   333 I r_submix: adev_init_check()
01-01 00:05:53.117   333   333 I AudioFlinger: loadHwModule() Loaded r_submix audio interface from Wifi Display audio HAL (audio) handle 34
01-01 00:05:53.117   333   333 D r_submix: adev_open_input_stream(addr=0)
01-01 00:05:53.117   333   333 D r_submix: submix_audio_device_create_pipe_l(addr=0, idx=9)
01-01 00:05:53.117   333   333 D r_submix:   now using address 0 for route 9
01-01 00:05:53.129   333   544 I AudioFlinger: AudioFlinger's thread 0xb50832c0 ready to run
01-01 00:05:53.129   333   333 D r_submix: adev_close_input_stream()
01-01 00:05:53.129   333   333 D r_submix: submix_audio_device_release_pipe_l(idx=9) addr=0
01-01 00:05:53.129   333   333 D r_submix: submix_audio_device_destroy_pipe_l(): pipe destroyed
01-01 00:05:53.130   333   333 I RadioService: RadioService
01-01 00:05:53.130   333   333 I RadioService: onFirstRef
01-01 00:05:53.131   333   333 E RadioService: couldn't load radio module radio.primary (No such file or directory)
01-01 00:05:53.132   333   333 E SoundTriggerHwService: couldn't load sound trigger module sound_trigger.primary (No such file or directory)
01-01 00:05:53.288   349   349 E QMI_FW  : QMUXD: WARNING qmi_qmux_if_pwr_up_init failed! rc=-1
01-01 00:05:53.288   349   349 E QMI_FW  : QMUXD: WARNING qmi_qmux_if_pwr_up_init failed! rc=-1
01-01 00:05:53.289   349   349 E QMI_FW  : QMUXD: WARNING qmi_qmux_if_pwr_up_init failed! rc=-1
01-01 00:05:53.289   349   349 E QMI_FW  : QMUXD: WARNING qmi_qmux_if_pwr_up_init failed! rc=-1
01-01 00:05:53.289   349   349 E QMI_FW  : QMUXD: WARNING qmi_qmux_if_pwr_up_init failed! rc=-1
01-01 00:05:53.289   349   349 E QMI_FW  : QMUXD: WARNING qmi_qmux_if_pwr_up_init failed! rc=-1
01-01 00:05:53.289   349   349 E QC-time-services: Daemon:genoff_modem_qmi_init: qmi_client_get_service_list returned -2num_services 0
01-01 00:05:53.680   226   226 W auditd  : type=1325 audit(0.0:43): table=filter family=2 entries=13
01-01 00:05:53.680   574   574 W iptables: type=1300 audit(0.0:43): arch=40000028 syscall=294 per=800008 success=yes exit=0 a0=4 a1=0 a2=40 a3=b6c16a00 items=0 ppid=344 auid=4294967295 uid=0 gid=0 euid=0 suid=0 fsuid=0 egid=0 sgid=0 fsgid=0 tty=(none) ses=4294967295 exe="/system/bin/iptables" subj=u:r:netd:s0 key=(null)
01-01 00:05:53.680   226   226 W auditd  : type=1320 audit(0.0:43): 
01-01 00:05:53.700   226   226 W auditd  : type=1325 audit(0.0:44): table=filter family=10 entries=13
01-01 00:05:53.700   575   575 W ip6tables: type=1300 audit(0.0:44): arch=40000028 syscall=294 per=800008 success=yes exit=0 a0=4 a1=29 a2=40 a3=b6c21000 items=0 ppid=344 auid=4294967295 uid=0 gid=0 euid=0 suid=0 fsuid=0 egid=0 sgid=0 fsgid=0 tty=(none) ses=4294967295 exe="/system/bin/ip6tables" subj=u:r:netd:s0 key=(null)
01-01 00:05:53.700   226   226 W auditd  : type=1320 audit(0.0:44): 
01-01 00:05:53.720   226   226 W auditd  : type=1325 audit(0.0:45): table=filter family=2 entries=15
01-01 00:05:53.720   576   576 W iptables: type=1300 audit(0.0:45): arch=40000028 syscall=294 per=800008 success=yes exit=0 a0=4 a1=0 a2=40 a3=b6c25000 items=0 ppid=344 auid=4294967295 uid=0 gid=0 euid=0 suid=0 fsuid=0 egid=0 sgid=0 fsgid=0 tty=(none) ses=4294967295 exe="/system/bin/iptables" subj=u:r:netd:s0 key=(null)
01-01 00:05:53.720   226   226 W auditd  : type=1320 audit(0.0:45): 
01-01 00:05:53.742   334   334 I ServiceManager: Waiting for service media.camera.proxy...
01-01 00:05:53.753   332   332 D AndroidRuntime: >>>>>> START com.android.internal.os.ZygoteInit uid 0 <<<<<<
01-01 00:05:53.750   226   226 W auditd  : type=1325 audit(0.0:46): table=filter family=10 entries=15
01-01 00:05:53.750   577   577 W ip6tables: type=1300 audit(0.0:46): arch=40000028 syscall=294 per=800008 success=yes exit=0 a0=4 a1=29 a2=40 a3=b6c16e00 items=0 ppid=344 auid=4294967295 uid=0 gid=0 euid=0 suid=0 fsuid=0 egid=0 sgid=0 fsgid=0 tty=(none) ses=4294967295 exe="/system/bin/ip6tables" subj=u:r:netd:s0 key=(null)
01-01 00:05:53.750   226   226 W auditd  : type=1320 audit(0.0:46): 
01-01 00:05:53.785   332   332 D AndroidRuntime: CheckJNI is ON
01-01 00:05:53.790   332   332 E cutils-trace: Error opening trace file: No such file or directory (2)
01-01 00:05:53.796   332   332 I art     : option[0]=-Xzygote
01-01 00:05:53.796   332   332 I art     : option[1]=-Xcheck:jni
01-01 00:05:53.796   332   332 I art     : option[2]=-Xstacktracefile:/data/anr/traces.txt
01-01 00:05:53.796   332   332 I art     : option[3]=exit
01-01 00:05:53.796   332   332 I art     : option[4]=vfprintf
01-01 00:05:53.796   332   332 I art     : option[5]=sensitiveThread
01-01 00:05:53.796   332   332 I art     : option[6]=-verbose:gc
01-01 00:05:53.796   332   332 I art     : option[7]=-Xms8m
01-01 00:05:53.796   332   332 I art     : option[8]=-Xmx512m
01-01 00:05:53.796   332   332 I art     : option[9]=-XX:HeapGrowthLimit=128m
01-01 00:05:53.796   332   332 I art     : option[10]=-XX:HeapMinFree=2m
01-01 00:05:53.797   332   332 I art     : option[11]=-XX:HeapMaxFree=8m
01-01 00:05:53.797   332   332 I art     : option[12]=-XX:HeapTargetUtilization=0.75
01-01 00:05:53.797   332   332 I art     : option[13]=-Xusejit:true
01-01 00:05:53.797   332   332 I art     : option[14]=-Xjitsaveprofilinginfo
01-01 00:05:53.797   332   332 I art     : option[15]=-agentlib:jdwp=transport=dt_android_adb,suspend=n,server=y
01-01 00:05:53.797   332   332 I art     : option[16]=-Xlockprofthreshold:500
01-01 00:05:53.797   332   332 I art     : option[17]=-Ximage-compiler-option
01-01 00:05:53.797   332   332 I art     : option[18]=--runtime-arg
01-01 00:05:53.797   332   332 I art     : option[19]=-Ximage-compiler-option
01-01 00:05:53.797   332   332 I art     : option[20]=-Xms64m
01-01 00:05:53.797   332   332 I art     : option[21]=-Ximage-compiler-option
01-01 00:05:53.797   332   332 I art     : option[22]=--runtime-arg
01-01 00:05:53.797   332   332 I art     : option[23]=-Ximage-compiler-option
01-01 00:05:53.797   332   332 I art     : option[24]=-Xmx64m
01-01 00:05:53.797   332   332 I art     : option[25]=-Ximage-compiler-option
01-01 00:05:53.797   332   332 I art     : option[26]=--compiler-filter=verify-at-runtime
01-01 00:05:53.797   332   332 I art     : option[27]=-Ximage-compiler-option
01-01 00:05:53.797   332   332 I art     : option[28]=--image-classes=/system/etc/preloaded-classes
01-01 00:05:53.797   332   332 I art     : option[29]=-Ximage-compiler-option
01-01 00:05:53.797   332   332 I art     : option[30]=--compiled-classes=/system/etc/compiled-classes
01-01 00:05:53.797   332   332 I art     : option[31]=-Xcompiler-option
01-01 00:05:53.797   332   332 I art     : option[32]=--runtime-arg
01-01 00:05:53.797   332   332 I art     : option[33]=-Xcompiler-option
01-01 00:05:53.797   332   332 I art     : option[34]=-Xms64m
01-01 00:05:53.797   332   332 I art     : option[35]=-Xcompiler-option
01-01 00:05:53.797   332   332 I art     : option[36]=--runtime-arg
01-01 00:05:53.797   332   332 I art     : option[37]=-Xcompiler-option
01-01 00:05:53.797   332   332 I art     : option[38]=-Xmx512m
01-01 00:05:53.797   332   332 I art     : option[39]=-Ximage-compiler-option
01-01 00:05:53.797   332   332 I art     : option[40]=--instruction-set-variant=krait
01-01 00:05:53.797   332   332 I art     : option[41]=-Xcompiler-option
01-01 00:05:53.797   332   332 I art     : option[42]=--instruction-set-variant=krait
01-01 00:05:53.798   332   332 I art     : option[43]=-Ximage-compiler-option
01-01 00:05:53.798   332   332 I art     : option[44]=--instruction-set-features=default
01-01 00:05:53.798   332   332 I art     : option[45]=-Xcompiler-option
01-01 00:05:53.798   332   332 I art     : option[46]=--instruction-set-features=default
01-01 00:05:53.798   332   332 I art     : option[47]=-Duser.locale=en-US
01-01 00:05:53.798   332   332 I art     : option[48]=--cpu-abilist=armeabi-v7a,armeabi
01-01 00:05:53.798   332   332 I art     : option[49]=-Xfingerprint:samsung/lineage_s3ve3g/s3ve3g:7.1.2/NJH47F/00b2ebc5b2:eng/test-keys
01-01 00:05:53.834   517   584 E cutils-trace: Error opening trace file: No such file or directory (2)
01-01 00:05:53.837   517   584 D libEGL  : loaded /vendor/lib/egl/libEGL_adreno.so
01-01 00:05:53.839   517   584 D libEGL  : loaded /vendor/lib/egl/libGLESv1_CM_adreno.so
01-01 00:05:53.871   517   584 D libEGL  : loaded /vendor/lib/egl/libGLESv2_adreno.so
01-01 00:05:53.895   517   584 I Adreno-EGL: <qeglDrvAPI_eglInitialize:379>: QUALCOMM Build: 10/09/15, 6cbbf7d, I3193f6e94a
01-01 00:05:53.930   226   226 W auditd  : type=1325 audit(0.0:47): table=filter family=2 entries=16
01-01 00:05:53.930   589   589 W iptables: type=1300 audit(0.0:47): arch=40000028 syscall=294 per=800008 success=yes exit=0 a0=4 a1=0 a2=40 a3=b6c96c00 items=0 ppid=344 auid=4294967295 uid=0 gid=0 euid=0 suid=0 fsuid=0 egid=0 sgid=0 fsgid=0 tty=(none) ses=4294967295 exe="/system/bin/iptables" subj=u:r:netd:s0 key=(null)
01-01 00:05:53.930   226   226 W auditd  : type=1320 audit(0.0:47): 
01-01 00:05:53.950   226   226 W auditd  : type=1325 audit(0.0:48): table=filter family=10 entries=16
01-01 00:05:53.950   590   590 W ip6tables: type=1300 audit(0.0:48): arch=40000028 syscall=294 per=800008 success=yes exit=0 a0=4 a1=29 a2=40 a3=b6c25000 items=0 ppid=344 auid=4294967295 uid=0 gid=0 euid=0 suid=0 fsuid=0 egid=0 sgid=0 fsgid=0 tty=(none) ses=4294967295 exe="/system/bin/ip6tables" subj=u:r:netd:s0 key=(null)
01-01 00:05:53.950   226   226 W auditd  : type=1320 audit(0.0:48): 
01-01 00:05:53.970   226   226 W auditd  : type=1325 audit(0.0:49): table=filter family=2 entries=18
01-01 00:05:53.970   591   591 W iptables: type=1300 audit(0.0:49): arch=40000028 syscall=294 per=800008 success=yes exit=0 a0=4 a1=0 a2=40 a3=b6c28000 items=0 ppid=344 auid=4294967295 uid=0 gid=0 euid=0 suid=0 fsuid=0 egid=0 sgid=0 fsgid=0 tty=(none) ses=4294967295 exe="/system/bin/iptables" subj=u:r:netd:s0 key=(null)
01-01 00:05:54.059   332   332 D ICU     : No timezone override file found: /data/misc/zoneinfo/current/icu/icu_tzdata.dat
01-01 00:05:54.093   316   316 E qdoverlay: Bad ov dump:  mdp_overlay z=0 fg=0 alpha=255 mask=-1 flags=0x220000 id=-1
01-01 00:05:54.094   316   316 E qdoverlay: src msmfb_img w=736 h=1280 format=13 MDP_RGBA_8888
01-01 00:05:54.094   316   316 E qdoverlay: src_rect mdp_rect x=0 y=0 w=720 h=1280
01-01 00:05:54.094   316   316 E qdoverlay: dst_rect mdp_rect x=0 y=0 w=720 h=1280
01-01 00:05:54.186   332   332 W art     : Before Android 4.1, method double java.util.concurrent.ThreadLocalRandom.internalNextDouble(double, double) would have incorrectly overridden the package-private method in java.util.Random
01-01 00:05:54.187   332   332 W art     : Before Android 4.1, method int java.util.concurrent.ThreadLocalRandom.internalNextInt(int, int) would have incorrectly overridden the package-private method in java.util.Random
01-01 00:05:54.187   332   332 W art     : Before Android 4.1, method long java.util.concurrent.ThreadLocalRandom.internalNextLong(long, long) would have incorrectly overridden the package-private method in java.util.Random
01-01 00:05:54.709   332   332 I Radio-JNI: register_android_hardware_Radio DONE
01-01 00:05:54.743   334   334 I ServiceManager: Waiting for service media.camera.proxy...
01-01 00:05:54.770   226   226 W auditd  : type=1325 audit(0.0:63): table=filter family=2 entries=28
01-01 00:05:54.770   638   638 W iptables: type=1300 audit(0.0:63): arch=40000028 syscall=294 per=800008 success=yes exit=0 a0=4 a1=0 a2=40 a3=b6b97400 items=0 ppid=344 auid=4294967295 uid=0 gid=0 euid=0 suid=0 fsuid=0 egid=0 sgid=0 fsgid=0 tty=(none) ses=4294967295 exe="/system/bin/iptables" subj=u:r:netd:s0 key=(null)
01-01 00:05:54.770   226   226 W auditd  : type=1320 audit(0.0:63): 
01-01 00:05:54.790   226   226 W auditd  : type=1325 audit(0.0:64): table=filter family=10 entries=28
01-01 00:05:54.790   639   639 W ip6tables: type=1300 audit(0.0:64): arch=40000028 syscall=294 per=800008 success=yes exit=0 a0=4 a1=29 a2=40 a3=b6ba1000 items=0 ppid=344 auid=4294967295 uid=0 gid=0 euid=0 suid=0 fsuid=0 egid=0 sgid=0 fsgid=0 tty=(none) ses=4294967295 exe="/system/bin/ip6tables" subj=u:r:netd:s0 key=(null)
01-01 00:05:54.790   226   226 W auditd  : type=1320 audit(0.0:64): 
01-01 00:05:54.810   226   226 W auditd  : type=1325 audit(0.0:65): table=filter family=2 entries=30
01-01 00:05:54.810   640   640 W iptables: type=1300 audit(0.0:65): arch=40000028 syscall=294 per=800008 success=yes exit=0 a0=4 a1=0 a2=40 a3=b6c97400 items=0 ppid=344 auid=4294967295 uid=0 gid=0 euid=0 suid=0 fsuid=0 egid=0 sgid=0 fsgid=0 tty=(none) ses=4294967295 exe="/system/bin/iptables" subj=u:r:netd:s0 key=(null)
01-01 00:05:54.810   226   226 W auditd  : type=1320 audit(0.0:65): 
01-01 00:05:54.830   332   332 I SamplingProfilerIntegration: Profiling disabled.
01-01 00:05:54.832   332   332 D Zygote  : begin preload
01-01 00:05:54.832   332   332 I Zygote  : Installing ICU cache reference pinning...
01-01 00:05:54.833   332   332 I Zygote  : Preloading ICU data...
01-01 00:05:54.830   226   226 W auditd  : type=1325 audit(0.0:66): table=filter family=10 entries=30
01-01 00:05:54.830   641   641 W ip6tables: type=1300 audit(0.0:66): arch=40000028 syscall=294 per=800008 success=yes exit=0 a0=4 a1=29 a2=40 a3=b6c97c00 items=0 ppid=344 auid=4294967295 uid=0 gid=0 euid=0 suid=0 fsuid=0 egid=0 sgid=0 fsgid=0 tty=(none) ses=4294967295 exe="/system/bin/ip6tables" subj=u:r:netd:s0 key=(null)
01-01 00:05:54.830   226   226 W auditd  : type=1320 audit(0.0:66): 
01-01 00:05:54.970   226   226 W auditd  : type=1325 audit(0.0:67): table=filter family=2 entries=31
01-01 00:05:54.970   648   648 W iptables: type=1300 audit(0.0:67): arch=40000028 syscall=294 per=800008 success=yes exit=0 a0=4 a1=0 a2=40 a3=b6ba5000 items=0 ppid=344 auid=4294967295 uid=0 gid=0 euid=0 suid=0 fsuid=0 egid=0 sgid=0 fsgid=0 tty=(none) ses=4294967295 exe="/system/bin/iptables" subj=u:r:netd:s0 key=(null)
01-01 00:05:54.970   226   226 W auditd  : type=1320 audit(0.0:67): 
01-01 00:05:54.990   226   226 W auditd  : type=1325 audit(0.0:68): table=filter family=10 entries=31
01-01 00:05:54.990   649   649 W ip6tables: type=1300 audit(0.0:68): arch=40000028 syscall=294 per=800008 success=yes exit=0 a0=4 a1=29 a2=40 a3=b6c25000 items=0 ppid=344 auid=4294967295 uid=0 gid=0 euid=0 suid=0 fsuid=0 egid=0 sgid=0 fsgid=0 tty=(none) ses=4294967295 exe="/system/bin/ip6tables" subj=u:r:netd:s0 key=(null)
01-01 00:05:54.990   226   226 W auditd  : type=1320 audit(0.0:68): 
01-01 00:05:55.010   226   226 W auditd  : type=1325 audit(0.0:69): table=filter family=2 entries=33
01-01 00:05:55.010   650   650 W iptables: type=1300 audit(0.0:69): arch=40000028 syscall=294 per=800008 success=yes exit=0 a0=4 a1=0 a2=40 a3=b6c17800 items=0 ppid=344 auid=4294967295 uid=0 gid=0 euid=0 suid=0 fsuid=0 egid=0 sgid=0 fsgid=0 tty=(none) ses=4294967295 exe="/system/bin/iptables" subj=u:r:netd:s0 key=(null)
01-01 00:05:55.290   349   349 E QMI_FW  : QMUXD: WARNING qmi_qmux_if_pwr_up_init failed! rc=-1
01-01 00:05:55.291   349   349 E QMI_FW  : QMUXD: WARNING qmi_qmux_if_pwr_up_init failed! rc=-1
01-01 00:05:55.291   349   349 E QMI_FW  : QMUXD: WARNING qmi_qmux_if_pwr_up_init failed! rc=-1
01-01 00:05:55.291   349   349 E QC-time-services: Daemon:genoff_modem_qmi_init: qmi_client_get_service_list returned -2num_services 0
01-01 00:05:55.430   332   332 I Zygote  : Preloading classes...
01-01 00:05:55.456   332   332 W Zygote  : Class not found for preloading: [Landroid.view.Display$ColorTransform;
01-01 00:05:55.743   334   334 I ServiceManager: Waiting for service media.camera.proxy...
01-01 00:05:55.790   226   226 W auditd  : type=1325 audit(0.0:86): table=mangle family=10 entries=8
01-01 00:05:55.790   691   691 W ip6tables: type=1300 audit(0.0:86): arch=40000028 syscall=294 per=800008 success=yes exit=0 a0=4 a1=29 a2=40 a3=b6c25000 items=0 ppid=344 auid=4294967295 uid=0 gid=0 euid=0 suid=0 fsuid=0 egid=0 sgid=0 fsgid=0 tty=(none) ses=4294967295 exe="/system/bin/ip6tables" subj=u:r:netd:s0 key=(null)
01-01 00:05:55.790   226   226 W auditd  : type=1320 audit(0.0:86): 
01-01 00:05:55.940   226   226 W auditd  : type=1325 audit(0.0:87): table=mangle family=2 entries=9
01-01 00:05:55.940   698   698 W iptables: type=1300 audit(0.0:87): arch=40000028 syscall=294 per=800008 success=yes exit=0 a0=4 a1=0 a2=40 a3=b6c23000 items=0 ppid=344 auid=4294967295 uid=0 gid=0 euid=0 suid=0 fsuid=0 egid=0 sgid=0 fsgid=0 tty=(none) ses=4294967295 exe="/system/bin/iptables" subj=u:r:netd:s0 key=(null)
01-01 00:05:55.940   226   226 W auditd  : type=1320 audit(0.0:87): 
01-01 00:05:55.970   226   226 W auditd  : type=1325 audit(0.0:88): table=mangle family=10 entries=9
01-01 00:05:55.970   699   699 W ip6tables: type=1300 audit(0.0:88): arch=40000028 syscall=294 per=800008 success=yes exit=0 a0=4 a1=29 a2=40 a3=b6b9f000 items=0 ppid=344 auid=4294967295 uid=0 gid=0 euid=0 suid=0 fsuid=0 egid=0 sgid=0 fsgid=0 tty=(none) ses=4294967295 exe="/system/bin/ip6tables" subj=u:r:netd:s0 key=(null)
01-01 00:05:55.970   226   226 W auditd  : type=1320 audit(0.0:88): 
01-01 00:05:55.990   226   226 W auditd  : type=1325 audit(0.0:89): table=mangle family=2 entries=11
01-01 00:05:55.990   700   700 W iptables: type=1300 audit(0.0:89): arch=40000028 syscall=294 per=800008 success=yes exit=0 a0=4 a1=0 a2=40 a3=b6ba7000 items=0 ppid=344 auid=4294967295 uid=0 gid=0 euid=0 suid=0 fsuid=0 egid=0 sgid=0 fsgid=0 tty=(none) ses=4294967295 exe="/system/bin/iptables" subj=u:r:netd:s0 key=(null)
01-01 00:05:55.990   226   226 W auditd  : type=1320 audit(0.0:89): 
01-01 00:05:56.010   226   226 W auditd  : type=1325 audit(0.0:90): table=mangle family=10 entries=11
01-01 00:05:56.010   701   701 W ip6tables: type=1300 audit(0.0:90): arch=40000028 syscall=294 per=800008 success=yes exit=0 a0=4 a1=29 a2=40 a3=b6c23000 items=0 ppid=344 auid=4294967295 uid=0 gid=0 euid=0 suid=0 fsuid=0 egid=0 sgid=0 fsgid=0 tty=(none) ses=4294967295 exe="/system/bin/ip6tables" subj=u:r:netd:s0 key=(null)
01-01 00:05:56.010   226   226 W auditd  : type=1320 audit(0.0:90): 
01-01 00:05:56.079   333   536 W BatteryNotifier: batterystats service unavailable!
01-01 00:05:56.091   333   539 W BatteryNotifier: batterystats service unavailable!
01-01 00:05:56.093   333   541 W BatteryNotifier: batterystats service unavailable!
01-01 00:05:56.150   226   226 W auditd  : type=1325 audit(0.0:91): table=mangle family=2 entries=12
01-01 00:05:56.150   708   708 W iptables: type=1300 audit(0.0:91): arch=40000028 syscall=294 per=800008 success=yes exit=0 a0=4 a1=0 a2=40 a3=b6c21000 items=0 ppid=344 auid=4294967295 uid=0 gid=0 euid=0 suid=0 fsuid=0 egid=0 sgid=0 fsgid=0 tty=(none) ses=4294967295 exe="/system/bin/iptables" subj=u:r:netd:s0 key=(null)
01-01 00:05:56.150   226   226 W auditd  : type=1320 audit(0.0:91): 
01-01 00:05:56.170   226   226 W auditd  : type=1325 audit(0.0:92): table=mangle family=10 entries=12
01-01 00:05:56.170   709   709 W ip6tables: type=1300 audit(0.0:92): arch=40000028 syscall=294 per=800008 success=yes exit=0 a0=4 a1=29 a2=40 a3=b6ba1000 items=0 ppid=344 auid=4294967295 uid=0 gid=0 euid=0 suid=0 fsuid=0 egid=0 sgid=0 fsgid=0 tty=(none) ses=4294967295 exe="/system/bin/ip6tables" subj=u:r:netd:s0 key=(null)
01-01 00:05:56.785   735   735 F libc    : CANNOT LINK EXECUTABLE "/system/bin/rmt_storage": cannot locate symbol "ioprio_set" referenced by "/system/bin/rmt_storage"...
01-01 00:05:56.785   735   735 F libc    : Fatal signal 6 (SIGABRT), code -6 in tid 735 (rmt_storage)
01-01 00:05:56.787   210   210 W         : debuggerd: handling request: pid=735 uid=0 gid=0 tid=735
01-01 00:05:56.791   737   737 E         : debuggerd: Unable to connect to activity manager (connect failed: No such file or directory)
01-01 00:05:56.791   735   735 F libc    : failed to resend signal during crash: Operation not permitted
01-01 00:05:56.794   737   737 E DEBUG   : unexpected waitpid response: n=735, status=00000000
01-01 00:05:56.794   737   737 E         : debuggerd: timed out waiting for signal
01-01 00:05:56.794   737   737 E         : debuggerd: ptrace detach from 735 failed: No such process
01-01 00:05:56.795   737   737 E         : debuggerd: failed to kill process 735: No such process
01-01 00:05:56.796   210   210 W         : debuggerd: resuming target 735
01-01 00:05:56.796   210   210 E         : debuggerd: failed to send signal 18 to target: No such process
01-01 00:05:56.800   226   226 W auditd  : type=1325 audit(0.0:103): table=filter family=2 entries=44
01-01 00:05:56.800   736   736 W iptables-restor: type=1300 audit(0.0:103): arch=40000028 syscall=294 per=800008 success=yes exit=0 a0=4 a1=0 a2=40 a3=b6c24000 items=0 ppid=344 auid=4294967295 uid=0 gid=0 euid=0 suid=0 fsuid=0 egid=0 sgid=0 fsgid=0 tty=(none) ses=4294967295 exe="/system/bin/iptables" subj=u:r:netd:s0 key=(null)
01-01 00:05:56.800   226   226 W auditd  : type=1320 audit(0.0:103): 
01-01 00:05:56.830   226   226 W auditd  : type=1325 audit(0.0:104): table=filter family=10 entries=50
01-01 00:05:56.830   738   738 W ip6tables-resto: type=1300 audit(0.0:104): arch=40000028 syscall=294 per=800008 success=yes exit=0 a0=4 a1=29 a2=40 a3=b6ba7000 items=0 ppid=344 auid=4294967295 uid=0 gid=0 euid=0 suid=0 fsuid=0 egid=0 sgid=0 fsgid=0 tty=(none) ses=4294967295 exe="/system/bin/ip6tables" subj=u:r:netd:s0 key=(null)
01-01 00:05:56.830   226   226 W auditd  : type=1320 audit(0.0:104): 
01-01 00:05:56.870   226   226 W auditd  : type=1325 audit(0.0:105): table=filter family=2 entries=50
01-01 00:05:56.875   344   344 V NatController: runCmd(/system/bin/iptables -w -F natctrl_FORWARD) res=0
01-01 00:05:56.870   742   742 W iptables: type=1300 audit(0.0:105): arch=40000028 syscall=294 per=800008 success=yes exit=0 a0=4 a1=0 a2=40 a3=b6c18800 items=0 ppid=344 auid=4294967295 uid=0 gid=0 euid=0 suid=0 fsuid=0 egid=0 sgid=0 fsgid=0 tty=(none) ses=4294967295 exe="/system/bin/iptables" subj=u:r:netd:s0 key=(null)
01-01 00:05:56.870   226   226 W auditd  : type=1320 audit(0.0:105): 
01-01 00:05:56.890   226   226 W auditd  : type=1325 audit(0.0:106): table=filter family=10 entries=62
01-01 00:05:56.890   744   744 W ip6tables: type=1300 audit(0.0:106): arch=40000028 syscall=294 per=800008 success=yes exit=0 a0=4 a1=29 a2=40 a3=b6c19800 items=0 ppid=344 auid=4294967295 uid=0 gid=0 euid=0 suid=0 fsuid=0 egid=0 sgid=0 fsgid=0 tty=(none) ses=4294967295 exe="/system/bin/ip6tables" subj=u:r:netd:s0 key=(null)
01-01 00:05:56.890   226   226 W auditd  : type=1320 audit(0.0:106): 
01-01 00:05:56.905   344   344 V NatController: runCmd(/system/bin/ip6tables -w -F natctrl_FORWARD) res=0
01-01 00:05:56.920   226   226 W auditd  : type=1325 audit(0.0:107): table=filter family=2 entries=50
01-01 00:05:56.920   745   745 W iptables: type=1300 audit(0.0:107): arch=40000028 syscall=294 per=800008 success=yes exit=0 a0=4 a1=0 a2=40 a3=b6c98800 items=0 ppid=344 auid=4294967295 uid=0 gid=0 euid=0 suid=0 fsuid=0 egid=0 sgid=0 fsgid=0 tty=(none) ses=4294967295 exe="/system/bin/iptables" subj=u:r:netd:s0 key=(null)
01-01 00:05:56.920   226   226 W auditd  : type=1320 audit(0.0:107): 
01-01 00:05:56.933   344   344 V NatController: runCmd(/system/bin/iptables -w -A natctrl_FORWARD -j DROP) res=0
01-01 00:05:56.950   226   226 W auditd  : type=1325 audit(0.0:108): table=nat family=2 entries=11
01-01 00:05:56.960   344   344 V NatController: runCmd(/system/bin/iptables -w -t nat -F natctrl_nat_POSTROUTING) res=0
01-01 00:05:56.950   746   746 W iptables: type=1300 audit(0.0:108): arch=40000028 syscall=294 per=800008 success=yes exit=0 a0=4 a1=0 a2=40 a3=b6c27000 items=0 ppid=344 auid=4294967295 uid=0 gid=0 euid=0 suid=0 fsuid=0 egid=0 sgid=0 fsgid=0 tty=(none) ses=4294967295 exe="/system/bin/iptables" subj=u:r:netd:s0 key=(null)
01-01 00:05:56.950   226   226 W auditd  : type=1320 audit(0.0:108): 
01-01 00:05:56.970   226   226 W auditd  : type=1325 audit(0.0:109): table=raw family=10 entries=12
01-01 00:05:56.970   747   747 W ip6tables: type=1300 audit(0.0:109): arch=40000028 syscall=294 per=800008 success=yes exit=0 a0=4 a1=29 a2=40 a3=b6b96c00 items=0 ppid=344 auid=4294967295 uid=0 gid=0 euid=0 suid=0 fsuid=0 egid=0 sgid=0 fsgid=0 tty=(none) ses=4294967295 exe="/system/bin/ip6tables" subj=u:r:netd:s0 key=(null)
01-01 00:05:56.984   344   344 V NatController: runCmd(/system/bin/ip6tables -w -t raw -F natctrl_raw_PREROUTING) res=0
01-01 00:05:57.013   344   344 V NatController: runCmd(/system/bin/iptables -w -F natctrl_tether_counters) res=1
01-01 00:05:57.035   344   344 V NatController: runCmd(/system/bin/ip6tables -w -F natctrl_tether_counters) res=1
01-01 00:05:57.054   344   344 V NatController: runCmd(/system/bin/iptables -w -X natctrl_tether_counters) res=1
01-01 00:05:57.083   344   344 V NatController: runCmd(/system/bin/ip6tables -w -X natctrl_tether_counters) res=1
01-01 00:05:57.105   344   344 V NatController: runCmd(/system/bin/iptables -w -N natctrl_tether_counters) res=0
01-01 00:05:57.130   344   344 V NatController: runCmd(/system/bin/ip6tables -w -N natctrl_tether_counters) res=0
01-01 00:05:57.151   344   344 V NatController: runCmd(/system/bin/iptables -w -t mangle -A natctrl_mangle_FORWARD -p tcp --tcp-flags SYN SYN -j TCPMSS --clamp-mss-to-pmtu) res=0
01-01 00:05:57.182   332   332 E Typeface: Error mapping font file /system/fonts/DroidSansFallback.ttf
01-01 00:05:57.292   349   349 E QMI_FW  : QMUXD: WARNING qmi_qmux_if_pwr_up_init failed! rc=-1
01-01 00:05:57.293   349   349 E QMI_FW  : QMUXD: WARNING qmi_qmux_if_pwr_up_init failed! rc=-1
01-01 00:05:57.293   349   349 E QMI_FW  : QMUXD: WARNING qmi_qmux_if_pwr_up_init failed! rc=-1
01-01 00:05:57.293   349   349 E QC-time-services: Daemon:genoff_modem_qmi_init: qmi_client_get_service_list returned -2num_services 0
01-01 00:05:57.507   344   344 D MDnsDS  : MDnsSdListener::Hander starting up
01-01 00:05:57.508   344   773 D MDnsDS  : MDnsSdListener starting to monitor
01-01 00:05:57.508   344   773 D MDnsDS  : Going to poll with pollCount 1
01-01 00:05:59.294   349   349 E QMI_FW  : QMUXD: WARNING qmi_qmux_if_pwr_up_init failed! rc=-1
01-01 00:05:59.294   349   349 E QMI_FW  : QMUXD: WARNING qmi_qmux_if_pwr_up_init failed! rc=-1
01-01 00:05:59.294   349   349 E QMI_FW  : QMUXD: WARNING qmi_qmux_if_pwr_up_init failed! rc=-1
01-01 00:05:59.294   349   349 E QC-time-services: Daemon:genoff_modem_qmi_init: qmi_client_get_service_list returned -2num_services 0
01-01 00:06:01.295   349   349 E QMI_FW  : QMUXD: WARNING qmi_qmux_if_pwr_up_init failed! rc=-1
01-01 00:06:01.295   349   349 E QMI_FW  : QMUXD: WARNING qmi_qmux_if_pwr_up_init failed! rc=-1
01-01 00:06:01.295   349   349 E QMI_FW  : QMUXD: WARNING qmi_qmux_if_pwr_up_init failed! rc=-1
01-01 00:06:01.295   349   349 E QC-time-services: Daemon:genoff_modem_qmi_init: qmi_client_get_service_list returned -2num_services 0
01-01 00:06:01.431   332   332 I art     : Thread[1,tid=332,Native,Thread*=0xb4304400,peer=0x12c04f70,"main"] recursive attempt to load library "/system/lib/libmedia_jni.so"
01-01 00:06:01.431   332   332 D MtpDeviceJNI: register_android_mtp_MtpDevice
01-01 00:06:01.435   332   332 I art     : Thread[1,tid=332,Native,Thread*=0xb4304400,peer=0x12c04f70,"main"] recursive attempt to load library "/system/lib/libmedia_jni.so"
01-01 00:06:01.436   332   332 I art     : Thread[1,tid=332,Native,Thread*=0xb4304400,peer=0x12c04f70,"main"] recursive attempt to load library "/system/lib/libmedia_jni.so"
01-01 00:06:01.606   332   332 E FFMPEGSoftCodec: Failed to load FFMPEG plugin: (null)
01-01 00:06:01.839   782   782 F libc    : CANNOT LINK EXECUTABLE "/system/bin/rmt_storage": cannot locate symbol "ioprio_set" referenced by "/system/bin/rmt_storage"...
01-01 00:06:01.839   782   782 F libc    : Fatal signal 6 (SIGABRT), code -6 in tid 782 (rmt_storage)
01-01 00:06:01.841   210   210 W         : debuggerd: handling request: pid=782 uid=0 gid=0 tid=782
01-01 00:06:01.853   783   783 E         : debuggerd: Unable to connect to activity manager (connect failed: No such file or directory)
01-01 00:06:01.853   782   782 F libc    : failed to resend signal during crash: Operation not permitted
01-01 00:06:01.854   783   783 E DEBUG   : unexpected waitpid response: n=782, status=00000000
01-01 00:06:01.855   783   783 E         : debuggerd: timed out waiting for signal
01-01 00:06:01.855   783   783 E         : debuggerd: ptrace detach from 782 failed: No such process
01-01 00:06:01.856   210   210 W         : debuggerd: resuming target 782
01-01 00:06:01.856   210   210 E         : debuggerd: failed to send signal 18 to target: No such process
01-01 00:06:03.178   332   332 W Zygote  : Class not found for preloading: android.view.Display$ColorTransform
01-01 00:06:03.179   332   332 W Zygote  : Class not found for preloading: android.view.Display$ColorTransform$1
01-01 00:06:03.296   349   349 E QMI_FW  : QMUXD: WARNING qmi_qmux_if_pwr_up_init failed! rc=-1
01-01 00:06:03.296   349   349 E QMI_FW  : QMUXD: WARNING qmi_qmux_if_pwr_up_init failed! rc=-1
01-01 00:06:03.297   349   349 E QMI_FW  : QMUXD: WARNING qmi_qmux_if_pwr_up_init failed! rc=-1
01-01 00:06:03.297   349   349 E QC-time-services: Daemon:genoff_modem_qmi_init: qmi_client_get_service_list returned -2num_services 0
01-01 00:06:03.297   349   349 E QC-time-services: Daemon:genoff_modem_qmi_init:retry count exceeds limitQMI init failed continuing withoutserver
01-01 00:06:03.353   349   349 E QC-time-services: Daemon: QMI init failed, QMI calls inactive
01-01 00:06:03.354   349   786 D QC-time-services: Daemon: Time-services: All initializations done
01-01 00:06:03.354   349   786 E QC-time-services: Daemon: Time-services: Waiting to acceptconnection
01-01 00:06:04.081   332   332 W System  : ClassLoader referenced unknown path: /system/framework/tcmclient.jar
01-01 00:06:05.040   332   332 I System  : Loaded time zone names for "" in 286ms (95ms in ICU)
01-01 00:06:05.277   332   332 I System  : Loaded time zone names for "en_US" in 236ms (48ms in ICU)
01-01 00:06:05.882   788   788 F libc    : CANNOT LINK EXECUTABLE "/system/bin/rmt_storage": cannot locate symbol "ioprio_set" referenced by "/system/bin/rmt_storage"...
01-01 00:06:05.882   788   788 F libc    : Fatal signal 6 (SIGABRT), code -6 in tid 788 (rmt_storage)
01-01 00:06:05.883   210   210 W         : debuggerd: handling request: pid=788 uid=0 gid=0 tid=788
01-01 00:06:05.886   789   789 E         : debuggerd: Unable to connect to activity manager (connect failed: No such file or directory)
01-01 00:06:05.886   788   788 F libc    : failed to resend signal during crash: Operation not permitted
01-01 00:06:05.936   789   789 E DEBUG   : unexpected waitpid response: n=788, status=00000000
01-01 00:06:05.936   789   789 E         : debuggerd: timed out waiting for signal
01-01 00:06:05.936   789   789 E         : debuggerd: ptrace detach from 788 failed: No such process
01-01 00:06:05.937   789   789 E         : debuggerd: failed to kill process 788: No such process
01-01 00:06:05.938   210   210 W         : debuggerd: resuming target 788
01-01 00:06:05.938   210   210 E         : debuggerd: failed to send signal 18 to target: No such process
01-01 00:06:06.661   332   332 I Zygote  : ...preloaded 4158 classes in 11231ms.
01-01 00:06:06.661   332   332 I art     : VMRuntime.preloadDexCaches starting
01-01 00:06:06.827   332   332 I art     : VMRuntime.preloadDexCaches strings total=288463 before=12009 after=12009
01-01 00:06:06.828   332   332 I art     : VMRuntime.preloadDexCaches types total=23812 before=9280 after=11325
01-01 00:06:06.828   332   332 I art     : VMRuntime.preloadDexCaches fields total=113938 before=41161 after=54106
01-01 00:06:06.828   332   332 I art     : VMRuntime.preloadDexCaches methods total=199719 before=78594 after=96706
01-01 00:06:06.828   332   332 I art     : VMRuntime.preloadDexCaches finished
01-01 00:06:06.829   332   332 I Zygote  : Preloading resources...
01-01 00:06:06.948   332   332 W Resources: Preloaded drawable resource #0x108025c (android:drawable/dialog_background_material) that varies with configuration!!
01-01 00:06:06.975   332   332 W Resources: Preloaded color resource #0x10600ea (android:color/material_grey_800) that varies with configuration!!
01-01 00:06:06.975   332   332 W Resources: Preloaded drawable resource #0x10802c9 (android:drawable/floating_popup_background_dark) that varies with configuration!!
01-01 00:06:07.341   332   332 I Zygote  : ...preloaded 114 resources in 512ms.
