01-01 00:07:45.129  1870  1870 W ip6tables-resto: type=1300 audit(0.0:143): arch=40000028 syscall=294 per=800008 success=yes exit=0 a0=4 a1=29 a2=40 a3=b6c25c00 items=0 ppid=344 auid=4294967295 uid=0 gid=0 euid=0 suid=0 fsuid=0 egid=0 sgid=0 fsgid=0 tty=(none) ses=4294967295 exe="/system/bin/ip6tables" subj=u:r:netd:s0 key=(null)
01-01 00:07:45.129   226   226 W auditd  : type=1320 audit(0.0:143): 
01-01 00:07:45.129   226   226 W auditd  : type=1325 audit(0.0:144): table=mangle family=10 entries=16
01-01 00:07:45.129  1870  1870 W ip6tables-resto: type=1300 audit(0.0:144): arch=40000028 syscall=294 per=800008 success=yes exit=0 a0=4 a1=29 a2=40 a3=b6c16e00 items=0 ppid=344 auid=4294967295 uid=0 gid=0 euid=0 suid=0 fsuid=0 egid=0 sgid=0 fsgid=0 tty=(none) ses=4294967295 exe="/system/bin/ip6tables" subj=u:r:netd:s0 key=(null)
01-01 00:07:45.129   226   226 W auditd  : type=1320 audit(0.0:144): 
01-01 00:07:45.143   342   342 W ACodec  : do not know color format 0x7fa30c04 = 2141391876
01-01 00:07:45.144   342   342 W ACodec  : do not know color format 0x7f000789 = 2130708361
01-01 00:07:45.158   339   501 E OMXNodeInstance: getConfig(1530011:qcom.encoder.h263, ConfigAndroidIntraRefresh(0x6f60000a)) ERROR: UnsupportedIndex(0x8000101a)
01-01 00:07:45.162   342   342 I MediaPlayerService: MediaPlayerService::getOMX
01-01 00:07:45.163   342   342 I OMXClient: MuxOMX ctor
01-01 00:07:45.163   790  1711 D AssetAtlas: Rendered atlas in 95.16ms (64.65+30.51ms)
01-01 00:07:45.163   339   501 I OMXMaster: makeComponentInstance(OMX.qcom.video.decoder.avc) in mediacodec process
01-01 00:07:45.179   226   226 W auditd  : type=1325 audit(0.0:145): table=filter family=2 entries=65
01-01 00:07:45.179  1883  1883 W iptables-restor: type=1300 audit(0.0:145): arch=40000028 syscall=294 per=800008 success=yes exit=0 a0=4 a1=0 a2=40 a3=b6c25000 items=0 ppid=344 auid=4294967295 uid=0 gid=0 euid=0 suid=0 fsuid=0 egid=0 sgid=0 fsgid=0 tty=(none) ses=4294967295 exe="/system/bin/iptables" subj=u:r:netd:s0 key=(null)
01-01 00:07:45.179   226   226 W auditd  : type=1320 audit(0.0:145): 
01-01 00:07:45.179   226   226 W auditd  : type=1325 audit(0.0:146): table=raw family=2 entries=12
01-01 00:07:45.179  1883  1883 W iptables-restor: type=1300 audit(0.0:146): arch=40000028 syscall=294 per=800008 success=yes exit=0 a0=4 a1=0 a2=40 a3=b6c22000 items=0 ppid=344 auid=4294967295 uid=0 gid=0 euid=0 suid=0 fsuid=0 egid=0 sgid=0 fsgid=0 tty=(none) ses=4294967295 exe="/system/bin/iptables" subj=u:r:netd:s0 key=(null)
01-01 00:07:45.179   226   226 W auditd  : type=1320 audit(0.0:146): 
01-01 00:07:45.179   226   226 W auditd  : type=1325 audit(0.0:147): table=mangle family=2 entries=16
01-01 00:07:45.192   339   339 E OMXNodeInstance: getParameter(1530012:qcom.decoder.avc, ??(0x7f000044)) ERROR: UnsupportedSetting(0x80001019)
01-01 00:07:45.192   339   339 E OMXNodeInstance: getParameter(1530012:qcom.decoder.avc, ??(0x7f000044)) ERROR: UnsupportedSetting(0x80001019)
01-01 00:07:45.193   339  1830 E OMXNodeInstance: getExtensionIndex(1530012:qcom.decoder.avc, OMX.google.android.index.configureVideoTunnelMode) ERROR: NotImplemented(0x80001006)
01-01 00:07:45.179  1883  1883 W iptables-restor: type=1300 audit(0.0:147): arch=40000028 syscall=294 per=800008 success=yes exit=0 a0=4 a1=0 a2=40 a3=b6c17c00 items=0 ppid=344 auid=4294967295 uid=0 gid=0 euid=0 suid=0 fsuid=0 egid=0 sgid=0 fsgid=0 tty=(none) ses=4294967295 exe="/system/bin/iptables" subj=u:r:netd:s0 key=(null)
01-01 00:07:45.179   226   226 W auditd  : type=1320 audit(0.0:147): 
01-01 00:07:45.197   342   342 I MediaPlayerService: MediaPlayerService::getOMX
01-01 00:07:45.198   342   342 I OMXClient: MuxOMX ctor
01-01 00:07:45.198   339   339 I OMXMaster: makeComponentInstance(OMX.qcom.video.decoder.avc.secure) in mediacodec process
01-01 00:07:45.213   339  1830 E OMXNodeInstance: getParameter(1530013:qcom.decoder.avc.secure, ??(0x7f000044)) ERROR: UnsupportedSetting(0x80001019)
01-01 00:07:45.215   339  1830 E OMXNodeInstance: getParameter(1530013:qcom.decoder.avc.secure, ??(0x7f000044)) ERROR: UnsupportedSetting(0x80001019)
01-01 00:07:45.216   339   339 E OMXNodeInstance: getExtensionIndex(1530013:qcom.decoder.avc.secure, OMX.google.android.index.configureVideoTunnelMode) ERROR: NotImplemented(0x80001006)
01-01 00:07:45.216   339  1830 E OMXNodeInstance: setParameter(1530013:qcom.decoder.avc.secure, OMX.google.android.index.storeMetaDataInBuffers(0x7f00001c): Output:1 en=1 type=1) ERROR: UnsupportedSetting(0x80001019)
01-01 00:07:45.219   226   226 W auditd  : type=1325 audit(0.0:148): table=filter family=10 entries=76
01-01 00:07:45.219  1887  1887 W ip6tables-resto: type=1300 audit(0.0:148): arch=40000028 syscall=294 per=800008 success=yes exit=0 a0=4 a1=29 a2=40 a3=b6c2a600 items=0 ppid=344 auid=4294967295 uid=0 gid=0 euid=0 suid=0 fsuid=0 egid=0 sgid=0 fsgid=0 tty=(none) ses=4294967295 exe="/system/bin/ip6tables" subj=u:r:netd:s0 key=(null)
01-01 00:07:45.227   342   342 I MediaPlayerService: MediaPlayerService::getOMX
01-01 00:07:45.228   342   342 I OMXClient: MuxOMX ctor
01-01 00:07:45.228   339   501 I OMXMaster: makeComponentInstance(OMX.qcom.video.decoder.mpeg2) in mediacodec process
01-01 00:07:45.237   790   790 E NetdConnector: NDC Command {5 bandwidth enable} took too long (895ms)
01-01 00:07:45.239   339   339 E OMXNodeInstance: getParameter(1530014:qcom.decoder.mpeg2, ??(0x7f000044)) ERROR: UnsupportedSetting(0x80001019)
01-01 00:07:45.243   339   339 E OMXNodeInstance: getParameter(1530014:qcom.decoder.mpeg2, ??(0x7f000044)) ERROR: UnsupportedSetting(0x80001019)
01-01 00:07:45.244   339   501 E OMXNodeInstance: getExtensionIndex(1530014:qcom.decoder.mpeg2, OMX.google.android.index.configureVideoTunnelMode) ERROR: NotImplemented(0x80001006)
01-01 00:07:45.244   339   339 E OMXNodeInstance: setParameter(1530014:qcom.decoder.mpeg2, OMX.google.android.index.storeMetaDataInBuffers(0x7f00001c): Output:1 en=1 type=1) ERROR: UnsupportedSetting(0x80001019)
01-01 00:07:45.251   342   342 I MediaPlayerService: MediaPlayerService::getOMX
01-01 00:07:45.252   342   342 I OMXClient: MuxOMX ctor
01-01 00:07:45.252   339  1830 I OMXMaster: makeComponentInstance(OMX.qcom.video.decoder.mpeg4) in mediacodec process
01-01 00:07:45.264   339   501 E OMXNodeInstance: getParameter(1530015:qcom.decoder.mpeg4, ??(0x7f000044)) ERROR: UnsupportedSetting(0x80001019)
01-01 00:07:45.265   339   501 E OMXNodeInstance: getParameter(1530015:qcom.decoder.mpeg4, ??(0x7f000044)) ERROR: UnsupportedSetting(0x80001019)
01-01 00:07:45.266   339  1830 E OMXNodeInstance: getExtensionIndex(1530015:qcom.decoder.mpeg4, OMX.google.android.index.configureVideoTunnelMode) ERROR: NotImplemented(0x80001006)
01-01 00:07:45.270   342   342 I MediaPlayerService: MediaPlayerService::getOMX
01-01 00:07:45.271   342   342 I OMXClient: MuxOMX ctor
01-01 00:07:45.271   339   501 I OMXMaster: makeComponentInstance(OMX.qcom.video.decoder.h263) in mediacodec process
01-01 00:07:45.290   339   501 E OMXNodeInstance: getParameter(1530016:qcom.decoder.h263, ??(0x7f000044)) ERROR: UnsupportedSetting(0x80001019)
01-01 00:07:45.291   339   501 E OMXNodeInstance: getParameter(1530016:qcom.decoder.h263, ??(0x7f000044)) ERROR: UnsupportedSetting(0x80001019)
01-01 00:07:45.295   339  1830 E OMXNodeInstance: getExtensionIndex(1530016:qcom.decoder.h263, OMX.google.android.index.configureVideoTunnelMode) ERROR: NotImplemented(0x80001006)
01-01 00:07:45.300   342   342 I MediaPlayerService: MediaPlayerService::getOMX
01-01 00:07:45.301   342   342 I OMXClient: MuxOMX ctor
01-01 00:07:45.301   339   501 I OMXMaster: makeComponentInstance(OMX.google.mpeg4.decoder) in mediacodec process
01-01 00:07:45.313   339   501 E OMXNodeInstance: getExtensionIndex(1530017:google.mpeg4.decoder, OMX.google.android.index.configureVideoTunnelMode) ERROR: UnsupportedIndex(0x8000101a)
01-01 00:07:45.313   339   339 W OMXNodeInstance: [1530017:google.mpeg4.decoder] component does not support metadata mode; using fallback
01-01 00:07:45.316   342   342 I MediaPlayerService: MediaPlayerService::getOMX
01-01 00:07:45.317   342   342 I OMXClient: MuxOMX ctor
01-01 00:07:45.317   339  1830 I OMXMaster: makeComponentInstance(OMX.google.h263.decoder) in mediacodec process
01-01 00:07:45.321   339  1830 E OMXNodeInstance: getExtensionIndex(1530018:google.h263.decoder, OMX.google.android.index.configureVideoTunnelMode) ERROR: UnsupportedIndex(0x8000101a)
01-01 00:07:45.321   339   501 W OMXNodeInstance: [1530018:google.h263.decoder] component does not support metadata mode; using fallback
01-01 00:07:45.328   342   342 I MediaPlayerService: MediaPlayerService::getOMX
01-01 00:07:45.329   342   342 I OMXClient: MuxOMX ctor
01-01 00:07:45.329   339   339 I OMXMaster: makeComponentInstance(OMX.google.h264.decoder) in mediacodec process
01-01 00:07:45.354   342   342 W ACodec  : [OMX.google.h264.decoder] stopping checking profiles after 32: 2/8000
01-01 00:07:45.355   339   339 E OMXNodeInstance: getExtensionIndex(1530019:google.h264.decoder, OMX.google.android.index.configureVideoTunnelMode) ERROR: UnsupportedIndex(0x8000101a)
01-01 00:07:45.356   339  1830 W OMXNodeInstance: [1530019:google.h264.decoder] component does not support metadata mode; using fallback
01-01 00:07:45.358   342   342 I MediaPlayerService: MediaPlayerService::getOMX
01-01 00:07:45.359   342   342 I OMXClient: MuxOMX ctor
01-01 00:07:45.359   339   501 I OMXMaster: makeComponentInstance(OMX.google.hevc.decoder) in mediacodec process
01-01 00:07:45.381   339  1830 E OMXNodeInstance: getExtensionIndex(153001a:google.hevc.decoder, OMX.google.android.index.configureVideoTunnelMode) ERROR: UnsupportedIndex(0x8000101a)
01-01 00:07:45.381   339   339 W OMXNodeInstance: [153001a:google.hevc.decoder] component does not support metadata mode; using fallback
01-01 00:07:45.384   342   342 I MediaPlayerService: MediaPlayerService::getOMX
01-01 00:07:45.385   342   342 I OMXClient: MuxOMX ctor
01-01 00:07:45.385   339   501 I OMXMaster: makeComponentInstance(OMX.google.vp8.decoder) in mediacodec process
01-01 00:07:45.389   790   790 W NetworkManagement: setDataSaverMode(): already false
01-01 00:07:45.389   344   777 D CommandListener: Setting iface cfg
01-01 00:07:45.391   344   777 D CommandListener: Trying to bring down wlan0
01-01 00:07:45.400   339  1830 E OMXNodeInstance: getExtensionIndex(153001b:google.vp8.decoder, OMX.google.android.index.configureVideoTunnelMode) ERROR: UnsupportedIndex(0x8000101a)
01-01 00:07:45.400   339  1830 W OMXNodeInstance: [153001b:google.vp8.decoder] component does not support metadata mode; using fallback
01-01 00:07:45.403   342   342 I MediaPlayerService: MediaPlayerService::getOMX
01-01 00:07:45.404   342   342 I OMXClient: MuxOMX ctor
01-01 00:07:45.404   339   339 I OMXMaster: makeComponentInstance(OMX.google.vp9.decoder) in mediacodec process
01-01 00:07:45.410   344   777 D CommandListener: Clearing all IP addresses on wlan0
01-01 00:07:45.412   339  1830 E OMXNodeInstance: getExtensionIndex(153001c:google.vp9.decoder, OMX.google.android.index.configureVideoTunnelMode) ERROR: UnsupportedIndex(0x8000101a)
01-01 00:07:45.412   339   339 W OMXNodeInstance: [153001c:google.vp9.decoder] component does not support metadata mode; using fallback
01-01 00:07:45.414   342   342 I MediaPlayerService: MediaPlayerService::getOMX
01-01 00:07:45.414   342   342 I OMXClient: MuxOMX ctor
01-01 00:07:45.415   339   501 I OMXMaster: makeComponentInstance(OMX.google.h263.encoder) in mediacodec process
01-01 00:07:45.422   339   501 I SoftMPEG4Encoder: Construct SoftMPEG4Encoder
01-01 00:07:45.424   342   342 W ACodec  : do not know color format 0x7f000789 = 2130708361
01-01 00:07:45.425   339   339 E OMXNodeInstance: getConfig(153001d:google.h263.encoder, ConfigAndroidIntraRefresh(0x6f60000a)) ERROR: Undefined(0x80001001)
01-01 00:07:45.429   342   342 I MediaPlayerService: MediaPlayerService::getOMX
01-01 00:07:45.430   342   342 I OMXClient: MuxOMX ctor
01-01 00:07:45.431   339   339 I OMXMaster: makeComponentInstance(OMX.google.h264.encoder) in mediacodec process
01-01 00:07:45.443   790   790 W ConnectivityExtension: ConnectivityExt jar file not present
01-01 00:07:45.449   342   342 W ACodec  : do not know color format 0x7f000789 = 2130708361
01-01 00:07:45.453   790  1693 D wifi    : set interface wlan0 flags (UP)
01-01 00:07:45.455   790  1693 I WifiHAL : Initializing wifi
01-01 00:07:45.458   790  1693 E WifiHAL : wifi_error acquire_supported_features(wifi_interface_handle, feature_set *): requestResponse Error:-95
01-01 00:07:45.458   790  1693 I WifiHAL : Failed to get supported feature set : -95
01-01 00:07:45.461   342   342 I MediaPlayerService: MediaPlayerService::getOMX
01-01 00:07:45.461   342   342 I OMXClient: MuxOMX ctor
01-01 00:07:45.461   339   339 I OMXMaster: makeComponentInstance(OMX.google.mpeg4.encoder) in mediacodec process
01-01 00:07:45.463   339   339 I SoftMPEG4Encoder: Construct SoftMPEG4Encoder
01-01 00:07:45.465   342   342 W ACodec  : do not know color format 0x7f000789 = 2130708361
01-01 00:07:45.466   339  1830 E OMXNodeInstance: getConfig(153001f:google.mpeg4.encoder, ConfigAndroidIntraRefresh(0x6f60000a)) ERROR: Undefined(0x80001001)
01-01 00:07:45.468   342   342 I MediaPlayerService: MediaPlayerService::getOMX
01-01 00:07:45.468   342   342 I OMXClient: MuxOMX ctor
01-01 00:07:45.468   339  1830 I OMXMaster: makeComponentInstance(OMX.google.vp8.encoder) in mediacodec process
01-01 00:07:45.473   790  1693 E WifiHAL : get_firmware_bus_max_size_supported: requestResponse Error:-95
01-01 00:07:45.474   790  1693 E WifiHAL : Failed to get supported bus size, error : -95
01-01 00:07:45.474   790  1693 D wifi    : Did set static halHandle = 0x9cadd400
01-01 00:07:45.474   790  1693 D wifi    : halHandle = 0x9cadd400, mVM = 0xb435f000, mCls = 0x200a16
01-01 00:07:45.474   790  1693 D wifi    : array field set
01-01 00:07:45.478   790  1688 W ConnectivityExtension: ConnectivityExt jar file not present
01-01 00:07:45.489   342   342 W ACodec  : do not know color format 0x7f000789 = 2130708361
01-01 00:07:45.489   339   501 E OMXNodeInstance: getConfig(1530020:google.vp8.encoder, ConfigAndroidIntraRefresh(0x6f60000a)) ERROR: Undefined(0x80001001)
01-01 00:07:45.492   790  1924 I WifiNative-HAL: Waiting for HAL events mWifiHalHandle=-1666329600
01-01 00:07:45.492   790  1924 D wifi    : waitForHalEvents called, vm = 0xb435f000, obj = 0x200a16, env = 0xa7ae1c10
01-01 00:07:45.496   342   342 I MediaPlayerService: MediaPlayerService::getOMX
01-01 00:07:45.497   342   342 I OMXClient: MuxOMX ctor
01-01 00:07:45.497   339   501 I OMXMaster: makeComponentInstance(OMX.ffmpeg.aac.decoder) in mediacodec process
01-01 00:07:45.497   339   501 V FFmpegOMXPlugin: makeComponentInstance 'OMX.ffmpeg.aac.decoder'
01-01 00:07:45.497   339   501 D SoftFFmpegAudio: SoftFFmpegAudio component: OMX.ffmpeg.aac.decoder mCodingType: 21
01-01 00:07:45.497   790  1693 D WifiMonitor: startMonitoring(wlan0) with mConnected = false
01-01 00:07:45.593  1787  1787 I vol.Events: writeEvent collection_started
01-01 00:07:45.613   339   339 E OMXNodeInstance: getParameter(1530021:ffmpeg.aac.decoder, ??(0x6f400005)) ERROR: UnsupportedIndex(0x8000101a)
01-01 00:07:45.613   342   342 W ACodec  : component OMX.ffmpeg.aac.decoder doesn't support profile query.
01-01 00:07:45.620   342   342 I MediaPlayerService: MediaPlayerService::getOMX
01-01 00:07:45.623   342   342 I OMXClient: MuxOMX ctor
01-01 00:07:45.623   339   339 I OMXMaster: makeComponentInstance(OMX.ffmpeg.ac3.decoder) in mediacodec process
01-01 00:07:45.623   339   339 V FFmpegOMXPlugin: makeComponentInstance 'OMX.ffmpeg.ac3.decoder'
01-01 00:07:45.624   339   339 D SoftFFmpegAudio: SoftFFmpegAudio component: OMX.ffmpeg.ac3.decoder mCodingType: 2130706434
01-01 00:07:45.629   342   342 I MediaPlayerService: MediaPlayerService::getOMX
01-01 00:07:45.630   342   342 I OMXClient: MuxOMX ctor
01-01 00:07:45.630   339   501 I OMXMaster: makeComponentInstance(OMX.ffmpeg.alac.decoder) in mediacodec process
01-01 00:07:45.630   339   501 V FFmpegOMXPlugin: makeComponentInstance 'OMX.ffmpeg.alac.decoder'
01-01 00:07:45.630   339   501 D SoftFFmpegAudio: SoftFFmpegAudio component: OMX.ffmpeg.alac.decoder mCodingType: 2130706437
01-01 00:07:45.632   790   790 D NetworkPolicy: setRestrictBackgroundUL(): false
01-01 00:07:45.638  1787  1933 I vol.Events: writeEvent external_ringer_mode_changed normal
01-01 00:07:45.639  1787  1933 I vol.Events: writeEvent internal_ringer_mode_changed normal
01-01 00:07:45.645   342   342 I MediaPlayerService: MediaPlayerService::getOMX
01-01 00:07:45.646   342   342 I OMXClient: MuxOMX ctor
01-01 00:07:45.646   339  1830 I OMXMaster: makeComponentInstance(OMX.ffmpeg.ape.decoder) in mediacodec process
01-01 00:07:45.646   339  1830 V FFmpegOMXPlugin: makeComponentInstance 'OMX.ffmpeg.ape.decoder'
01-01 00:07:45.646   339  1830 D SoftFFmpegAudio: SoftFFmpegAudio component: OMX.ffmpeg.ape.decoder mCodingType: 2130706435
01-01 00:07:45.649   342   342 I MediaPlayerService: MediaPlayerService::getOMX
01-01 00:07:45.649   342   342 I OMXClient: MuxOMX ctor
01-01 00:07:45.650   339   339 I OMXMaster: makeComponentInstance(OMX.ffmpeg.atrial.decoder) in mediacodec process
01-01 00:07:45.650   339   339 V FFmpegOMXPlugin: makeComponentInstance 'OMX.ffmpeg.atrial.decoder'
01-01 00:07:45.650   339   339 D SoftFFmpegAudio: SoftFFmpegAudio component: OMX.ffmpeg.atrial.decoder mCodingType: 1
01-01 00:07:45.651   342   342 I MediaPlayerService: MediaPlayerService::getOMX
01-01 00:07:45.652   342   342 I OMXClient: MuxOMX ctor
01-01 00:07:45.652   339   501 I OMXMaster: makeComponentInstance(OMX.ffmpeg.dts.decoder) in mediacodec process
01-01 00:07:45.652   339   501 V FFmpegOMXPlugin: makeComponentInstance 'OMX.ffmpeg.dts.decoder'
01-01 00:07:45.652   339   501 D SoftFFmpegAudio: SoftFFmpegAudio component: OMX.ffmpeg.dts.decoder mCodingType: 2130706436
01-01 00:07:45.654   790   790 W NetworkManagement: setDataSaverMode(): already false
01-01 00:07:45.655  1927  1927 I wpa_supplicant: Successfully initialized wpa_supplicant
01-01 00:07:45.657   342   342 I MediaPlayerService: MediaPlayerService::getOMX
01-01 00:07:45.657   342   342 I OMXClient: MuxOMX ctor
01-01 00:07:45.657   339  1830 I OMXMaster: makeComponentInstance(OMX.ffmpeg.flac.decoder) in mediacodec process
01-01 00:07:45.657   339  1830 V FFmpegOMXPlugin: makeComponentInstance 'OMX.ffmpeg.flac.decoder'
01-01 00:07:45.658   339  1830 D SoftFFmpegAudio: SoftFFmpegAudio component: OMX.ffmpeg.flac.decoder mCodingType: 28
01-01 00:07:45.660   342   342 I MediaPlayerService: MediaPlayerService::getOMX
01-01 00:07:45.661   342   342 I OMXClient: MuxOMX ctor
01-01 00:07:45.661   339   339 I OMXMaster: makeComponentInstance(OMX.ffmpeg.mp2.decoder) in mediacodec process
01-01 00:07:45.661   339   339 V FFmpegOMXPlugin: makeComponentInstance 'OMX.ffmpeg.mp2.decoder'
01-01 00:07:45.661   339   339 D SoftFFmpegAudio: SoftFFmpegAudio component: OMX.ffmpeg.mp2.decoder mCodingType: 2130706433
01-01 00:07:45.666   342   342 I MediaPlayerService: MediaPlayerService::getOMX
01-01 00:07:45.666  1927  1927 I wpa_supplicant: rfkill: Cannot open RFKILL control device
01-01 00:07:45.666   342   342 I OMXClient: MuxOMX ctor
01-01 00:07:45.670   339   501 I OMXMaster: makeComponentInstance(OMX.ffmpeg.ra.decoder) in mediacodec process
01-01 00:07:45.670   339   501 V FFmpegOMXPlugin: makeComponentInstance 'OMX.ffmpeg.ra.decoder'
01-01 00:07:45.670   339   501 D SoftFFmpegAudio: SoftFFmpegAudio component: OMX.ffmpeg.ra.decoder mCodingType: 26
01-01 00:07:45.674   342   342 I MediaPlayerService: MediaPlayerService::getOMX
01-01 00:07:45.675   342   342 I OMXClient: MuxOMX ctor
01-01 00:07:45.675   339  1830 I OMXMaster: makeComponentInstance(OMX.ffmpeg.wma.decoder) in mediacodec process
01-01 00:07:45.675   339  1830 V FFmpegOMXPlugin: makeComponentInstance 'OMX.ffmpeg.wma.decoder'
01-01 00:07:45.675   339  1830 D SoftFFmpegAudio: SoftFFmpegAudio component: OMX.ffmpeg.wma.decoder mCodingType: 25
01-01 00:07:45.684   342   342 I MediaPlayerService: MediaPlayerService::getOMX
01-01 00:07:45.685   342   342 I OMXClient: MuxOMX ctor
01-01 00:07:45.685   339   339 I OMXMaster: makeComponentInstance(OMX.ffmpeg.divx.decoder) in mediacodec process
01-01 00:07:45.685   339   339 V FFmpegOMXPlugin: makeComponentInstance 'OMX.ffmpeg.divx.decoder'
01-01 00:07:45.685   339   339 D SoftFFmpegVideo: SoftFFmpegVideo component: OMX.ffmpeg.divx.decoder codingType=2130706435 appData: 0xb4783000
01-01 00:07:45.687   339   501 E OMXNodeInstance: getExtensionIndex(153002b:ffmpeg.divx.decoder, OMX.google.android.index.configureVideoTunnelMode) ERROR: UnsupportedIndex(0x8000101a)
01-01 00:07:45.688   339  1830 W OMXNodeInstance: [153002b:ffmpeg.divx.decoder] component does not support metadata mode; using fallback
01-01 00:07:45.690   342   342 I MediaPlayerService: MediaPlayerService::getOMX
01-01 00:07:45.691   342   342 I OMXClient: MuxOMX ctor
01-01 00:07:45.692   339   339 I OMXMaster: makeComponentInstance(OMX.ffmpeg.flv1.decoder) in mediacodec process
01-01 00:07:45.692   339   339 V FFmpegOMXPlugin: makeComponentInstance 'OMX.ffmpeg.flv1.decoder'
01-01 00:07:45.692   339   339 D SoftFFmpegVideo: SoftFFmpegVideo component: OMX.ffmpeg.flv1.decoder codingType=2130706434 appData: 0xb4783000
01-01 00:07:45.694   339   501 E OMXNodeInstance: getExtensionIndex(153002c:ffmpeg.flv1.decoder, OMX.google.android.index.configureVideoTunnelMode) ERROR: UnsupportedIndex(0x8000101a)
01-01 00:07:45.694   339  1830 W OMXNodeInstance: [153002c:ffmpeg.flv1.decoder] component does not support metadata mode; using fallback
01-01 00:07:45.697   342   342 I MediaPlayerService: MediaPlayerService::getOMX
01-01 00:07:45.698   342   342 I OMXClient: MuxOMX ctor
01-01 00:07:45.698   339   339 I OMXMaster: makeComponentInstance(OMX.ffmpeg.mpeg2.decoder) in mediacodec process
01-01 00:07:45.698   339   339 V FFmpegOMXPlugin: makeComponentInstance 'OMX.ffmpeg.mpeg2.decoder'
01-01 00:07:45.698   339   339 D SoftFFmpegVideo: SoftFFmpegVideo component: OMX.ffmpeg.mpeg2.decoder codingType=2 appData: 0xb4783000
01-01 00:07:45.699   339   501 E OMXNodeInstance: getExtensionIndex(153002d:ffmpeg.mpeg2.decoder, OMX.google.android.index.configureVideoTunnelMode) ERROR: UnsupportedIndex(0x8000101a)
01-01 00:07:45.700   339  1830 W OMXNodeInstance: [153002d:ffmpeg.mpeg2.decoder] component does not support metadata mode; using fallback
01-01 00:07:45.701   342   342 I MediaPlayerService: MediaPlayerService::getOMX
01-01 00:07:45.702   342   342 I OMXClient: MuxOMX ctor
01-01 00:07:45.702   339   339 I OMXMaster: makeComponentInstance(OMX.ffmpeg.mpeg4.decoder) in mediacodec process
01-01 00:07:45.702   339   339 V FFmpegOMXPlugin: makeComponentInstance 'OMX.ffmpeg.mpeg4.decoder'
01-01 00:07:45.702   339   339 D SoftFFmpegVideo: SoftFFmpegVideo component: OMX.ffmpeg.mpeg4.decoder codingType=4 appData: 0xb4783000
01-01 00:07:45.704   339   339 E OMXNodeInstance: getExtensionIndex(153002e:ffmpeg.mpeg4.decoder, OMX.google.android.index.configureVideoTunnelMode) ERROR: UnsupportedIndex(0x8000101a)
01-01 00:07:45.704   339   501 W OMXNodeInstance: [153002e:ffmpeg.mpeg4.decoder] component does not support metadata mode; using fallback
01-01 00:07:45.706   342   342 I MediaPlayerService: MediaPlayerService::getOMX
01-01 00:07:45.707   342   342 I OMXClient: MuxOMX ctor
01-01 00:07:45.707   339  1830 I OMXMaster: makeComponentInstance(OMX.ffmpeg.rv.decoder) in mediacodec process
01-01 00:07:45.707   339  1830 V FFmpegOMXPlugin: makeComponentInstance 'OMX.ffmpeg.rv.decoder'
01-01 00:07:45.707   339  1830 D SoftFFmpegVideo: SoftFFmpegVideo component: OMX.ffmpeg.rv.decoder codingType=6 appData: 0xb4783000
01-01 00:07:45.709   339   339 E OMXNodeInstance: getExtensionIndex(153002f:ffmpeg.rv.decoder, OMX.google.android.index.configureVideoTunnelMode) ERROR: UnsupportedIndex(0x8000101a)
01-01 00:07:45.709   339   501 W OMXNodeInstance: [153002f:ffmpeg.rv.decoder] component does not support metadata mode; using fallback
01-01 00:07:45.712   342   342 I MediaPlayerService: MediaPlayerService::getOMX
01-01 00:07:45.713   342   342 I OMXClient: MuxOMX ctor
01-01 00:07:45.714   339  1830 I OMXMaster: makeComponentInstance(OMX.ffmpeg.vc1.decoder) in mediacodec process
01-01 00:07:45.714   339  1830 V FFmpegOMXPlugin: makeComponentInstance 'OMX.ffmpeg.vc1.decoder'
01-01 00:07:45.714   339  1830 D SoftFFmpegVideo: SoftFFmpegVideo component: OMX.ffmpeg.vc1.decoder codingType=2130706433 appData: 0xb4783000
01-01 00:07:45.716   339   339 E OMXNodeInstance: getExtensionIndex(1530030:ffmpeg.vc1.decoder, OMX.google.android.index.configureVideoTunnelMode) ERROR: UnsupportedIndex(0x8000101a)
01-01 00:07:45.716   339   501 W OMXNodeInstance: [1530030:ffmpeg.vc1.decoder] component does not support metadata mode; using fallback
01-01 00:07:45.718   342   342 I MediaPlayerService: MediaPlayerService::getOMX
01-01 00:07:45.718   342   342 I OMXClient: MuxOMX ctor
01-01 00:07:45.718   339  1830 I OMXMaster: makeComponentInstance(OMX.ffmpeg.vtrial.decoder) in mediacodec process
01-01 00:07:45.718   339  1830 V FFmpegOMXPlugin: makeComponentInstance 'OMX.ffmpeg.vtrial.decoder'
01-01 00:07:45.718   339  1830 D SoftFFmpegVideo: SoftFFmpegVideo component: OMX.ffmpeg.vtrial.decoder codingType=1 appData: 0xb4783000
01-01 00:07:45.720   339   339 E OMXNodeInstance: getExtensionIndex(1530031:ffmpeg.vtrial.decoder, OMX.google.android.index.configureVideoTunnelMode) ERROR: UnsupportedIndex(0x8000101a)
01-01 00:07:45.720   339   501 W OMXNodeInstance: [1530031:ffmpeg.vtrial.decoder] component does not support metadata mode; using fallback
01-01 00:07:45.722   342   342 I MediaPlayerService: MediaPlayerService::getOMX
01-01 00:07:45.722   342   342 I OMXClient: MuxOMX ctor
01-01 00:07:45.723   339  1830 I OMXMaster: makeComponentInstance(OMX.ffmpeg.wmv.decoder) in mediacodec process
01-01 00:07:45.723   339  1830 V FFmpegOMXPlugin: makeComponentInstance 'OMX.ffmpeg.wmv.decoder'
01-01 00:07:45.723   339  1830 D SoftFFmpegVideo: SoftFFmpegVideo component: OMX.ffmpeg.wmv.decoder codingType=5 appData: 0xb4783000
01-01 00:07:45.724   339   339 E OMXNodeInstance: getExtensionIndex(1530032:ffmpeg.wmv.decoder, OMX.google.android.index.configureVideoTunnelMode) ERROR: UnsupportedIndex(0x8000101a)
01-01 00:07:45.725   339   501 W OMXNodeInstance: [1530032:ffmpeg.wmv.decoder] component does not support metadata mode; using fallback
01-01 00:07:45.726   342   342 I MediaPlayerService: MediaPlayerService::getOMX
01-01 00:07:45.728   342   342 I OMXClient: MuxOMX ctor
01-01 00:07:45.738   342   342 I MediaPlayerService: MediaPlayerService::getOMX
01-01 00:07:45.738   342   342 I OMXClient: MuxOMX ctor
01-01 00:07:45.739   342   342 W MediaCodecList: unable to open media codecs configuration xml file: /data/misc/media/media_codecs_profiling_results.xml
01-01 00:07:45.741   342   342 I MediaPlayerService: MediaPlayerService::getOMX
01-01 00:07:45.741   342  1827 I MediaPlayerService: MediaPlayerService::getOMX
01-01 00:07:45.742   790  1810 I OMXClient: MuxOMX ctor
01-01 00:07:45.744  1787  1869 I OMXClient: MuxOMX ctor
01-01 00:07:45.745   339  1830 I OMXMaster: makeComponentInstance(OMX.google.vorbis.decoder) in mediacodec process
01-01 00:07:45.749   339   339 I OMXMaster: makeComponentInstance(OMX.google.vorbis.decoder) in mediacodec process
01-01 00:07:45.783  1769  1769 W InputAttributes: No editor info for this field. Bug?
01-01 00:07:45.790  1927  1927 I wpa_supplicant: rfkill: Cannot open RFKILL control device
01-01 00:07:45.810   342   342 I MediaPlayerService: MediaPlayerService::getOMX
01-01 00:07:45.811   790  1977 I OMXClient: MuxOMX ctor
01-01 00:07:45.813   339  1830 I OMXMaster: makeComponentInstance(OMX.google.vorbis.decoder) in mediacodec process
01-01 00:07:45.869   342   527 I MediaPlayerService: MediaPlayerService::getOMX
01-01 00:07:45.874  1787  1983 I OMXClient: MuxOMX ctor
01-01 00:07:45.876  1769  1982 I LatinIME:LogUtils: Dictionary info: dictionary = userunigram.en_US ; version = 1388534865 ; date = ?
01-01 00:07:45.881  1769  1982 E ActivityThread: Failed to find provider info for user_dictionary
01-01 00:07:45.881   339   501 I OMXMaster: makeComponentInstance(OMX.google.vorbis.decoder) in mediacodec process
01-01 00:07:45.886  1769  1982 I LatinIME:LogUtils: Dictionary info: dictionary = UserHistoryDictionary.en_US ; version = 1388534865 ; date = ?
01-01 00:07:45.895   342  1879 I MediaPlayerService: MediaPlayerService::getOMX
01-01 00:07:45.898   790  1987 I OMXClient: MuxOMX ctor
01-01 00:07:45.899   339  1830 I OMXMaster: makeComponentInstance(OMX.google.vorbis.decoder) in mediacodec process
01-01 00:07:45.913   790   871 E BluetoothManagerService: MESSAGE_TIMEOUT_BIND
01-01 00:07:45.989   790  1693 D WifiConfigManager: Loading config and enabling all networks 
01-01 00:07:45.998   790  1693 I WifiNetworkHistory: readNetworkHistory: no config file, java.io.FileNotFoundException: /data/misc/wifi/networkHistory.txt (No such file or directory)
01-01 00:07:46.000   790  1693 D WifiConfigManager: loaded 0 passpoint configs
01-01 00:07:46.003   790  1693 E IpConfigStore: Error parsing configuration: java.io.FileNotFoundException: /data/misc/wifi/ipconfig.txt (No such file or directory)
01-01 00:07:46.007   342   527 I MediaPlayerService: MediaPlayerService::getOMX
01-01 00:07:46.008   342  1879 I MediaPlayerService: MediaPlayerService::getOMX
01-01 00:07:46.009  1787  1793 I art     : Do partial code cache collection, code=27KB, data=30KB
01-01 00:07:46.010  1787  1793 I art     : After code cache collection, code=26KB, data=29KB
01-01 00:07:46.010  1787  1793 I art     : Increasing code cache capacity to 128KB
01-01 00:07:46.010   790  1996 I OMXClient: MuxOMX ctor
01-01 00:07:46.011  1787  1995 I OMXClient: MuxOMX ctor
01-01 00:07:46.014   339   501 I OMXMaster: makeComponentInstance(OMX.google.vorbis.decoder) in mediacodec process
01-01 00:07:46.017   339   339 I OMXMaster: makeComponentInstance(OMX.google.vorbis.decoder) in mediacodec process
01-01 00:07:46.047  1769  1982 I BinaryDictionaryFileDumper: reinitializeClientRecordInDictionaryContentProvider() : MetadataFileUri = 
01-01 00:07:46.087   342   527 I MediaPlayerService: MediaPlayerService::getOMX
01-01 00:07:46.089   790  2002 I OMXClient: MuxOMX ctor
01-01 00:07:46.094   339   339 I OMXMaster: makeComponentInstance(OMX.google.vorbis.decoder) in mediacodec process
01-01 00:07:46.172   342  1833 I MediaPlayerService: MediaPlayerService::getOMX
01-01 00:07:46.174   790  2005 I OMXClient: MuxOMX ctor
01-01 00:07:46.177   339  1830 I OMXMaster: makeComponentInstance(OMX.google.vorbis.decoder) in mediacodec process
01-01 00:07:46.188   790  1693 D WifiConfigManager: --- Begin /data/misc/wifi/wpa_supplicant.conf ---
01-01 00:07:46.189   790  1693 D WifiConfigManager: update_config=1
01-01 00:07:46.189   790  1693 D WifiConfigManager: eapol_version=1
01-01 00:07:46.189   790  1693 D WifiConfigManager: ap_scan=1
01-01 00:07:46.190   790  1693 D WifiConfigManager: fast_reauth=1
01-01 00:07:46.190   790  1693 D WifiConfigManager: pmf=1
01-01 00:07:46.190   790  1693 D WifiConfigManager: --- End /data/misc/wifi/wpa_supplicant.conf Contents ---
01-01 00:07:46.190   790  1693 D WifiConfigManager: --- Begin /data/misc/wifi/wpa_supplicant.conf.tmp ---
01-01 00:07:46.192   790  1693 W WifiConfigManager: Could not open /data/misc/wifi/wpa_supplicant.conf.tmp, java.io.FileNotFoundException: /data/misc/wifi/wpa_supplicant.conf.tmp (No such file or directory)
01-01 00:07:46.192   790  1693 D WifiConfigManager: --- End /data/misc/wifi/wpa_supplicant.conf.tmp Contents ---
01-01 00:07:46.192   790  1693 D WifiConfigManager: --- Begin /data/misc/wifi/networkHistory.txt ---
01-01 00:07:46.194   790  1693 W WifiConfigManager: Could not open /data/misc/wifi/networkHistory.txt, java.io.FileNotFoundException: /data/misc/wifi/networkHistory.txt (No such file or directory)
01-01 00:07:46.194   790  1693 D WifiConfigManager: --- End /data/misc/wifi/networkHistory.txt Contents ---
01-01 00:07:46.197  1769  1982 I LatinIME:LogUtils: Dictionary info: dictionary = main:bg ; version = 1 ; date = 1457766000
01-01 00:07:46.226  1769  1982 I LatinIME:LogUtils: Dictionary info: dictionary = main:cs ; version = 44 ; date = 1393228134
01-01 00:07:46.235  1769  1982 I LatinIME:LogUtils: Dictionary info: dictionary = main:da ; version = 44 ; date = 1393228134
01-01 00:07:46.252  1769  1982 I LatinIME:LogUtils: Dictionary info: dictionary = main:de ; version = 54 ; date = 1414726263
01-01 00:07:46.254   790  1693 D WifiNative-HAL: Setting external_sim to 1
01-01 00:07:46.262   790  1693 D wifi    : setting dfs flag to true, 0x9cae13c0
01-01 00:07:46.263   790  1693 D WifiStateMachine: Setting OUI to DA-A1-19
01-01 00:07:46.263   790  1693 D wifi    : setting scan oui 0x9cae13c0
01-01 00:07:46.263   790  1693 E WifiHAL : wifi_set_scanning_mac_oui: requestResponse Error:-95
01-01 00:07:46.275  1769  1982 I LatinIME:LogUtils: Dictionary info: dictionary = main:el ; version = 44 ; date = 1393228134
01-01 00:07:46.280  1769  1982 I LatinIME:LogUtils: Dictionary info: dictionary = main:en ; version = 54 ; date = 1414726273
01-01 00:07:46.288   790  1693 I WifiConnectivityManager: PNO settings: min5GHzRssi -82 min24GHzRssi -85 currentConnectionBonus 16 sameNetworkBonus 24 secureNetworkBonus 80 initialScoreMax 100
01-01 00:07:46.288   790  1693 I WifiConnectivityManager: ConnectivityScanManager initialized and disabled
01-01 00:07:46.289   790  1693 I WifiConnectivityManager: setUntrustedConnectionAllowed: allowed=false
01-01 00:07:46.289   790  1693 D wifi    : android_net_wifi_get_firmware_version = 0x9cae13c0
01-01 00:07:46.290   790  1693 E WifiHAL : wifi_get_firmware_version: Error -95 happened. 
01-01 00:07:46.290   790  1693 E wifi    : Fail to get Firmware version
01-01 00:07:46.290   790  1693 D wifi    : android_net_wifi_get_driver_version = 0x9cae13c0
01-01 00:07:46.291   790  1693 E WifiHAL : wifi_get_driver_version: Error -95 happened. 
01-01 00:07:46.291   790  1693 E wifi    : Fail to get driver version
01-01 00:07:46.294   790  1693 D wifi    : android_net_wifi_set_log_handler = 0x9cae13c0
01-01 00:07:46.294   790  1693 D wifi    : android_net_wifi_get_ring_buffer_status = 0x9cae13c0
01-01 00:07:46.294   790  1693 D wifi    : status is 0xa7ae7b80, number is 5
01-01 00:07:46.295  1769  1982 I LatinIME:LogUtils: Dictionary info: dictionary = main:es ; version = 54 ; date = 1414726268
01-01 00:07:46.296   790  1693 D wifi    : android_net_wifi_start_logging_ring_buffer = 0x9cae13c0
01-01 00:07:46.296   790  1693 E WifiHAL : wifi_start_logging: Error -95 happened. 
01-01 00:07:46.296   790  1693 E wifi    : Fail to start logging for ring power_events_rb
01-01 00:07:46.296   790  1693 D wifi    : android_net_wifi_start_logging_ring_buffer = 0x9cae13c0
01-01 00:07:46.297   790  1693 E WifiHAL : wifi_start_logging: Error -95 happened. 
01-01 00:07:46.297   790  1693 E wifi    : Fail to start logging for ring connectivity_events_rb
01-01 00:07:46.297   790  1693 D wifi    : android_net_wifi_start_logging_ring_buffer = 0x9cae13c0
01-01 00:07:46.297   790  1693 E WifiHAL : wifi_start_logging: Error -95 happened. 
01-01 00:07:46.297   790  1693 E wifi    : Fail to start logging for ring pkt_stats_rb
01-01 00:07:46.297   790  1693 D wifi    : android_net_wifi_start_logging_ring_buffer = 0x9cae13c0
01-01 00:07:46.297   790  1693 E WifiHAL : wifi_start_logging: Error -95 happened. 
01-01 00:07:46.297   790  1693 E wifi    : Fail to start logging for ring driver_prints_rb
01-01 00:07:46.297   790  1693 D wifi    : android_net_wifi_start_logging_ring_buffer = 0x9cae13c0
01-01 00:07:46.298   790  1693 E WifiHAL : wifi_start_logging: Error -95 happened. 
01-01 00:07:46.298   790  1693 E wifi    : Fail to start logging for ring firmware_prints_rb
01-01 00:07:46.298   790  1693 D wifi    : android_net_wifi_start_logging_ring_buffer = 0x9cae13c0
01-01 00:07:46.298   790  1693 E WifiHAL : wifi_start_logging: Error -95 happened. 
01-01 00:07:46.298   790  1693 E wifi    : Fail to start logging for ring power_events_rb
01-01 00:07:46.298   790  1693 D wifi    : android_net_wifi_start_logging_ring_buffer = 0x9cae13c0
01-01 00:07:46.298   790   790 I SystemServiceManager: Starting phase 600
01-01 00:07:46.299   790  1693 E WifiHAL : wifi_start_logging: Error -95 happened. 
01-01 00:07:46.299   790  1693 E wifi    : Fail to start logging for ring connectivity_events_rb
01-01 00:07:46.299   790  1693 D wifi    : android_net_wifi_start_logging_ring_buffer = 0x9cae13c0
01-01 00:07:46.299   790  1693 E WifiHAL : wifi_start_logging: Error -95 happened. 
01-01 00:07:46.299   790  1693 E wifi    : Fail to start logging for ring pkt_stats_rb
01-01 00:07:46.299   790  1693 D wifi    : android_net_wifi_start_logging_ring_buffer = 0x9cae13c0
01-01 00:07:46.299   790  1693 E WifiHAL : wifi_start_logging: Error -95 happened. 
01-01 00:07:46.299   790  1693 E wifi    : Fail to start logging for ring driver_prints_rb
01-01 00:07:46.299   790  1693 D wifi    : android_net_wifi_start_logging_ring_buffer = 0x9cae13c0
01-01 00:07:46.299   790  1693 E WifiHAL : wifi_start_logging: Error -95 happened. 
01-01 00:07:46.299   790  1693 E wifi    : Fail to start logging for ring firmware_prints_rb
01-01 00:07:46.305  1769  1982 I LatinIME:LogUtils: Dictionary info: dictionary = main:fi ; version = 44 ; date = 1393228135
01-01 00:07:46.321  1769  1982 I LatinIME:LogUtils: Dictionary info: dictionary = main:fr ; version = 54 ; date = 1414726264
01-01 00:07:46.342  1769  1982 I LatinIME:LogUtils: Dictionary info: dictionary = main:hr ; version = 44 ; date = 1393228135
01-01 00:07:46.357  1769  1982 I LatinIME:LogUtils: Dictionary info: dictionary = main:hu ; version = 1 ; date = 1473269900
01-01 00:07:46.362   790  1693 E WifiHAL : wifi_error acquire_supported_features(wifi_interface_handle, feature_set *): requestResponse Error:-95
01-01 00:07:46.362   790  1693 E WifiHAL : wifi_get_link_stats: requestResponse Error:-95
01-01 00:07:46.362   790  1693 E wifi    : android_net_wifi_getLinkLayerStats: failed to get link statistics
01-01 00:07:46.380  1769  1982 I LatinIME:LogUtils: Dictionary info: dictionary = main:it ; version = 54 ; date = 1414726258
01-01 00:07:46.382   790  1693 D wifi    : android_net_wifi_setLinkLayerStats: 1
01-01 00:07:46.382   790  1693 I WifiHAL : mpdu_size_threshold : 128, aggressive_statistics_gathering : 1
01-01 00:07:46.391   790  1693 E WifiHAL : wifi_set_link_stats: requestResponse Error:-95
01-01 00:07:46.393  1769  1982 I LatinIME:LogUtils: Dictionary info: dictionary = main:iw ; version = 44 ; date = 1393228136
01-01 00:07:46.399   790  1693 I WifiConnectivityManager: Set WiFi enabled
01-01 00:07:46.400   344   777 D CommandListener: Setting iface cfg
01-01 00:07:46.400   344   777 D CommandListener: Trying to bring up p2p0
01-01 00:07:46.409   790  1693 I WifiConnectivityManager: scheduleWatchdogTimer
01-01 00:07:46.413   790  1691 D WifiMonitor: startMonitoring(p2p0) with mConnected = true
01-01 00:07:46.417   790   790 D GestureLauncherService: Gesture launcher mEmergencyNumber = 112 hits = 3
01-01 00:07:46.426   790   790 D SensorNotificationService: Cannot obtain dynamic meta sensor, not supported.
01-01 00:07:46.429   790  1688 W ConnectivityExtension: ConnectivityExt jar file not present
01-01 00:07:46.435   790  1693 E WifiHAL : wifi_error acquire_supported_features(wifi_interface_handle, feature_set *): requestResponse Error:-95
01-01 00:07:46.437   790   868 E BatteryStatsService: no controller energy info supplied
01-01 00:07:46.443  1769  1982 I LatinIME:LogUtils: Dictionary info: dictionary = main:lb ; version = 1 ; date = 1380519383
01-01 00:07:46.444   790   790 D BrokerableCMSystemService: Third party apps ready
01-01 00:07:46.444   790   790 I BrokerableCMSystemService: Connecting to implementation
01-01 00:07:46.446   790   790 W ContextImpl: Calling a method in the system process without a qualified user: android.app.ContextImpl.bindService:1421 org.cyanogenmod.platform.internal.BrokerableCMSystemService.tryConnecting:199 org.cyanogenmod.platform.internal.BrokerableCMSystemService.onBootPhase:127 org.cyanogenmod.platform.internal.CMAudioServiceBroker.onBootPhase:58 com.android.server.SystemServiceManager.startBootPhase:143 
01-01 00:07:46.469  1769  1982 I LatinIME:LogUtils: Dictionary info: dictionary = main:nb ; version = 44 ; date = 1393228136
01-01 00:07:46.480   790  1691 D WifiNative-HAL: p2pGetDeviceAddress
01-01 00:07:46.480  1769  1982 I LatinIME:LogUtils: Dictionary info: dictionary = main:nl ; version = 44 ; date = 1393228136
01-01 00:07:46.490   790  1691 D WifiNative-HAL: p2pGetDeviceAddress returning b8:5a:73:95:88:a4
01-01 00:07:46.503  1769  1982 I LatinIME:LogUtils: Dictionary info: dictionary = main:ru ; version = 54 ; date = 1414726277
01-01 00:07:46.531  2012  2012 F libc    : CANNOT LINK EXECUTABLE "/system/bin/rmt_storage": cannot locate symbol "ioprio_set" referenced by "/system/bin/rmt_storage"...
01-01 00:07:46.531  2012  2012 F libc    : Fatal signal 6 (SIGABRT), code -6 in tid 2012 (rmt_storage)
01-01 00:07:46.531   210   210 W         : debuggerd: handling request: pid=2012 uid=0 gid=0 tid=2012
01-01 00:07:46.532  1769  1982 I LatinIME:LogUtils: Dictionary info: dictionary = main:sv ; version = 44 ; date = 1393228154
01-01 00:07:46.547  1769  1982 I LatinIME:LogUtils: Dictionary info: dictionary = main:uk ; version = 1 ; date = 1376495808
01-01 00:07:46.558   790   790 I ActivityManager: Start proc 2014:org.cyanogenmod.cmaudio.service/u0a1 for service org.cyanogenmod.cmaudio.service/.CMAudioService
01-01 00:07:46.573   790  1693 E WifiHAL : wifi_error acquire_supported_features(wifi_interface_handle, feature_set *): requestResponse Error:-95
01-01 00:07:46.574   790   868 E BatteryStatsService: no controller energy info supplied
01-01 00:07:46.583  1769  1982 I BinaryDictionaryFileDumper: reinitializeClientRecordInDictionaryContentProvider() : Insert DictionaryInfo : Id = 'main:bg' : Locale=bg : Version=1
01-01 00:07:46.588  2012  2012 F libc    : failed to resend signal during crash: Operation not permitted
01-01 00:07:46.604   790   790 W ServiceWatcher: com.google.android.gms not found
01-01 00:07:46.618  1769  1982 I BinaryDictionaryFileDumper: reinitializeClientRecordInDictionaryContentProvider() : Insert DictionaryInfo : Id = 'main:cs' : Locale=cs : Version=44
01-01 00:07:46.619   790   790 W ServiceWatcher: com.google.android.gms not found
01-01 00:07:46.626   790   790 W LocationManagerService: no network location provider found
01-01 00:07:46.627   790   790 W ServiceWatcher: com.google.android.gms not found
01-01 00:07:46.638  2013  2013 E DEBUG   : unexpected waitpid response: n=2012, status=00000000
01-01 00:07:46.638  2013  2013 E         : debuggerd: timed out waiting for signal
01-01 00:07:46.638   790  1792 W NativeCrashListener: Couldn't find ProcessRecord for pid 2012
01-01 00:07:46.639  2013  2013 E         : debuggerd: ptrace detach from 2012 failed: No such process
01-01 00:07:46.639  2013  2013 E         : debuggerd: failed to kill process 2012: No such process
01-01 00:07:46.640   210   210 W         : debuggerd: resuming target 2012
01-01 00:07:46.640   210   210 E         : debuggerd: failed to send signal 18 to target: No such process
01-01 00:07:46.650  1769  1982 I BinaryDictionaryFileDumper: reinitializeClientRecordInDictionaryContentProvider() : Insert DictionaryInfo : Id = 'main:da' : Locale=da : Version=44
01-01 00:07:46.657   790   790 W ServiceWatcher: com.google.android.gms not found
01-01 00:07:46.664   790   790 E LocationManagerService: no geocoder provider found
01-01 00:07:46.666  1787  1793 I art     : Do partial code cache collection, code=31KB, data=45KB
01-01 00:07:46.668  1787  1793 I art     : After code cache collection, code=29KB, data=44KB
01-01 00:07:46.668  1787  1793 I art     : Increasing code cache capacity to 256KB
01-01 00:07:46.670   790   790 E HAL     : load: module=/system/lib/hw/flp.default.so
01-01 00:07:46.670   790   790 E HAL     : dlopen failed: library "libloc_core.so" not found
01-01 00:07:46.670   790   790 E FlpHardwareProvider: Error hw_get_module 'flp': -22
01-01 00:07:46.670   790   790 D LocationManagerService: FLP HAL not supported
01-01 00:07:46.672   790   790 W ServiceWatcher: com.google.android.gms not found
01-01 00:07:46.678  1787  1793 I art     : Compiler allocated 4MB to compile void android.widget.TextView.<init>(android.content.Context, android.util.AttributeSet, int, int)
01-01 00:07:46.691   790   790 D LocationManagerService: Unable to bind FLP Geofence proxy.
01-01 00:07:46.694  1769  1982 I BinaryDictionaryFileDumper: reinitializeClientRecordInDictionaryContentProvider() : Insert DictionaryInfo : Id = 'main:de' : Locale=de : Version=54
01-01 00:07:46.697   790   790 E ActivityRecognitionHardware: Error hw_get_module: -2
01-01 00:07:46.697   790   790 D LocationManagerService: Hardware Activity-Recognition not supported.
01-01 00:07:46.700   790   790 W ServiceWatcher: com.google.android.gms not found
01-01 00:07:46.707   790   790 E ActivityRecognitionProxy: ServiceWatcher could not start.
01-01 00:07:46.708   790   790 D LocationManagerService: Unable to bind ActivityRecognitionProxy.
01-01 00:07:46.724  1769  1982 I BinaryDictionaryFileDumper: reinitializeClientRecordInDictionaryContentProvider() : Insert DictionaryInfo : Id = 'main:el' : Locale=el : Version=44
01-01 00:07:46.737   790   790 I CommonTimeManagementService: No common time service detected on this platform.  Common time services will be unavailable.
01-01 00:07:46.742   790  1308 I InputReader: Reconfiguring input devices.  changes=0x00000020
01-01 00:07:46.751   790   790 I MmsServiceBroker: Delay connecting to MmsService until an API is called
01-01 00:07:46.755  1769  1982 I BinaryDictionaryFileDumper: reinitializeClientRecordInDictionaryContentProvider() : Insert DictionaryInfo : Id = 'main:en' : Locale=en : Version=54
01-01 00:07:46.765   790   790 W VoiceInteractionManagerService: no available voice interaction services found for user 0
01-01 00:07:46.765   790   790 W VoiceInteractionManagerService: no available voice recognition services found for user 0
01-01 00:07:46.793   790   790 I ActivityManager: Start proc 2030:com.android.phone/1001 for added application com.android.phone
01-01 00:07:46.799   790  1308 I InputReader: Reconfiguring input devices.  changes=0x00000010
01-01 00:07:46.806   790   790 I ActivityManager: START u0 {act=android.intent.action.MAIN cat=[android.intent.category.HOME] flg=0x10000100 cmp=com.android.settings/.CryptKeeper} from uid 0 on display 0
01-01 00:07:46.829   790   790 I ActivityManager: Loaded persisted task ids for user 0
01-01 00:07:46.867  1787  1933 I vol.Events: writeEvent level_changed STREAM_ALARM 6
01-01 00:07:46.869   790   790 I ActivityManager: Start proc 2044:com.android.settings:CryptKeeper/1000 for activity com.android.settings/.CryptKeeper
01-01 00:07:46.870  1787  1933 I vol.Events: writeEvent level_changed STREAM_BLUETOOTH_SCO 7
01-01 00:07:46.879  1787  1933 I vol.Events: writeEvent level_changed STREAM_MUSIC 11
01-01 00:07:46.887  1769  1982 I BinaryDictionaryFileDumper: reinitializeClientRecordInDictionaryContentProvider() : Insert DictionaryInfo : Id = 'main:es' : Locale=es : Version=54
01-01 00:07:46.893   790   790 I SystemServer: Enabled StrictMode for system server main thread.
01-01 00:07:46.914  1787  1933 I vol.Events: writeEvent level_changed STREAM_RING 5
01-01 00:07:46.919  1787  1933 I vol.Events: writeEvent level_changed STREAM_SYSTEM 5
01-01 00:07:46.930  1787  1933 I vol.Events: writeEvent level_changed STREAM_VOICE_CALL 4
01-01 00:07:47.001   790   790 D ConditionProviders.SCP: onConnected
01-01 00:07:47.004  2030  2030 W System  : ClassLoader referenced unknown path: /system/priv-app/TeleService/lib/arm
01-01 00:07:47.005  1769  1982 I BinaryDictionaryFileDumper: reinitializeClientRecordInDictionaryContentProvider() : Insert DictionaryInfo : Id = 'main:fi' : Locale=fi : Version=44
01-01 00:07:47.030   316   431 D PermissionCache: checking android.permission.READ_FRAME_BUFFER for uid=1000 => granted (1570 us)
01-01 00:07:47.060   790  1761 W ActivityManager: Slow operation: 56ms so far, now at attachApplicationLocked: after mServices.attachApplicationLocked
01-01 00:07:47.066  1769  1982 I BinaryDictionaryFileDumper: reinitializeClientRecordInDictionaryContentProvider() : Insert DictionaryInfo : Id = 'main:fr' : Locale=fr : Version=54
01-01 00:07:47.099   790   790 W ContextImpl: Calling a method in the system process without a qualified user: android.app.ContextImpl.startService:1357 com.android.server.content.SyncManager$13.run:658 android.os.Handler.handleCallback:751 android.os.Handler.dispatchMessage:95 android.os.Looper.loop:154 
01-01 00:07:47.103   333   333 D audio_hw_primary: adev_set_parameters: enter: A2dpSuspended=false
01-01 00:07:47.107  1769  1982 I BinaryDictionaryFileDumper: reinitializeClientRecordInDictionaryContentProvider() : Insert DictionaryInfo : Id = 'main:hr' : Locale=hr : Version=44
01-01 00:07:47.124   790  1698 I WifiScanningService: wifi driver unloaded
01-01 00:07:47.124   790   790 D RttService: SCAN_AVAILABLE : 1
01-01 00:07:47.124   790  1700 D RttService: DefaultState got{ when=0 what=160513 target=com.android.internal.util.StateMachine$SmHandler }
01-01 00:07:47.131   790   790 D ZenLog  : set_zen_mode: off,cleanUpZenRules
01-01 00:07:47.137  2044  2044 W System  : ClassLoader referenced unknown path: /system/priv-app/Settings/lib/arm
01-01 00:07:47.147  1769  1982 I BinaryDictionaryFileDumper: reinitializeClientRecordInDictionaryContentProvider() : Insert DictionaryInfo : Id = 'main:hu' : Locale=hu : Version=1
