12-31 17:39:04.950  1601  1601 E ACDB-LOADER: Error: ACDB AudProc vol returned = -19
12-31 17:39:04.950  1601  1601 D ACDB-LOADER: ACDB -> AUDIO_SET_AUDPROC_VOL_CAL
12-31 17:39:04.950  1601  1601 D ACDB-LOADER: ACDB -> AUDIO_SET_AFE_CAL
12-31 17:39:04.953  1601  1601 D audio_hw_primary: select_devices: done
12-31 17:39:04.955  1601  1601 D hardware_info: hw_info_append_hw_type : device_name = rec-main-mic
12-31 17:39:04.958  1601  1601 D audio_hw_primary: select_devices: out_snd_device(0: ) in_snd_device(35: rec-main-mic)
12-31 17:39:04.958  1601  1601 D hardware_info: hw_info_append_hw_type : device_name = rec-main-mic
12-31 17:39:04.958  1601  1601 I msm8974_platform: platform_send_audio_calibration: sending audio calibration for snd_device(35) acdb_id(4)
12-31 17:39:04.958  1601  1601 D ACDB-LOADER: ACDB -> send_audio_cal, acdb_id = 4, path =  1
12-31 17:39:04.958  1601  1601 D ACDB-LOADER: ACDB -> send_adm_topology
12-31 17:39:04.958  1601  1601 D ACDB-LOADER: ACDB -> ACDB_CMD_GET_AUDPROC_COMMON_TOPOLOGY_ID
12-31 17:39:04.958  1601  1601 D ACDB-LOADER: ACDB -> send_audtable
12-31 17:39:04.958  1601  1601 D ACDB-LOADER: ACDB -> ACDB_CMD_GET_AUDPROC_COMMON_TABLE
12-31 17:39:04.958  1601  1601 D ACDB-LOADER: ACDB -> AUDIO_SET_AUDPROC_CAL
12-31 17:39:04.958  1601  1601 D ACDB-LOADER: ACDB -> send_audvoltable
12-31 17:39:04.958  1601  1601 D ACDB-LOADER: ACDB -> ACDB_CMD_GET_AUDPROC_GAIN_DEP_STEP_TABLE
12-31 17:39:04.958  1601  1601 D         : Failed to fetch the lookup information of the device 00000004 
12-31 17:39:04.958  1601  1601 E ACDB-LOADER: Error: ACDB AudProc vol returned = -19
12-31 17:39:04.958  1601  1601 D ACDB-LOADER: ACDB -> AUDIO_SET_AUDPROC_VOL_CAL
12-31 17:39:04.958  1601  1601 D ACDB-LOADER: ACDB -> AUDIO_SET_AFE_CAL
12-31 17:39:04.962  1601  1601 D audio_hw_primary: select_devices: done
12-31 17:39:04.964  1601  1601 D hardware_info: hw_info_append_hw_type : device_name = rec-main-mic
12-31 17:39:04.967  1601  1601 I AudioFlinger: loadHwModule() Loaded primary audio interface from QCOM Audio HAL (audio) handle 10
12-31 17:39:04.967  1601  1601 I AudioFlinger: openOutput(), module 10 Device 2, SamplingRate 48000, Format 0x000001, Channels 3, flags 2
12-31 17:39:04.967  1601  1601 D audio_hw_primary: adev_open_output_stream: enter: sample_rate(48000) channel_mask(0x3) devices(0x2) flags(0x2)        stream_handle(0xb61cac40)
12-31 17:39:04.967  1601  1601 D audio_hw_primary: adev_open_output_stream: Stream (0xb61cac40) picks up usecase (deep-buffer-playback)
12-31 17:39:04.967  1601  1601 I AudioFlinger: HAL output buffer size 1920 frames, normal sink buffer size 1920 frames
12-31 17:39:04.971  1601  1601 W EffectsFactory: loadLibrary() failed to open /system/vendor/lib/soundfx/libswdap.so
12-31 17:39:04.971  1601  1601 W EffectsFactory: loadLibrary() failed to open /system/vendor/lib/soundfx/libhwdap.so
12-31 17:39:04.971  1601  1601 W EffectsFactory: loadEffect() could not get library proxy
12-31 17:39:04.971  1601  1601 I BufferProvider: found effect "Multichannel Downmix To Stereo" from The Android Open Source Project
12-31 17:39:04.972  1601  1601 I AudioFlinger: Using module 10 has the primary audio interface
12-31 17:39:04.973  1601  1648 I AudioFlinger: AudioFlinger's thread 0xb5883fc0 ready to run
12-31 17:39:04.973  1601  1648 W BatteryNotifier: batterystats service unavailable!
12-31 17:39:04.973  1601  1648 D audio_hw_primary: out_set_parameters: enter: usecase(0: deep-buffer-playback) kvpairs: routing=2
12-31 17:39:04.974  1601  1648 D audio_hw_primary: out_standby: enter: stream (0xb61cac40) usecase(0: deep-buffer-playback)
12-31 17:39:04.974  1601  1648 W BatteryNotifier: batterystats service unavailable!
12-31 17:39:04.974  1601  1648 W BatteryNotifier: batterystats service unavailable!
12-31 17:39:04.974  1601  1648 W AudioFlinger: no wake lock to update, system not ready yet
12-31 17:39:04.974  1601  1648 E cutils-trace: Error opening trace file: No such file or directory (2)
12-31 17:39:04.975  1601  1601 I AudioFlinger: openOutput(), module 10 Device 2, SamplingRate 48000, Format 0x000001, Channels 3, flags 4
12-31 17:39:04.975  1601  1601 D audio_hw_primary: adev_open_output_stream: enter: sample_rate(48000) channel_mask(0x3) devices(0x2) flags(0x4)        stream_handle(0xb61cad80)
12-31 17:39:04.975  1601  1601 D audio_hw_primary: adev_open_output_stream: Stream (0xb61cad80) picks up usecase (low-latency-playback)
12-31 17:39:04.975  1601  1601 I AudioFlinger: HAL output buffer size 240 frames, normal sink buffer size 960 frames
12-31 17:39:04.976  1601  1650 I AudioFlinger: AudioFlinger's thread 0xb57035c0 ready to run
12-31 17:39:04.977  1601  1650 W BatteryNotifier: batterystats service unavailable!
12-31 17:39:04.977  1601  1650 D audio_hw_primary: out_set_parameters: enter: usecase(1: low-latency-playback) kvpairs: routing=2
12-31 17:39:04.977  1601  1650 D audio_hw_primary: out_standby: enter: stream (0xb61cad80) usecase(1: low-latency-playback)
12-31 17:39:04.978  1601  1650 W BatteryNotifier: batterystats service unavailable!
12-31 17:39:04.978  1601  1650 W BatteryNotifier: batterystats service unavailable!
12-31 17:39:04.978  1601  1650 W AudioFlinger: no wake lock to update, system not ready yet
12-31 17:39:04.979  1601  1601 I AudioFlinger: openOutput(), module 10 Device 10000, SamplingRate 48000, Format 0x000001, Channels 3, flags 0
12-31 17:39:04.979  1601  1601 D audio_hw_primary: adev_open_output_stream: enter: sample_rate(48000) channel_mask(0x3) devices(0x10000) flags(0)        stream_handle(0xb61caec0)
12-31 17:39:04.979  1601  1601 D audio_hw_primary: adev_open_output_stream: Stream (0xb61caec0) picks up usecase (afe-proxy-playback)
12-31 17:39:04.979  1601  1601 I AudioFlinger: HAL output buffer size 768 frames, normal sink buffer size 1152 frames
12-31 17:39:04.980  1601  1653 I AudioFlinger: AudioFlinger's thread 0xb5403880 ready to run
12-31 17:39:04.981  1601  1653 W BatteryNotifier: batterystats service unavailable!
12-31 17:39:04.981  1601  1653 D audio_hw_primary: out_set_parameters: enter: usecase(29: afe-proxy-playback) kvpairs: routing=65536
12-31 17:39:04.981  1601  1653 D audio_hw_primary: out_standby: enter: stream (0xb61caec0) usecase(29: afe-proxy-playback)
12-31 17:39:04.981  1601  1653 W BatteryNotifier: batterystats service unavailable!
12-31 17:39:04.982  1601  1601 D audio_hw_primary: adev_open_input_stream: enter: sample_rate(48000) channel_mask(0xc) devices(0x80000004)        stream_handle(0xb61b4e40) io_handle(14) source(1)
12-31 17:39:04.983  1601  1654 I AudioFlinger: AudioFlinger's thread 0xb5103880 ready to run
12-31 17:39:04.983  1601  1601 D audio_hw_primary: adev_close_input_stream: enter:stream_handle(0xb61b4e40)
12-31 17:39:04.983  1601  1653 W BatteryNotifier: batterystats service unavailable!
12-31 17:39:04.983  1601  1601 D audio_hw_primary: in_standby: enter: stream (0xb61b4e40) usecase(9: audio-record)
12-31 17:39:04.983  1601  1653 W AudioFlinger: no wake lock to update, system not ready yet
12-31 17:39:04.983  1601  1601 D audio_hw_primary: adev_open_input_stream: enter: sample_rate(48000) channel_mask(0xc) devices(0x80000040)        stream_handle(0xb61b4e40) io_handle(22) source(1)
12-31 17:39:04.983  1601  1601 D audio_hw_primary: adev_open_input_stream: enter: sample_rate(48000) channel_mask(0xc) devices(0x80000040)        stream_handle(0xb61b4e40) io_handle(22) source(1)
12-31 17:39:04.983  1601  1601 W APM_AudioPolicyManager: Cannot open input stream for device 80000040 on hw module primary
12-31 17:39:04.984  1601  1601 I bt_a2dp_hw: adev_open:  adev_open in A2dp_hw module
12-31 17:39:04.984  1601  1601 I AudioFlinger: loadHwModule() Loaded a2dp audio interface from A2DP Audio HW HAL (audio) handle 18
12-31 17:39:04.986  1601  1601 I AudioFlinger: loadHwModule() Loaded usb audio interface from USB audio HW HAL (audio) handle 26
12-31 17:39:04.987  1601  1601 I r_submix: adev_open(name=audio_hw_if)
12-31 17:39:04.987  1601  1601 I r_submix: adev_init_check()
12-31 17:39:04.987  1601  1601 I AudioFlinger: loadHwModule() Loaded r_submix audio interface from Wifi Display audio HAL (audio) handle 34
12-31 17:39:04.987  1601  1601 D r_submix: adev_open_input_stream(addr=0)
12-31 17:39:04.987  1601  1601 D r_submix: submix_audio_device_create_pipe_l(addr=0, idx=9)
12-31 17:39:04.987  1601  1601 D r_submix:   now using address 0 for route 9
12-31 17:39:04.989  1601  1655 I AudioFlinger: AudioFlinger's thread 0xb50832c0 ready to run
12-31 17:39:04.989  1601  1601 D r_submix: adev_close_input_stream()
12-31 17:39:04.990  1601  1601 D r_submix: submix_audio_device_release_pipe_l(idx=9) addr=0
12-31 17:39:04.990  1601  1601 D r_submix: submix_audio_device_destroy_pipe_l(): pipe destroyed
12-31 17:39:04.991  1601  1601 I RadioService: RadioService
12-31 17:39:04.991  1601  1601 I RadioService: onFirstRef
12-31 17:39:04.991  1601  1601 E RadioService: couldn't load radio module radio.primary (No such file or directory)
12-31 17:39:04.992  1601  1601 E SoundTriggerHwService: couldn't load sound trigger module sound_trigger.primary (No such file or directory)
12-31 17:39:05.514  1600  1600 D AndroidRuntime: >>>>>> START com.android.internal.os.ZygoteInit uid 0 <<<<<<
12-31 17:39:05.521  1600  1600 D AndroidRuntime: CheckJNI is ON
12-31 17:39:05.522  1600  1600 E cutils-trace: Error opening trace file: No such file or directory (2)
12-31 17:39:05.522  1600  1600 I art     : option[0]=-Xzygote
12-31 17:39:05.522  1600  1600 I art     : option[1]=-Xcheck:jni
12-31 17:39:05.522  1600  1600 I art     : option[2]=-Xstacktracefile:/data/anr/traces.txt
12-31 17:39:05.522  1600  1600 I art     : option[3]=exit
12-31 17:39:05.522  1600  1600 I art     : option[4]=vfprintf
12-31 17:39:05.522  1600  1600 I art     : option[5]=sensitiveThread
12-31 17:39:05.522  1600  1600 I art     : option[6]=-verbose:gc
12-31 17:39:05.522  1600  1600 I art     : option[7]=-Xms8m
12-31 17:39:05.522  1600  1600 I art     : option[8]=-Xmx512m
12-31 17:39:05.522  1600  1600 I art     : option[9]=-XX:HeapGrowthLimit=128m
12-31 17:39:05.522  1600  1600 I art     : option[10]=-XX:HeapMinFree=2m
12-31 17:39:05.522  1600  1600 I art     : option[11]=-XX:HeapMaxFree=8m
12-31 17:39:05.522  1600  1600 I art     : option[12]=-XX:HeapTargetUtilization=0.75
12-31 17:39:05.522  1600  1600 I art     : option[13]=-Xusejit:true
12-31 17:39:05.523  1600  1600 I art     : option[14]=-Xjitsaveprofilinginfo
12-31 17:39:05.523  1600  1600 I art     : option[15]=-agentlib:jdwp=transport=dt_android_adb,suspend=n,server=y
12-31 17:39:05.523  1600  1600 I art     : option[16]=-Xlockprofthreshold:500
12-31 17:39:05.523  1600  1600 I art     : option[17]=-Ximage-compiler-option
12-31 17:39:05.523  1600  1600 I art     : option[18]=--runtime-arg
12-31 17:39:05.523  1600  1600 I art     : option[19]=-Ximage-compiler-option
12-31 17:39:05.523  1600  1600 I art     : option[20]=-Xms64m
12-31 17:39:05.523  1600  1600 I art     : option[21]=-Ximage-compiler-option
12-31 17:39:05.523  1600  1600 I art     : option[22]=--runtime-arg
12-31 17:39:05.523  1600  1600 I art     : option[23]=-Ximage-compiler-option
12-31 17:39:05.523  1600  1600 I art     : option[24]=-Xmx64m
12-31 17:39:05.523  1600  1600 I art     : option[25]=-Ximage-compiler-option
12-31 17:39:05.523  1600  1600 I art     : option[26]=--compiler-filter=verify-at-runtime
12-31 17:39:05.523  1600  1600 I art     : option[27]=-Ximage-compiler-option
12-31 17:39:05.523  1600  1600 I art     : option[28]=--image-classes=/system/etc/preloaded-classes
12-31 17:39:05.523  1600  1600 I art     : option[29]=-Ximage-compiler-option
12-31 17:39:05.523  1600  1600 I art     : option[30]=--compiled-classes=/system/etc/compiled-classes
12-31 17:39:05.523  1600  1600 I art     : option[31]=-Xcompiler-option
12-31 17:39:05.523  1600  1600 I art     : option[32]=--runtime-arg
12-31 17:39:05.523  1600  1600 I art     : option[33]=-Xcompiler-option
12-31 17:39:05.523  1600  1600 I art     : option[34]=-Xms64m
12-31 17:39:05.523  1600  1600 I art     : option[35]=-Xcompiler-option
12-31 17:39:05.523  1600  1600 I art     : option[36]=--runtime-arg
12-31 17:39:05.523  1600  1600 I art     : option[37]=-Xcompiler-option
12-31 17:39:05.523  1600  1600 I art     : option[38]=-Xmx512m
12-31 17:39:05.523  1600  1600 I art     : option[39]=-Ximage-compiler-option
12-31 17:39:05.523  1600  1600 I art     : option[40]=--instruction-set-variant=krait
12-31 17:39:05.523  1600  1600 I art     : option[41]=-Xcompiler-option
12-31 17:39:05.523  1600  1600 I art     : option[42]=--instruction-set-variant=krait
12-31 17:39:05.523  1600  1600 I art     : option[43]=-Ximage-compiler-option
12-31 17:39:05.524  1600  1600 I art     : option[44]=--instruction-set-features=default
12-31 17:39:05.524  1600  1600 I art     : option[45]=-Xcompiler-option
12-31 17:39:05.524  1600  1600 I art     : option[46]=--instruction-set-features=default
12-31 17:39:05.524  1600  1600 I art     : option[47]=-Duser.locale=en-US
12-31 17:39:05.524  1600  1600 I art     : option[48]=--cpu-abilist=armeabi-v7a,armeabi
12-31 17:39:05.524  1600  1600 I art     : option[49]=-Xfingerprint:samsung/lineage_s3ve3g/s3ve3g:7.1.2/NJH47F/00b2ebc5b2:eng/test-keys
12-31 17:39:05.539  1688  1688 W ip6tables: type=1300 audit(0.0:732): arch=40000028 syscall=294 per=800008 success=yes exit=0 a0=4 a1=29 a2=40 a3=b6c20000 items=0 ppid=1604 auid=4294967295 uid=0 gid=0 euid=0 suid=0 fsuid=0 egid=0 sgid=0 fsgid=0 tty=(none) ses=4294967295 exe="/system/bin/ip6tables" subj=u:r:netd:s0 key=(null)
12-31 17:39:05.539   228   228 W auditd  : type=1320 audit(0.0:732): 
12-31 17:39:05.559   228   228 W auditd  : type=1325 audit(0.0:733): table=filter family=2 entries=33
12-31 17:39:05.559  1689  1689 W iptables: type=1300 audit(0.0:733): arch=40000028 syscall=294 per=800008 success=yes exit=0 a0=4 a1=0 a2=40 a3=b6b97800 items=0 ppid=1604 auid=4294967295 uid=0 gid=0 euid=0 suid=0 fsuid=0 egid=0 sgid=0 fsgid=0 tty=(none) ses=4294967295 exe="/system/bin/iptables" subj=u:r:netd:s0 key=(null)
12-31 17:39:05.559   228   228 W auditd  : type=1320 audit(0.0:733): 
12-31 17:39:05.586  1600  1600 D ICU     : No timezone override file found: /data/misc/zoneinfo/current/icu/icu_tzdata.dat
12-31 17:39:05.579   228   228 W auditd  : type=1325 audit(0.0:734): table=filter family=10 entries=33
12-31 17:39:05.579  1690  1690 W ip6tables: type=1300 audit(0.0:734): arch=40000028 syscall=294 per=800008 success=yes exit=0 a0=4 a1=29 a2=40 a3=b6ba5000 items=0 ppid=1604 auid=4294967295 uid=0 gid=0 euid=0 suid=0 fsuid=0 egid=0 sgid=0 fsgid=0 tty=(none) ses=4294967295 exe="/system/bin/ip6tables" subj=u:r:netd:s0 key=(null)
12-31 17:39:05.579   228   228 W auditd  : type=1320 audit(0.0:734): 
12-31 17:39:05.599   228   228 W auditd  : type=1325 audit(0.0:735): table=filter family=2 entries=33
12-31 17:39:05.599  1691  1691 W iptables: type=1300 audit(0.0:735): arch=40000028 syscall=294 per=800008 success=yes exit=0 a0=4 a1=0 a2=40 a3=b6ca3000 items=0 ppid=1604 auid=4294967295 uid=0 gid=0 euid=0 suid=0 fsuid=0 egid=0 sgid=0 fsgid=0 tty=(none) ses=4294967295 exe="/system/bin/iptables" subj=u:r:netd:s0 key=(null)
12-31 17:39:05.599   228   228 W auditd  : type=1320 audit(0.0:735): 
12-31 17:39:05.619   228   228 W auditd  : type=1325 audit(0.0:736): table=filter family=10 entries=33
12-31 17:39:05.619  1692  1692 W ip6tables: type=1300 audit(0.0:736): arch=40000028 syscall=294 per=800008 success=yes exit=0 a0=4 a1=29 a2=40 a3=b6c97c00 items=0 ppid=1604 auid=4294967295 uid=0 gid=0 euid=0 suid=0 fsuid=0 egid=0 sgid=0 fsgid=0 tty=(none) ses=4294967295 exe="/system/bin/ip6tables" subj=u:r:netd:s0 key=(null)
12-31 17:39:05.619   228   228 W auditd  : type=1320 audit(0.0:736): 
12-31 17:39:05.639   228   228 W auditd  : type=1325 audit(0.0:737): table=filter family=2 entries=31
12-31 17:39:05.639  1693  1693 W iptables: type=1300 audit(0.0:737): arch=40000028 syscall=294 per=800008 success=yes exit=0 a0=4 a1=0 a2=40 a3=b6ba5000 items=0 ppid=1604 auid=4294967295 uid=0 gid=0 euid=0 suid=0 fsuid=0 egid=0 sgid=0 fsgid=0 tty=(none) ses=4294967295 exe="/system/bin/iptables" subj=u:r:netd:s0 key=(null)
12-31 17:39:05.639   228   228 W auditd  : type=1320 audit(0.0:737): 
12-31 17:39:05.672  1600  1600 W art     : Before Android 4.1, method double java.util.concurrent.ThreadLocalRandom.internalNextDouble(double, double) would have incorrectly overridden the package-private method in java.util.Random
12-31 17:39:05.659   228   228 W auditd  : type=1325 audit(0.0:738): table=filter family=10 entries=31
12-31 17:39:05.659  1694  1694 W ip6tables: type=1300 audit(0.0:738): arch=40000028 syscall=294 per=800008 success=yes exit=0 a0=4 a1=29 a2=40 a3=b6c25000 items=0 ppid=1604 auid=4294967295 uid=0 gid=0 euid=0 suid=0 fsuid=0 egid=0 sgid=0 fsgid=0 tty=(none) ses=4294967295 exe="/system/bin/ip6tables" subj=u:r:netd:s0 key=(null)
12-31 17:39:05.659   228   228 W auditd  : type=1320 audit(0.0:738): 
12-31 17:39:05.673  1600  1600 W art     : Before Android 4.1, method int java.util.concurrent.ThreadLocalRandom.internalNextInt(int, int) would have incorrectly overridden the package-private method in java.util.Random
12-31 17:39:05.673  1600  1600 W art     : Before Android 4.1, method long java.util.concurrent.ThreadLocalRandom.internalNextLong(long, long) would have incorrectly overridden the package-private method in java.util.Random
12-31 17:39:05.801  1602  1602 I ServiceManager: Waiting for service media.camera.proxy...
12-31 17:39:06.047  1600  1600 I Radio-JNI: register_android_hardware_Radio DONE
12-31 17:39:06.161  1600  1600 I SamplingProfilerIntegration: Profiling disabled.
12-31 17:39:06.163  1600  1600 D Zygote  : begin preload
12-31 17:39:06.163  1600  1600 I Zygote  : Installing ICU cache reference pinning...
12-31 17:39:06.164  1600  1600 I Zygote  : Preloading ICU data...
12-31 17:39:06.559   228   228 W auditd  : type=1325 audit(0.0:783): table=filter family=2 entries=33
12-31 17:39:06.559  1743  1743 W iptables: type=1300 audit(0.0:783): arch=40000028 syscall=294 per=800008 success=yes exit=0 a0=4 a1=0 a2=40 a3=b6b97800 items=0 ppid=1604 auid=4294967295 uid=0 gid=0 euid=0 suid=0 fsuid=0 egid=0 sgid=0 fsgid=0 tty=(none) ses=4294967295 exe="/system/bin/iptables" subj=u:r:netd:s0 key=(null)
12-31 17:39:06.559   228   228 W auditd  : type=1320 audit(0.0:783): 
12-31 17:39:06.579   228   228 W auditd  : type=1325 audit(0.0:784): table=filter family=10 entries=33
12-31 17:39:06.579  1744  1744 W ip6tables: type=1300 audit(0.0:784): arch=40000028 syscall=294 per=800008 success=yes exit=0 a0=4 a1=29 a2=40 a3=b6c25000 items=0 ppid=1604 auid=4294967295 uid=0 gid=0 euid=0 suid=0 fsuid=0 egid=0 sgid=0 fsgid=0 tty=(none) ses=4294967295 exe="/system/bin/ip6tables" subj=u:r:netd:s0 key=(null)
12-31 17:39:06.579   228   228 W auditd  : type=1320 audit(0.0:784): 
12-31 17:39:06.599   228   228 W auditd  : type=1325 audit(0.0:785): table=filter family=2 entries=33
12-31 17:39:06.599  1745  1745 W iptables: type=1300 audit(0.0:785): arch=40000028 syscall=294 per=800008 success=yes exit=0 a0=4 a1=0 a2=40 a3=b6c23000 items=0 ppid=1604 auid=4294967295 uid=0 gid=0 euid=0 suid=0 fsuid=0 egid=0 sgid=0 fsgid=0 tty=(none) ses=4294967295 exe="/system/bin/iptables" subj=u:r:netd:s0 key=(null)
12-31 17:39:06.599   228   228 W auditd  : type=1320 audit(0.0:785): 
12-31 17:39:06.619   228   228 W auditd  : type=1325 audit(0.0:786): table=filter family=10 entries=33
12-31 17:39:06.619  1746  1746 W ip6tables: type=1300 audit(0.0:786): arch=40000028 syscall=294 per=800008 success=yes exit=0 a0=4 a1=29 a2=40 a3=b6c97c00 items=0 ppid=1604 auid=4294967295 uid=0 gid=0 euid=0 suid=0 fsuid=0 egid=0 sgid=0 fsgid=0 tty=(none) ses=4294967295 exe="/system/bin/ip6tables" subj=u:r:netd:s0 key=(null)
12-31 17:39:06.619   228   228 W auditd  : type=1320 audit(0.0:786): 
12-31 17:39:06.639   228   228 W auditd  : type=1325 audit(0.0:787): table=filter family=2 entries=31
12-31 17:39:06.639  1747  1747 W iptables: type=1300 audit(0.0:787): arch=40000028 syscall=294 per=800008 success=yes exit=0 a0=4 a1=0 a2=40 a3=b6c25000 items=0 ppid=1604 auid=4294967295 uid=0 gid=0 euid=0 suid=0 fsuid=0 egid=0 sgid=0 fsgid=0 tty=(none) ses=4294967295 exe="/system/bin/iptables" subj=u:r:netd:s0 key=(null)
12-31 17:39:06.639   228   228 W auditd  : type=1320 audit(0.0:787): 
12-31 17:39:06.659   228   228 W auditd  : type=1325 audit(0.0:788): table=filter family=10 entries=31
12-31 17:39:06.659  1748  1748 W ip6tables: type=1300 audit(0.0:788): arch=40000028 syscall=294 per=800008 success=yes exit=0 a0=4 a1=29 a2=40 a3=b6c25000 items=0 ppid=1604 auid=4294967295 uid=0 gid=0 euid=0 suid=0 fsuid=0 egid=0 sgid=0 fsgid=0 tty=(none) ses=4294967295 exe="/system/bin/ip6tables" subj=u:r:netd:s0 key=(null)
12-31 17:39:06.659   228   228 W auditd  : type=1320 audit(0.0:788): 
12-31 17:39:06.679   228   228 W auditd  : type=1325 audit(0.0:789): table=filter family=2 entries=33
12-31 17:39:06.679  1749  1749 W iptables: type=1300 audit(0.0:789): arch=40000028 syscall=294 per=800008 success=yes exit=0 a0=4 a1=0 a2=40 a3=b6b97800 items=0 ppid=1604 auid=4294967295 uid=0 gid=0 euid=0 suid=0 fsuid=0 egid=0 sgid=0 fsgid=0 tty=(none) ses=4294967295 exe="/system/bin/iptables" subj=u:r:netd:s0 key=(null)
12-31 17:39:06.708  1600  1600 I Zygote  : Preloading classes...
12-31 17:39:06.731  1600  1600 W Zygote  : Class not found for preloading: [Landroid.view.Display$ColorTransform;
12-31 17:39:06.801  1602  1602 I ServiceManager: Waiting for service media.camera.proxy...
12-31 17:39:07.579   228   228 W auditd  : type=1325 audit(0.0:834): table=mangle family=10 entries=14
12-31 17:39:07.579  1794  1794 W ip6tables: type=1300 audit(0.0:834): arch=40000028 syscall=294 per=800008 success=yes exit=0 a0=4 a1=29 a2=40 a3=b6ba1000 items=0 ppid=1604 auid=4294967295 uid=0 gid=0 euid=0 suid=0 fsuid=0 egid=0 sgid=0 fsgid=0 tty=(none) ses=4294967295 exe="/system/bin/ip6tables" subj=u:r:netd:s0 key=(null)
12-31 17:39:07.579   228   228 W auditd  : type=1320 audit(0.0:834): 
12-31 17:39:07.599   228   228 W auditd  : type=1325 audit(0.0:835): table=mangle family=2 entries=14
12-31 17:39:07.599  1795  1795 W iptables: type=1300 audit(0.0:835): arch=40000028 syscall=294 per=800008 success=yes exit=0 a0=4 a1=0 a2=40 a3=b6c25000 items=0 ppid=1604 auid=4294967295 uid=0 gid=0 euid=0 suid=0 fsuid=0 egid=0 sgid=0 fsgid=0 tty=(none) ses=4294967295 exe="/system/bin/iptables" subj=u:r:netd:s0 key=(null)
12-31 17:39:07.599   228   228 W auditd  : type=1320 audit(0.0:835): 
12-31 17:39:07.619   228   228 W auditd  : type=1325 audit(0.0:836): table=mangle family=10 entries=14
12-31 17:39:07.619  1796  1796 W ip6tables: type=1300 audit(0.0:836): arch=40000028 syscall=294 per=800008 success=yes exit=0 a0=4 a1=29 a2=40 a3=b6c16c00 items=0 ppid=1604 auid=4294967295 uid=0 gid=0 euid=0 suid=0 fsuid=0 egid=0 sgid=0 fsgid=0 tty=(none) ses=4294967295 exe="/system/bin/ip6tables" subj=u:r:netd:s0 key=(null)
12-31 17:39:07.619   228   228 W auditd  : type=1320 audit(0.0:836): 
12-31 17:39:07.639   228   228 W auditd  : type=1325 audit(0.0:837): table=mangle family=2 entries=12
12-31 17:39:07.639  1797  1797 W iptables: type=1300 audit(0.0:837): arch=40000028 syscall=294 per=800008 success=yes exit=0 a0=4 a1=0 a2=40 a3=b6ca1000 items=0 ppid=1604 auid=4294967295 uid=0 gid=0 euid=0 suid=0 fsuid=0 egid=0 sgid=0 fsgid=0 tty=(none) ses=4294967295 exe="/system/bin/iptables" subj=u:r:netd:s0 key=(null)
12-31 17:39:07.639   228   228 W auditd  : type=1320 audit(0.0:837): 
12-31 17:39:07.659   228   228 W auditd  : type=1325 audit(0.0:838): table=mangle family=10 entries=12
12-31 17:39:07.659  1798  1798 W ip6tables: type=1300 audit(0.0:838): arch=40000028 syscall=294 per=800008 success=yes exit=0 a0=4 a1=29 a2=40 a3=b6ca1000 items=0 ppid=1604 auid=4294967295 uid=0 gid=0 euid=0 suid=0 fsuid=0 egid=0 sgid=0 fsgid=0 tty=(none) ses=4294967295 exe="/system/bin/ip6tables" subj=u:r:netd:s0 key=(null)
12-31 17:39:07.659   228   228 W auditd  : type=1320 audit(0.0:838): 
12-31 17:39:07.689   228   228 W auditd  : type=1325 audit(0.0:839): table=mangle family=2 entries=14
12-31 17:39:07.689  1799  1799 W iptables: type=1300 audit(0.0:839): arch=40000028 syscall=294 per=800008 success=yes exit=0 a0=4 a1=0 a2=40 a3=b6c16a00 items=0 ppid=1604 auid=4294967295 uid=0 gid=0 euid=0 suid=0 fsuid=0 egid=0 sgid=0 fsgid=0 tty=(none) ses=4294967295 exe="/system/bin/iptables" subj=u:r:netd:s0 key=(null)
12-31 17:39:07.689   228   228 W auditd  : type=1320 audit(0.0:839): 
12-31 17:39:07.709   228   228 W auditd  : type=1325 audit(0.0:840): table=mangle family=10 entries=14
12-31 17:39:07.709  1800  1800 W ip6tables: type=1300 audit(0.0:840): arch=40000028 syscall=294 per=800008 success=yes exit=0 a0=4 a1=29 a2=40 a3=b6c21000 items=0 ppid=1604 auid=4294967295 uid=0 gid=0 euid=0 suid=0 fsuid=0 egid=0 sgid=0 fsgid=0 tty=(none) ses=4294967295 exe="/system/bin/ip6tables" subj=u:r:netd:s0 key=(null)
12-31 17:39:07.797  1607  1607 E         : debuggerd: worker process 1638 timed out
12-31 17:39:07.798  1607  1607 E         : debuggerd: killing target 1605
12-31 17:39:07.802  1602  1602 I ServiceManager: Waiting for service media.camera.proxy...
12-31 17:39:07.841   314   314 I ServiceManager: service 'media.audio_flinger' died
12-31 17:39:07.841   314   314 I ServiceManager: service 'media.audio_policy' died
12-31 17:39:07.842   314   314 I ServiceManager: service 'media.radio' died
12-31 17:39:07.842   314   314 I ServiceManager: service 'media.sound_trigger_hw' died
12-31 17:39:07.844   314   314 I ServiceManager: service 'media.player' died
12-31 17:39:07.844   314   314 I ServiceManager: service 'media.resource_manager' died
12-31 17:39:08.876  1814  1814 F libc    : CANNOT LINK EXECUTABLE "/system/bin/rmt_storage": cannot locate symbol "ioprio_set" referenced by "/system/bin/rmt_storage"...
12-31 17:39:08.876  1814  1814 F libc    : Fatal signal 6 (SIGABRT), code -6 in tid 1814 (rmt_storage)
12-31 17:39:08.876  1607  1607 W         : debuggerd: handling request: pid=1814 uid=0 gid=0 tid=1814
12-31 17:39:08.877  1607  1607 E         : debuggerd: waitpid returned unexpected pid (0), committing murder-suicide
12-31 17:39:08.877  1607  1607 W         : debuggerd: pid 0 received signal 9
12-31 17:39:08.948  1607  1607 E         : debuggerd: killing target 1814
12-31 17:39:09.017  1828  1828 I         : debuggerd: starting
12-31 17:39:09.051  1819  1819 I Netd    : Netd 1.0 starting
12-31 17:39:09.051  1819  1819 D TetherController: Setting IP forward enable = 0
12-31 17:39:09.071  1819  1819 I QtiConnectivityAdapter: Failed to open libconnctrl, some features may not be present.
12-31 17:39:09.071  1819  1819 E         : Failed to open libdatactrl, some features may not be present.
12-31 17:39:09.071  1819  1819 E         : Failed to open libcsm_data, some features may not be present.
12-31 17:39:09.083  1820  1820 I SurfaceFlinger: SurfaceFlinger is starting
12-31 17:39:09.087  1820  1820 I SurfaceFlinger: SurfaceFlinger's main thread ready to run. Initializing graphics H/W...
12-31 17:39:09.088  1820  1820 E cutils-trace: Error opening trace file: No such file or directory (2)
12-31 17:39:09.091  1820  1820 D libEGL  : loaded /vendor/lib/egl/libEGL_adreno.so
12-31 17:39:09.092  1820  1820 D libEGL  : loaded /vendor/lib/egl/libGLESv1_CM_adreno.so
12-31 17:39:09.113  1820  1820 E libEGL  : load_driver(/vendor/lib/egl/libGLESv2_adreno.so): dlopen failed: library "libsc-a3xx.so" not found
12-31 17:39:09.118  1820  1820 I Adreno-EGL: <qeglDrvAPI_eglInitialize:379>: QUALCOMM Build: 10/09/15, 6cbbf7d, I3193f6e94a
12-31 17:39:09.109   228   228 W auditd  : type=1325 audit(0.0:846): table=filter family=2 entries=34
12-31 17:39:09.109  1834  1834 W iptables: type=1300 audit(0.0:846): arch=40000028 syscall=294 per=800008 success=yes exit=0 a0=4 a1=0 a2=40 a3=b6b97800 items=0 ppid=1819 auid=4294967295 uid=0 gid=0 euid=0 suid=0 fsuid=0 egid=0 sgid=0 fsgid=0 tty=(none) ses=4294967295 exe="/system/bin/iptables" subj=u:r:netd:s0 key=(null)
12-31 17:39:09.109   228   228 W auditd  : type=1320 audit(0.0:846): 
12-31 17:39:09.159   228   228 W auditd  : type=1325 audit(0.0:847): table=filter family=10 entries=34
12-31 17:39:09.159  1841  1841 W ip6tables: type=1300 audit(0.0:847): arch=40000028 syscall=294 per=800008 success=yes exit=0 a0=4 a1=29 a2=40 a3=b6ba0000 items=0 ppid=1819 auid=4294967295 uid=0 gid=0 euid=0 suid=0 fsuid=0 egid=0 sgid=0 fsgid=0 tty=(none) ses=4294967295 exe="/system/bin/ip6tables" subj=u:r:netd:s0 key=(null)
12-31 17:39:09.159   228   228 W auditd  : type=1320 audit(0.0:847): 
12-31 17:39:09.209   228   228 W auditd  : type=1325 audit(0.0:848): table=filter family=2 entries=33
12-31 17:39:09.209  1842  1842 W iptables: type=1300 audit(0.0:848): arch=40000028 syscall=294 per=800008 success=yes exit=0 a0=4 a1=0 a2=40 a3=b6c97800 items=0 ppid=1819 auid=4294967295 uid=0 gid=0 euid=0 suid=0 fsuid=0 egid=0 sgid=0 fsgid=0 tty=(none) ses=4294967295 exe="/system/bin/iptables" subj=u:r:netd:s0 key=(null)
12-31 17:39:09.209   228   228 W auditd  : type=1320 audit(0.0:848): 
12-31 17:39:09.249  1817  1817 I cameraserver: ServiceManager: 0xb6290720
12-31 17:39:09.249  1817  1817 I CameraService: CameraService started (pid=1817)
12-31 17:39:09.249  1817  1817 I CameraService: CameraService process starting
12-31 17:39:09.250  1817  1817 W BatteryNotifier: batterystats service unavailable!
12-31 17:39:09.251  1817  1817 W BatteryNotifier: batterystats service unavailable!
12-31 17:39:09.252  1817  1817 E cutils-trace: Error opening trace file: No such file or directory (2)
12-31 17:39:09.253  1817  1817 V CameraWrapper: camera_get_number_of_cameras
12-31 17:39:09.253  1817  1817 V CameraWrapper: check_vendor_module
12-31 17:39:09.249   228   228 W auditd  : type=1325 audit(0.0:849): table=filter family=10 entries=33
12-31 17:39:09.249  1843  1843 W ip6tables: type=1300 audit(0.0:849): arch=40000028 syscall=294 per=800008 success=yes exit=0 a0=4 a1=29 a2=40 a3=b6ca5000 items=0 ppid=1819 auid=4294967295 uid=0 gid=0 euid=0 suid=0 fsuid=0 egid=0 sgid=0 fsgid=0 tty=(none) ses=4294967295 exe="/system/bin/ip6tables" subj=u:r:netd:s0 key=(null)
12-31 17:39:09.249   228   228 W auditd  : type=1320 audit(0.0:849): 
12-31 17:39:09.271  1817  1817 E HAL     : load: module=/system/lib/hw/camera.vendor.msm8226.so
12-31 17:39:09.271  1817  1817 E HAL     : dlopen failed: cannot locate symbol "utext_openUChars_51" referenced by "/system/vendor/lib/libqc-opt.so"...
12-31 17:39:09.271  1817  1817 E CameraWrapper: failed to open vendor camera module
12-31 17:39:09.271  1817  1817 I CameraService: Loaded "Samsung MSM8226 Camera Wrapper" camera module
12-31 17:39:09.271  1817  1817 V CameraWrapper: camera_get_number_of_cameras
12-31 17:39:09.271  1817  1817 V CameraWrapper: check_vendor_module
12-31 17:39:09.300  1817  1817 E HAL     : load: module=/system/lib/hw/camera.vendor.msm8226.so
12-31 17:39:09.300  1817  1817 E HAL     : dlopen failed: cannot locate symbol "utext_openUChars_51" referenced by "/system/vendor/lib/libqc-opt.so"...
12-31 17:39:09.301  1817  1817 E CameraWrapper: failed to open vendor camera module
12-31 17:39:09.301  1817  1817 V CameraWrapper: camera_get_number_of_cameras
12-31 17:39:09.301  1817  1817 V CameraWrapper: check_vendor_module
12-31 17:39:09.315  1818  1818 I mediaserver: ServiceManager: 0xb5d90780
12-31 17:39:09.316  1818  1818 W BatteryNotifier: batterystats service unavailable!
12-31 17:39:09.319  1817  1817 E HAL     : load: module=/system/lib/hw/camera.vendor.msm8226.so
12-31 17:39:09.319  1817  1817 E HAL     : dlopen failed: cannot locate symbol "utext_openUChars_51" referenced by "/system/vendor/lib/libqc-opt.so"...
12-31 17:39:09.319  1817  1817 E CameraWrapper: failed to open vendor camera module
12-31 17:39:09.320  1817  1817 I ServiceManager: Waiting for service media.camera.proxy...
12-31 17:39:09.309   228   228 W auditd  : type=1325 audit(0.0:850): table=filter family=2 entries=33
12-31 17:39:09.309  1844  1844 W iptables: type=1300 audit(0.0:850): arch=40000028 syscall=294 per=800008 success=yes exit=0 a0=4 a1=0 a2=40 a3=b6ba3000 items=0 ppid=1819 auid=4294967295 uid=0 gid=0 euid=0 suid=0 fsuid=0 egid=0 sgid=0 fsgid=0 tty=(none) ses=4294967295 exe="/system/bin/iptables" subj=u:r:netd:s0 key=(null)
12-31 17:39:09.309   228   228 W auditd  : type=1320 audit(0.0:850): 
12-31 17:39:09.343  1816  1816 I         : sMaxFastTracks = 8
12-31 17:39:09.344  1816  1816 I audioserver: ServiceManager: 0xb6190720
12-31 17:39:09.344  1816  1816 W BatteryNotifier: batterystats service unavailable!
12-31 17:39:09.344  1816  1816 I AudioFlinger: Using default 3000 mSec as standby time.
12-31 17:39:09.345  1816  1816 I AudioPolicyService: AudioPolicyService CSTOR in new mode
12-31 17:39:09.348  1816  1816 W APM::Devices: DeviceVector::add device 80000040 already in
12-31 17:39:09.348  1816  1816 I APM::ConfigParsingUtils: loadAudioPolicyConfig() loaded /system/etc/audio_policy.conf
12-31 17:39:09.339   228   228 W auditd  : type=1325 audit(0.0:851): table=filter family=10 entries=33
12-31 17:39:09.352  1816  1816 D audio_hw_primary: adev_open: enter
12-31 17:39:09.363  1816  1816 D msm8974_platform: platform_init: snd_card_name: msm8226-tapan-snd-card
12-31 17:39:09.339  1847  1847 W ip6tables: type=1300 audit(0.0:851): arch=40000028 syscall=294 per=800008 success=yes exit=0 a0=4 a1=29 a2=40 a3=b6b97c00 items=0 ppid=1819 auid=4294967295 uid=0 gid=0 euid=0 suid=0 fsuid=0 egid=0 sgid=0 fsgid=0 tty=(none) ses=4294967295 exe="/system/bin/ip6tables" subj=u:r:netd:s0 key=(null)
12-31 17:39:09.339   228   228 W auditd  : type=1320 audit(0.0:851): 
12-31 17:39:09.369  1820  1820 E qdutils : int qdutils::getHDMINode(): Failed to open fb node 2
12-31 17:39:09.369  1820  1820 E qdutils : int qdutils::getHDMINode(): Failed to open fb node 3
12-31 17:39:09.369  1820  1820 E qdutils : int qdutils::getHDMINode(): Failed to find HDMI node
12-31 17:39:09.369  1820  1820 E qdutils : init:not able to open /sys/devices/virtual/graphics/fb0/idle_time node Permission denied
12-31 17:39:09.371  1820  1820 I qdhwcomposer: Initializing Qualcomm Hardware Composer
12-31 17:39:09.371  1820  1820 I qdhwcomposer: MDP version: 500
12-31 17:39:09.371  1820  1820 I SurfaceFlinger: Using composer version 1.5
12-31 17:39:09.371  1820  1820 I qdhwcomposer: hwc_registerProcs
12-31 17:39:09.371  1820  1820 I qdhwcomposer: Initializing UEVENT Thread
12-31 17:39:09.371  1820  1820 I qdhwcomposer: Initializing VSYNC Thread
12-31 17:39:09.371  1820  1854 I qdhwcomposer: vsync_loop: Reading event 0 for dpy 0 from /sys/class/graphics/fb0/vsync_event
12-31 17:39:09.371  1820  1854 I qdhwcomposer: vsync_loop: Reading event 1 for dpy 0 from /sys/class/graphics/fb0/show_blank_event
12-31 17:39:09.371  1820  1820 E qdutils : int qdutils::getHDMINode(): Failed to open fb node 2
12-31 17:39:09.371  1820  1820 E qdutils : int qdutils::getHDMINode(): Failed to open fb node 3
12-31 17:39:09.371  1820  1854 I qdhwcomposer: vsync_loop: Reading event 0 for dpy 1 from /sys/class/graphics/fb-1/vsync_event
12-31 17:39:09.371  1820  1820 E qdutils : int qdutils::getHDMINode(): Failed to find HDMI node
12-31 17:39:09.371  1820  1854 I qdhwcomposer: vsync_loop: Reading event 1 for dpy 1 from /sys/class/graphics/fb-1/show_blank_event
12-31 17:39:09.372  1820  1854 I qdhwcomposer: vsync_loop: Reading event 0 for dpy 2 from /sys/class/graphics/fb-1/vsync_event
12-31 17:39:09.372  1820  1854 I qdhwcomposer: vsync_loop: Reading event 1 for dpy 2 from /sys/class/graphics/fb-1/show_blank_event
12-31 17:39:09.372  1820  1820 E qdutils : int qdutils::getHDMINode(): Failed to open fb node 2
12-31 17:39:09.372  1820  1820 E qdutils : int qdutils::getHDMINode(): Failed to open fb node 3
12-31 17:39:09.372  1820  1820 E qdutils : int qdutils::getHDMINode(): Failed to find HDMI node
12-31 17:39:09.372  1820  1820 E qdutils : int qdutils::getHDMINode(): Failed to open fb node 2
12-31 17:39:09.372  1820  1820 E qdutils : int qdutils::getHDMINode(): Failed to open fb node 3
12-31 17:39:09.372  1820  1820 E qdutils : int qdutils::getHDMINode(): Failed to find HDMI node
12-31 17:39:09.372  1820  1820 D qdhwcomposer: hwc_getDisplayAttributes disp = 0, width = 720
12-31 17:39:09.372  1820  1820 D qdhwcomposer: hwc_getDisplayAttributes disp = 0, height = 1280
12-31 17:39:09.372  1820  1820 E qdhwcomposer: hwc_getDisplayConfigs display (1) is inactive
12-31 17:39:09.373  1820  1820 W Adreno-GSL: <os_lib_map:1421>:   os_lib_map error: dlopen failed: library "libsc-a3xx.so" not found, on '/vendor/lib/egl/libGLESv2_adreno.so'
12-31 17:39:09.373  1820  1820 E Adreno-EGL: <egliLoadLibrary:676>: OpenGLES20 lib failed to load
12-31 17:39:09.373  1820  1820 E Adreno-EGL: <eglFetchClientAPIFunctions:3547>: NO OGL 2 functions
12-31 17:39:09.373  1820  1820 E Adreno-EGL: <eglCreateClientApiContext:2285>: Unable to fetch GL functions
12-31 17:39:09.373  1820  1820 W Adreno-EGL: <qeglDrvAPI_eglCreateContext:2539>: EGL_BAD_ALLOC
12-31 17:39:09.373  1820  1820 F SurfaceFlinger: EGLContext creation failed
12-31 17:39:09.373  1820  1820 F libc    : Fatal signal 6 (SIGABRT), code -6 in tid 1820 (surfaceflinger)
12-31 17:39:09.374  1828  1828 W         : debuggerd: handling request: pid=1820 uid=1000 gid=1003 tid=1820
12-31 17:39:09.386  1855  1855 E         : debuggerd: Unable to connect to activity manager (connect failed: Connection refused)
12-31 17:39:09.387  1820  1820 F libc    : failed to resend signal during crash: Operation not permitted
12-31 17:39:09.389   314   314 I ServiceManager: service 'display.qservice' died
12-31 17:39:09.399   228   228 W auditd  : type=1325 audit(0.0:852): table=filter family=2 entries=31
12-31 17:39:09.399  1852  1852 W iptables: type=1300 audit(0.0:852): arch=40000028 syscall=294 per=800008 success=yes exit=0 a0=4 a1=0 a2=40 a3=b6c25000 items=0 ppid=1819 auid=4294967295 uid=0 gid=0 euid=0 suid=0 fsuid=0 egid=0 sgid=0 fsgid=0 tty=(none) ses=4294967295 exe="/system/bin/iptables" subj=u:r:netd:s0 key=(null)
12-31 17:39:09.440  1816  1816 E audio_route: Control 'SLIM RX6 MUX' doesn't exist - skipping
12-31 17:39:09.440  1816  1816 E audio_route: Control 'SLIM RX7 MUX' doesn't exist - skipping
12-31 17:39:09.440  1816  1816 E audio_route: Control 'RX7 MIX1 INP2' doesn't exist - skipping
12-31 17:39:09.440  1816  1816 E audio_route: Control 'RX7 MIX1 INP1' doesn't exist - skipping
12-31 17:39:09.440  1816  1816 E audio_route: Control 'RX6 MIX1 INP2' doesn't exist - skipping
12-31 17:39:09.440  1816  1816 E audio_route: Control 'RX6 MIX1 INP1' doesn't exist - skipping
12-31 17:39:09.440  1816  1816 E audio_route: Control 'RX5 MIX1 INP2' doesn't exist - skipping
12-31 17:39:09.440  1816  1816 E audio_route: Control 'RX5 MIX1 INP1' doesn't exist - skipping
12-31 17:39:09.440  1816  1816 E audio_route: Control 'RX3 MIX1 INP2' doesn't exist - skipping
12-31 17:39:09.440  1816  1816 E audio_route: Control 'RX2 MIX1 INP2' doesn't exist - skipping
12-31 17:39:09.441  1816  1816 E audio_route: Control 'SPK_SRC Mux' doesn't exist - skipping
12-31 17:39:09.441  1816  1816 E audio_route: Control 'AIN Gain' doesn't exist - skipping
12-31 17:39:09.441  1816  1816 E audio_route: Control 'SLIM TX10 MUX' doesn't exist - skipping
12-31 17:39:09.441  1816  1816 E audio_route: Control 'SLIM TX9 MUX' doesn't exist - skipping
12-31 17:39:09.441  1816  1816 E audio_route: Control 'SLIM TX8 MUX' doesn't exist - skipping
12-31 17:39:09.441  1816  1816 E audio_route: Control 'SLIM TX7 MUX' doesn't exist - skipping
12-31 17:39:09.441  1816  1816 E audio_route: Control 'SLIM TX6 MUX' doesn't exist - skipping
12-31 17:39:09.441  1816  1816 E audio_route: Control 'DEC10 MUX' doesn't exist - skipping
12-31 17:39:09.441  1816  1816 E audio_route: Control 'DEC9 MUX' doesn't exist - skipping
12-31 17:39:09.441  1816  1816 E audio_route: Control 'DEC8 MUX' doesn't exist - skipping
12-31 17:39:09.441  1816  1816 E audio_route: Control 'DEC7 MUX' doesn't exist - skipping
12-31 17:39:09.442  1816  1816 E audio_route: Control 'DEC6 MUX' doesn't exist - skipping
12-31 17:39:09.442  1816  1816 E audio_route: Control 'DEC5 MUX' doesn't exist - skipping
12-31 17:39:09.442  1816  1816 E audio_route: unknown enum value string BTSCO_RATE_8KHZ for ctl Internal BTSCO SampleRate
12-31 17:39:09.442  1816  1816 E audio_route: Control 'INTERNAL_BT_SCO_RX Audio Mixer Multimedia6' doesn't exist - skipping
12-31 17:39:09.442  1816  1816 E audio_route: Control 'SLIMBUS_0_RX Port Mixer AUX_PCM_TX' doesn't exist - skipping
12-31 17:39:09.442  1816  1816 E audio_route: unknown enum value string BTSCO_RATE_16KHZ for ctl Internal BTSCO SampleRate
12-31 17:39:09.443  1816  1816 E audio_route: unknown enum value string BTSCO_RATE_16KHZ for ctl Internal BTSCO SampleRate
12-31 17:39:09.444  1816  1816 E audio_route: unknown enum value string BTSCO_RATE_16KHZ for ctl Internal BTSCO SampleRate
12-31 17:39:09.444  1816  1816 E audio_route: unknown enum value string BTSCO_RATE_16KHZ for ctl Internal BTSCO SampleRate
12-31 17:39:09.444  1816  1816 E audio_route: unknown enum value string BTSCO_RATE_16KHZ for ctl Internal BTSCO SampleRate
12-31 17:39:09.444  1816  1816 E audio_route: unknown enum value string BTSCO_RATE_16KHZ for ctl Internal BTSCO SampleRate
12-31 17:39:09.444  1816  1816 E audio_route: unknown enum value string BTSCO_RATE_16KHZ for ctl Internal BTSCO SampleRate
12-31 17:39:09.445  1816  1816 E audio_route: unknown enum value string BTSCO_RATE_16KHZ for ctl Internal BTSCO SampleRate
12-31 17:39:09.445  1816  1816 E audio_route: unknown enum value string BTSCO_RATE_16KHZ for ctl Internal BTSCO SampleRate
12-31 17:39:09.445  1816  1816 E audio_route: Control 'SLIMBUS_0_RX Port Mixer INTERNAL_BT_SCO_TX' doesn't exist - skipping
12-31 17:39:09.445  1816  1816 E audio_route: unknown enum value string BTSCO_RATE_16KHZ for ctl Internal BTSCO SampleRate
12-31 17:39:09.447  1816  1816 E audio_route: Control 'RX5 MIX1 INP1' doesn't exist - skipping
12-31 17:39:09.448  1816  1816 E audio_route: Control 'AIF1_CAP Mixer SLIM TX7' doesn't exist - skipping
12-31 17:39:09.448  1816  1816 E audio_route: Control 'SLIM TX7 MUX' doesn't exist - skipping
12-31 17:39:09.448  1816  1816 E audio_route: Control 'DEC8 MUX' doesn't exist - skipping
12-31 17:39:09.448  1816  1816 E audio_route: Control 'DEC7 MUX' doesn't exist - skipping
12-31 17:39:09.448  1816  1816 E audio_route: unknown enum value string DEC8 for ctl IIR1 INP1 MUX
12-31 17:39:09.448  1816  1816 E audio_route: Control 'IIR2 INP1 MUX' doesn't exist - skipping
12-31 17:39:09.448  1816  1816 E audio_route: Control 'RX2 MIX1 INP2' doesn't exist - skipping
12-31 17:39:09.448  1816  1816 E audio_route: Control 'RX7 MIX2 INP1' doesn't exist - skipping
12-31 17:39:09.448  1816  1816 E audio_route: Control 'RX7 MIX2 INP2' doesn't exist - skipping
12-31 17:39:09.449  1816  1816 E audio_route: Control 'SLIM RX1 MUX' already exists in path 'speaker-and-dock'
12-31 17:39:09.449  1816  1816 E audio_route: Control 'RX5 Digital Volume' doesn't exist - skipping
12-31 17:39:09.449  1816  1816 E audio_route: Control 'DEC8 Volume' doesn't exist - skipping
12-31 17:39:09.449  1816  1816 E audio_route: Control 'DEC7 Volume' doesn't exist - skipping
12-31 17:39:09.449  1816  1816 E audio_route: Control 'ADC6 Volume' doesn't exist - skipping
12-31 17:39:09.449  1816  1816 E audio_route: Control 'IIR2 INP1 Volume' doesn't exist - skipping
12-31 17:39:09.450  1816  1816 E audio_route: Control 'AIF1_CAP Mixer SLIM TX1' already exists in path 'rec-stereo-mic'
12-31 17:39:09.450  1816  1816 E audio_route: Control 'DEC6 Volume' doesn't exist - skipping
12-31 17:39:09.450  1816  1816 E audio_route: Control 'Main Mic Delay' doesn't exist - skipping
12-31 17:39:09.450  1816  1816 E audio_route: Control 'AIF1_CAP Mixer SLIM TX1' already exists in path 'rec-high-gain-stereo-mic'
12-31 17:39:09.450  1816  1816 E audio_route: Control 'DEC6 Volume' doesn't exist - skipping
12-31 17:39:09.451  1816  1816 E audio_route: Control 'DEC6 Volume' doesn't exist - skipping
12-31 17:39:09.451  1816  1816 E audio_route: Control 'DEC6 Volume' doesn't exist - skipping
12-31 17:39:09.451  1816  1816 E audio_route: Control 'AIF1_CAP Mixer SLIM TX1' already exists in path 'bargein1-NS-mic'
12-31 17:39:09.451  1816  1816 E audio_route: Control 'TX5 HPF cut off' doesn't exist - skipping
12-31 17:39:09.451  1816  1816 E audio_route: Control 'DEC6 Volume' doesn't exist - skipping
12-31 17:39:09.452  1816  1816 E audio_route: Control 'DEC6 Volume' doesn't exist - skipping
12-31 17:39:09.452  1816  1816 E audio_route: Control 'AIF1_CAP Mixer SLIM TX1' already exists in path 'bargein2-NS-mic'
12-31 17:39:09.452  1816  1816 E audio_route: Control 'TX5 HPF cut off' doesn't exist - skipping
12-31 17:39:09.452  1816  1816 E audio_route: unknown enum value string POS_3_DB for ctl EAR PA Gain
12-31 17:39:09.453  1816  1816 E audio_route: Control 'AIF1_CAP Mixer SLIM TX1' already exists in path 'voice-call-NS-mic-handset'
12-31 17:39:09.453  1816  1816 E audio_route: Control 'DEC6 Volume' doesn't exist - skipping
12-31 17:39:09.453  1816  1816 E audio_route: Control 'TX5 HPF cut off' doesn't exist - skipping
12-31 17:39:09.453  1816  1816 E audio_route: Control 'AIF1_CAP Mixer SLIM TX1' already exists in path 'voice-call-NS-mic-speaker'
12-31 17:39:09.454  1816  1816 E audio_route: unknown enum value string POS_3_DB for ctl EAR PA Gain
12-31 17:39:09.454  1816  1816 E audio_route: Control 'DEC6 Volume' doesn't exist - skipping
12-31 17:39:09.454  1816  1816 E audio_route: Control 'AIF1_CAP Mixer SLIM TX1' already exists in path 'video-call-NS-mic-handset'
12-31 17:39:09.454  1816  1816 E audio_route: Control 'DEC6 Volume' doesn't exist - skipping
12-31 17:39:09.455  1816  1816 E audio_route: Control 'TX5 HPF cut off' doesn't exist - skipping
12-31 17:39:09.455  1816  1816 E audio_route: Control 'AIF1_CAP Mixer SLIM TX1' already exists in path 'video-call-NS-mic-speaker'
12-31 17:39:09.455  1816  1816 E audio_route: unknown enum value string POS_3_DB for ctl EAR PA Gain
12-31 17:39:09.455  1816  1816 E audio_route: unknown enum value string POS_3_DB for ctl EAR PA Gain
12-31 17:39:09.455  1816  1816 E audio_route: Control 'DEC6 Volume' doesn't exist - skipping
12-31 17:39:09.456  1816  1816 E audio_route: Control 'DEC6 Volume' doesn't exist - skipping
12-31 17:39:09.456  1816  1816 E audio_route: Control 'DEC5 Volume' doesn't exist - skipping
12-31 17:39:09.456  1816  1816 E audio_route: Control 'AIF1_CAP Mixer SLIM TX1' already exists in path 'VoLTE-voice-NS-mic-handset'
12-31 17:39:09.456  1816  1816 E audio_route: Control 'DEC6 Volume' doesn't exist - skipping
12-31 17:39:09.456  1816  1816 E audio_route: Control 'TX5 HPF cut off' doesn't exist - skipping
12-31 17:39:09.456  1816  1816 E audio_route: Control 'AIF1_CAP Mixer SLIM TX1' already exists in path 'VoLTE-voice-NS-mic-speaker'
12-31 17:39:09.456  1816  1816 E audio_route: unknown enum value string POS_3_DB for ctl EAR PA Gain
12-31 17:39:09.456  1816  1816 E audio_route: unknown enum value string POS_3_DB for ctl EAR PA Gain
12-31 17:39:09.457  1816  1816 E audio_route: Control 'DEC6 Volume' doesn't exist - skipping
12-31 17:39:09.457  1816  1816 E audio_route: Control 'DEC6 Volume' doesn't exist - skipping
12-31 17:39:09.457  1816  1816 E audio_route: Control 'DEC5 Volume' doesn't exist - skipping
12-31 17:39:09.457  1816  1816 E audio_route: Control 'AIF1_CAP Mixer SLIM TX1' already exists in path 'VoLTE-video-NS-mic-handset'
12-31 17:39:09.457  1816  1816 E audio_route: Control 'DEC6 Volume' doesn't exist - skipping
12-31 17:39:09.457  1816  1816 E audio_route: Control 'TX5 HPF cut off' doesn't exist - skipping
12-31 17:39:09.460  1816  1816 E audio_route: Control 'AIF1_CAP Mixer SLIM TX1' already exists in path 'VoLTE-video-NS-mic-speaker'
12-31 17:39:09.461  1816  1816 E audio_route: unknown enum value string POS_3_DB for ctl EAR PA Gain
12-31 17:39:09.462  1816  1816 E audio_route: unknown enum value string POS_3_DB for ctl EAR PA Gain
12-31 17:39:09.462  1816  1816 E audio_route: Control 'TX5 HPF cut off' doesn't exist - skipping
12-31 17:39:09.463  1816  1816 E audio_route: Control 'DEC6 Volume' doesn't exist - skipping
12-31 17:39:09.463  1816  1816 E audio_route: Control 'DEC5 Volume' doesn't exist - skipping
12-31 17:39:09.463  1816  1816 E audio_route: Control 'TX5 HPF cut off' doesn't exist - skipping
12-31 17:39:09.463  1816  1816 E audio_route: Control 'DEC6 Volume' doesn't exist - skipping
12-31 17:39:09.463  1816  1816 E audio_route: Control 'TX5 HPF cut off' doesn't exist - skipping
12-31 17:39:09.464  1816  1816 E audio_route: Control 'DEC6 Volume' doesn't exist - skipping
12-31 17:39:09.464  1816  1816 E audio_route: Control 'DEC5 Volume' doesn't exist - skipping
12-31 17:39:09.464  1816  1816 E audio_route: Control 'DEC6 Volume' doesn't exist - skipping
12-31 17:39:09.464  1816  1816 E audio_route: unknown enum value string POS_3_DB for ctl EAR PA Gain
12-31 17:39:09.465  1816  1816 E audio_route: Control 'DEC6 Volume' doesn't exist - skipping
12-31 17:39:09.465  1816  1816 E audio_route: Control 'DEC6 Volume' doesn't exist - skipping
12-31 17:39:09.466  1816  1816 D msm8974_platform: platform_init: Opened sound card:0
12-31 17:39:09.469  1816  1816 D ACDB-LOADER: ACDB -> ACDB_CMD_INITIALIZE_V2
12-31 17:39:09.472  1816  1816 D ACDB-LOADER: ACDB -> ACPH INIT
12-31 17:39:09.472  1816  1816 D         : [ACPH]->Online service registered with ACPH
12-31 17:39:09.474  1816  1816 D         : [ACPH]->ACPH init success
12-31 17:39:09.474  1816  1816 D ACDB-LOADER: ACDB -> RTAC INIT
12-31 17:39:09.474  1816  1816 D         : [ACPH]->DSP RTC service registered with ACPH
12-31 17:39:09.474  1816  1816 D ACDB-LOADER: ACDB -> ADIE RTAC INIT
12-31 17:39:09.474  1816  1816 D         : [ACPH]->ADIE RTC service registered with ACPH
