--------- beginning of main
12-31 17:38:35.000   346   346 E QC-time-services: Daemon:genoff_boot_tod_init: Unable to set TOD at boot up
12-31 17:38:35.000   346   346 E QC-time-services: Daemon: Unable to set TOD at boot up
12-31 17:38:35.000   346   346 D QC-time-services: Daemon:genoff_modem_qmi_init: Initiallizing QMI 
12-31 17:38:35.001   422   422 I cm      : | | | | | |  __/ (_| | (_| |  __/ (_) \__ \
12-31 17:38:35.003   315   315 I SurfaceFlinger: SurfaceFlinger is starting
12-31 17:38:35.004   315   315 I SurfaceFlinger: SurfaceFlinger's main thread ready to run. Initializing graphics H/W...
12-31 17:38:35.004   315   315 E cutils-trace: Error opening trace file: No such file or directory (2)
12-31 17:38:35.016   315   315 D libEGL  : loaded /vendor/lib/egl/libEGL_adreno.so
12-31 17:38:35.020   315   315 D libEGL  : loaded /vendor/lib/egl/libGLESv1_CM_adreno.so
12-31 17:38:35.039   349   349 I gatekeeperd: Starting gatekeeperd...
12-31 17:38:35.049   315   315 E libEGL  : load_driver(/vendor/lib/egl/libGLESv2_adreno.so): dlopen failed: library "libsc-a3xx.so" not found
12-31 17:38:35.055   349   349 W gatekeeperd: falling back to software GateKeeper
12-31 17:38:35.085   315   315 I Adreno-EGL: <qeglDrvAPI_eglInitialize:379>: QUALCOMM Build: 10/09/15, 6cbbf7d, I3193f6e94a
12-31 17:38:35.110   341   341 I Netd    : Netd 1.0 starting
12-31 17:38:35.113   341   341 D TetherController: Setting IP forward enable = 0
12-31 17:38:35.122   446   446 I cm      : |_|_|_| |_|\___|\__,_|\__, |\___|\___/|___/
12-31 17:38:35.164   341   341 I QtiConnectivityAdapter: Failed to open libconnctrl, some features may not be present.
12-31 17:38:35.164   341   341 E         : Failed to open libdatactrl, some features may not be present.
12-31 17:38:35.165   341   341 E         : Failed to open libcsm_data, some features may not be present.
12-31 17:38:35.274   463   463 I cm      :                       |___/
12-31 17:38:35.360   345   345 E mm-camera: server_process_module_init:59, int mods
12-31 17:38:35.360   345   345 E mm-camera-sensor: module_sensor_init:4764 Enter 
12-31 17:38:35.360   345   345 E mm-camera-sensor: module_sensor_find_sensor_subdev:4376 media device number = 1 msm_config
12-31 17:38:35.360   345   345 E mm-camera-sensor: 
12-31 17:38:35.360   345   345 E mm-camera-sensor: module_sensor_find_sensor_subdev:4386 entity id 1
12-31 17:38:35.360   345   345 E mm-camera-sensor: module_sensor_find_sensor_subdev:4394 entity name video0 type 65537 group id 2
12-31 17:38:35.360   345   345 E mm-camera-sensor: module_sensor_find_sensor_subdev:4386 entity id 2
12-31 17:38:35.360   345   345 E mm-camera-sensor: module_sensor_find_sensor_subdev:4394 entity name msm_cci type 131072 group id 0
12-31 17:38:35.360   345   345 E mm-camera-sensor: module_sensor_find_sensor_subdev:4386 entity id 3
12-31 17:38:35.361   345   345 E mm-camera-sensor: module_sensor_find_sensor_subdev:4394 entity name v4l-subdev0 type 131072 group id 0
12-31 17:38:35.361   345   345 E mm-camera-sensor: module_sensor_find_sensor_subdev:4386 entity id 4
12-31 17:38:35.361   345   345 E mm-camera-sensor: module_sensor_find_sensor_subdev:4394 entity name v4l-subdev1 type 131072 group id 0
12-31 17:38:35.361   345   345 E mm-camera-sensor: module_sensor_find_sensor_subdev:4386 entity id 5
12-31 17:38:35.361   345   345 E mm-camera-sensor: module_sensor_find_sensor_subdev:4394 entity name v4l-subdev2 type 131072 group id 1
12-31 17:38:35.361   345   345 E mm-camera-sensor: module_sensor_find_sensor_subdev:4386 entity id 6
12-31 17:38:35.361   345   345 E mm-camera-sensor: module_sensor_find_sensor_subdev:4394 entity name v4l-subdev3 type 131072 group id 1
12-31 17:38:35.361   345   345 E mm-camera-sensor: module_sensor_find_sensor_subdev:4386 entity id 7
12-31 17:38:35.361   345   345 E mm-camera-sensor: module_sensor_find_sensor_subdev:4394 entity name v4l-subdev4 type 131072 group id 7
12-31 17:38:35.361   345   345 E mm-camera-sensor: module_sensor_find_sensor_subdev:4386 entity id 8
12-31 17:38:35.361   345   345 E mm-camera-sensor: module_sensor_find_sensor_subdev:4394 entity name v4l-subdev5 type 131072 group id 7
12-31 17:38:35.361   345   345 E mm-camera-sensor: module_sensor_find_sensor_subdev:4386 entity id 9
12-31 17:38:35.361   345   345 E mm-camera-sensor: module_sensor_find_sensor_subdev:4394 entity name v4l-subdev6 type 131072 group id 8
12-31 17:38:35.361   345   345 E mm-camera-sensor: module_sensor_find_sensor_subdev:4386 entity id 10
12-31 17:38:35.361   345   345 E mm-camera-sensor: module_sensor_find_sensor_subdev:4394 entity name v4l-subdev7 type 131072 group id 14
12-31 17:38:35.361   345   345 E mm-camera-sensor: module_sensor_find_sensor_subdev:4386 entity id 11
12-31 17:38:35.361   345   345 E mm-camera-sensor: module_sensor_find_sensor_subdev:4394 entity name v4l-subdev8 type 131072 group id 11
12-31 17:38:35.361   345   345 E mm-camera-sensor: module_sensor_find_sensor_subdev:4386 entity id 12
12-31 17:38:35.361   345   345 E mm-camera-sensor: module_sensor_find_sensor_subdev:4394 entity name v4l-subdev9 type 131072 group id 3
12-31 17:38:35.361   345   345 E mm-camera-sensor: module_sensor_find_sensor_subdev:4386 entity id 13
12-31 17:38:35.361   345   345 E mm-camera-sensor: module_sensor_find_sensor_subdev:4394 entity name v4l-subdev10 type 131072 group id 2
12-31 17:38:35.361   345   345 E mm-camera-sensor: module_sensor_find_sensor_subdev:4386 entity id 14
12-31 17:38:35.361   345   345 E mm-camera-sensor: module_sensor_find_sensor_subdev:4394 entity name v4l-subdev11 type 131072 group id 13
12-31 17:38:35.361   345   345 E mm-camera-sensor: module_sensor_find_sensor_subdev:4386 entity id 15
12-31 17:38:35.361   345   345 E mm-camera-sensor: module_sensor_find_sensor_subdev:4394 entity name v4l-subdev12 type 131072 group id 9
12-31 17:38:35.361   345   345 E mm-camera-sensor: module_sensor_find_sensor_subdev:4386 entity id 16
12-31 17:38:35.361   345   345 E mm-camera-sensor: module_sensor_find_sensor_subdev:4389 Done enumerating media entities
12-31 17:38:35.361   345   345 E mm-camera-sensor: module_sensor_find_sensor_subdev:4376 media device number = 2 msm_cam_dummy
12-31 17:38:35.361   345   345 E mm-camera-sensor: 
12-31 17:38:35.361   345   345 E mm-camera-sensor: module_sensor_find_sensor_subdev:4386 entity id 1
12-31 17:38:35.361   345   345 E mm-camera-sensor: module_sensor_find_sensor_subdev:4394 entity name video1 type 65537 group id 2
12-31 17:38:35.361   345   345 E mm-camera-sensor: module_sensor_find_sensor_subdev:4386 entity id 2
12-31 17:38:35.361   345   345 E mm-camera-sensor: module_sensor_find_sensor_subdev:4389 Done enumerating media entities
12-31 17:38:35.361   345   345 E mm-camera-sensor: module_sensor_find_sensor_subdev:4364 Done enumerating media devices-failed: 2
12-31 17:38:35.362   345   345 E mm-camera-sensor: sensor_init_probe:339 sensor_init_probe
12-31 17:38:35.362   345   345 E mm-camera-sensor: sensor_init_probe:344 num_media_devices = 0
12-31 17:38:35.362   345   345 E mm-camera-sensor: sensor_init_probe:346 dev_name = /dev/media0
12-31 17:38:35.362   345   345 E mm-camera-sensor: sensor_init_probe:353 num_media_devices = 1
12-31 17:38:35.362   345   345 E mm-camera-sensor: sensor_init_probe:360 MEDIA_IOC_DEVICE_INFO = 0
12-31 17:38:35.362   345   345 E mm-camera-sensor: sensor_init_probe:366 msm_config
12-31 17:38:35.362   345   345 E mm-camera-sensor: sensor_init_probe:371 entity id 1
12-31 17:38:35.362   345   345 E mm-camera-sensor: sensor_init_probe:379 entity name video0 type 65537 group id 2
12-31 17:38:35.362   345   345 E mm-camera-sensor: sensor_init_probe:371 entity id 2
12-31 17:38:35.362   345   345 E mm-camera-sensor: sensor_init_probe:379 entity name msm_cci type 131072 group id 0
12-31 17:38:35.362   345   345 E mm-camera-sensor: sensor_init_probe:371 entity id 3
12-31 17:38:35.362   345   345 E mm-camera-sensor: sensor_init_probe:379 entity name v4l-subdev0 type 131072 group id 0
12-31 17:38:35.362   345   345 E mm-camera-sensor: sensor_init_probe:371 entity id 4
12-31 17:38:35.362   345   345 E mm-camera-sensor: sensor_init_probe:379 entity name v4l-subdev1 type 131072 group id 0
12-31 17:38:35.362   315   315 E qdutils : Failed to open msm_fb_panel_info node
12-31 17:38:35.362   345   345 E mm-camera-sensor: sensor_init_probe:371 entity id 5
12-31 17:38:35.362   345   345 E mm-camera-sensor: sensor_init_probe:379 entity name v4l-subdev2 type 131072 group id 1
12-31 17:38:35.362   345   345 E mm-camera-sensor: sensor_init_probe:371 entity id 6
12-31 17:38:35.362   345   345 E mm-camera-sensor: sensor_init_probe:379 entity name v4l-subdev3 type 131072 group id 1
12-31 17:38:35.362   345   345 E mm-camera-sensor: sensor_init_probe:371 entity id 7
12-31 17:38:35.362   345   345 E mm-camera-sensor: sensor_init_probe:379 entity name v4l-subdev4 type 131072 group id 7
12-31 17:38:35.362   345   345 E mm-camera-sensor: sensor_init_probe:371 entity id 8
12-31 17:38:35.362   345   345 E mm-camera-sensor: sensor_init_probe:379 entity name v4l-subdev5 type 131072 group id 7
12-31 17:38:35.362   345   345 E mm-camera-sensor: sensor_init_probe:371 entity id 9
12-31 17:38:35.362   345   345 E mm-camera-sensor: sensor_init_probe:379 entity name v4l-subdev6 type 131072 group id 8
12-31 17:38:35.362   345   345 E mm-camera-sensor: sensor_init_probe:371 entity id 10
12-31 17:38:35.362   345   345 E mm-camera-sensor: sensor_init_probe:379 entity name v4l-subdev7 type 131072 group id 14
12-31 17:38:35.362   345   345 E mm-camera-sensor: sensor_init_probe:344 num_media_devices = 1
12-31 17:38:35.362   345   345 E mm-camera-sensor: sensor_init_probe:346 dev_name = /dev/media1
12-31 17:38:35.362   345   345 E mm-camera-sensor: sensor_init_probe:353 num_media_devices = 2
12-31 17:38:35.362   345   345 E mm-camera-sensor: sensor_init_probe:360 MEDIA_IOC_DEVICE_INFO = 0
12-31 17:38:35.362   345   345 E mm-camera-sensor: sensor_init_probe:366 msm_config
12-31 17:38:35.362   345   345 E mm-camera-sensor: sensor_init_probe:371 entity id 1
12-31 17:38:35.362   345   345 E mm-camera-sensor: sensor_init_probe:379 entity name video1 type 65537 group id 2
12-31 17:38:35.362   345   345 E mm-camera-sensor: sensor_init_probe:371 entity id 2
12-31 17:38:35.362   345   345 E mm-camera-sensor: sensor_init_probe:374 Done enumerating media entities
12-31 17:38:35.362   345   345 E mm-camera-sensor: sensor_init_probe:344 num_media_devices = 2
12-31 17:38:35.362   345   345 E mm-camera-sensor: sensor_init_probe:346 dev_name = /dev/media2
12-31 17:38:35.363   345   345 E mm-camera-sensor: sensor_init_probe:349 Done enumerating media devices
12-31 17:38:35.363   345   345 E mm-camera-sensor: sensor_init_probe:389 subdev_name /dev/v4l-subdev7
12-31 17:38:35.363   345   345 E mm-camera-sensor: sensor_init_probe:397 Open subdev
12-31 17:38:35.363   345   345 E mm-camera-sensor: check_all_eeprom_dev:268 entity id 1
12-31 17:38:35.363   345   345 E mm-camera-sensor: check_all_eeprom_dev:274 FW_DBG entity name video0 type 65537 group id 2
12-31 17:38:35.363   345   345 E mm-camera-sensor: check_all_eeprom_dev:268 entity id 2
12-31 17:38:35.363   315   315 E qdutils : int qdutils::getHDMINode(): Failed to open fb node 2
12-31 17:38:35.363   345   345 E mm-camera-sensor: check_all_eeprom_dev:274 FW_DBG entity name msm_cci type 131072 group id 0
12-31 17:38:35.363   345   345 E mm-camera-sensor: check_all_eeprom_dev:268 entity id 3
12-31 17:38:35.363   315   315 E qdutils : int qdutils::getHDMINode(): Failed to open fb node 3
12-31 17:38:35.363   345   345 E mm-camera-sensor: check_all_eeprom_dev:274 FW_DBG entity name v4l-subdev0 type 131072 group id 0
12-31 17:38:35.363   315   315 E qdutils : int qdutils::getHDMINode(): Failed to find HDMI node
12-31 17:38:35.363   345   345 E mm-camera-sensor: check_all_eeprom_dev:268 entity id 4
12-31 17:38:35.363   345   345 E mm-camera-sensor: check_all_eeprom_dev:274 FW_DBG entity name v4l-subdev1 type 131072 group id 0
12-31 17:38:35.363   345   345 E mm-camera-sensor: check_all_eeprom_dev:268 entity id 5
12-31 17:38:35.363   345   345 E mm-camera-sensor: check_all_eeprom_dev:274 FW_DBG entity name v4l-subdev2 type 131072 group id 1
12-31 17:38:35.363   345   345 E mm-camera-sensor: check_all_eeprom_dev:268 entity id 6
12-31 17:38:35.363   345   345 E mm-camera-sensor: check_all_eeprom_dev:274 FW_DBG entity name v4l-subdev3 type 131072 group id 1
12-31 17:38:35.363   345   345 E mm-camera-sensor: check_all_eeprom_dev:268 entity id 7
12-31 17:38:35.363   345   345 E mm-camera-sensor: check_all_eeprom_dev:274 FW_DBG entity name v4l-subdev4 type 131072 group id 7
12-31 17:38:35.363   345   345 E mm-camera-sensor: check_all_eeprom_dev:268 entity id 8
12-31 17:38:35.363   345   345 E mm-camera-sensor: check_all_eeprom_dev:274 FW_DBG entity name v4l-subdev5 type 131072 group id 7
12-31 17:38:35.363   345   345 E mm-camera-sensor: check_all_eeprom_dev:268 entity id 9
12-31 17:38:35.363   315   315 E qdutils : init:not able to open /sys/devices/virtual/graphics/fb0/idle_time node Permission denied
12-31 17:38:35.363   345   345 E mm-camera-sensor: check_all_eeprom_dev:274 FW_DBG entity name v4l-subdev6 type 131072 group id 8
12-31 17:38:35.363   345   345 E mm-camera-sensor: check_all_eeprom_dev:278 found eeprom : /dev/v4l-subdev6
12-31 17:38:35.363   345   345 E mm-camera-sensor: read_eeprom:139 FW_DBG Open eeprome dev
12-31 17:38:35.363   345   345 E mm-camera-sensor: read_eeprom:146 FW_DBG Open eeprome dev : /dev/v4l-subdev6
12-31 17:38:35.365   315   315 I qdhwcomposer: Initializing Qualcomm Hardware Composer
12-31 17:38:35.365   315   315 I qdhwcomposer: MDP version: 500
12-31 17:38:35.365   315   315 I SurfaceFlinger: Using composer version 1.5
12-31 17:38:35.365   315   315 I qdhwcomposer: hwc_registerProcs
12-31 17:38:35.365   315   315 I qdhwcomposer: Initializing UEVENT Thread
12-31 17:38:35.365   315   315 I qdhwcomposer: Initializing VSYNC Thread
12-31 17:38:35.365   315   477 I qdhwcomposer: vsync_loop: Reading event 0 for dpy 0 from /sys/class/graphics/fb0/vsync_event
12-31 17:38:35.365   315   477 I qdhwcomposer: vsync_loop: Reading event 1 for dpy 0 from /sys/class/graphics/fb0/show_blank_event
12-31 17:38:35.366   315   315 E qdutils : int qdutils::getHDMINode(): Failed to open fb node 2
12-31 17:38:35.366   315   315 E qdutils : int qdutils::getHDMINode(): Failed to open fb node 3
12-31 17:38:35.366   315   477 I qdhwcomposer: vsync_loop: Reading event 0 for dpy 1 from /sys/class/graphics/fb-1/vsync_event
12-31 17:38:35.366   315   315 E qdutils : int qdutils::getHDMINode(): Failed to find HDMI node
12-31 17:38:35.366   315   477 I qdhwcomposer: vsync_loop: Reading event 1 for dpy 1 from /sys/class/graphics/fb-1/show_blank_event
12-31 17:38:35.366   315   477 I qdhwcomposer: vsync_loop: Reading event 0 for dpy 2 from /sys/class/graphics/fb-1/vsync_event
12-31 17:38:35.366   315   477 I qdhwcomposer: vsync_loop: Reading event 1 for dpy 2 from /sys/class/graphics/fb-1/show_blank_event
12-31 17:38:35.366   315   315 E qdutils : int qdutils::getHDMINode(): Failed to open fb node 2
12-31 17:38:35.366   315   315 E qdutils : int qdutils::getHDMINode(): Failed to open fb node 3
12-31 17:38:35.366   315   315 E qdutils : int qdutils::getHDMINode(): Failed to find HDMI node
12-31 17:38:35.366   315   315 E qdutils : int qdutils::getHDMINode(): Failed to open fb node 2
12-31 17:38:35.366   315   315 E qdutils : int qdutils::getHDMINode(): Failed to open fb node 3
12-31 17:38:35.366   315   315 E qdutils : int qdutils::getHDMINode(): Failed to find HDMI node
12-31 17:38:35.366   315   315 D qdhwcomposer: hwc_getDisplayAttributes disp = 0, width = 720
12-31 17:38:35.366   315   315 D qdhwcomposer: hwc_getDisplayAttributes disp = 0, height = 1280
12-31 17:38:35.366   315   315 E qdhwcomposer: hwc_getDisplayConfigs display (1) is inactive
12-31 17:38:35.367   315   315 W Adreno-GSL: <os_lib_map:1421>:   os_lib_map error: dlopen failed: library "libsc-a3xx.so" not found, on '/vendor/lib/egl/libGLESv2_adreno.so'
12-31 17:38:35.367   315   315 E Adreno-EGL: <egliLoadLibrary:676>: OpenGLES20 lib failed to load
12-31 17:38:35.367   315   315 E Adreno-EGL: <eglFetchClientAPIFunctions:3547>: NO OGL 2 functions
12-31 17:38:35.367   315   315 E Adreno-EGL: <eglCreateClientApiContext:2285>: Unable to fetch GL functions
12-31 17:38:35.367   315   315 W Adreno-EGL: <qeglDrvAPI_eglCreateContext:2539>: EGL_BAD_ALLOC
12-31 17:38:35.367   315   315 F SurfaceFlinger: EGLContext creation failed
12-31 17:38:35.367   336   336 D QSEECOMAPI: : Loaded image: APP id = 2
--------- beginning of crash
12-31 17:38:35.368   315   315 F libc    : Fatal signal 6 (SIGABRT), code -6 in tid 315 (surfaceflinger)
12-31 17:38:35.369   209   209 W         : debuggerd: handling request: pid=315 uid=1000 gid=1003 tid=315
12-31 17:38:35.378   336   336 D keystore: Wrapping keymaster0 module Keymaster QCOM HAL with SoftKeymasterDevice
12-31 17:38:35.378   336   336 D SoftKeymaster: system/keymaster/soft_keymaster_device.cpp, Line 150: Reinitializing SoftKeymasterDevice to use HW keymaster0
12-31 17:38:35.378   336   336 I SoftKeymaster: system/keymaster/soft_keymaster_device.cpp, Line 131: Creating device
12-31 17:38:35.378   336   336 D SoftKeymaster: system/keymaster/soft_keymaster_device.cpp, Line 132: Device address: 0xb688d200
12-31 17:38:35.397   345   345 E mm-camera-sensor: [mm]read_EEPROM_header_version:416 EEPROM HEADER: core_version(0x45) resolution(0x30 0x38) isp(0x51) sensor_maker(0x4c)
12-31 17:38:35.397   345   345 E mm-camera-sensor: [mm]read_EEPROM_header_version:418 EEPROM HEADER: year(0x48) month(0x49) iter(0x30 0x31)
12-31 17:38:35.397   345   345 E mm-camera-sensor: [mm]read_EEPROM_header_version:424 [FW_DBG] EEPROM HEADER: E 08 Q L H I 01 C I
12-31 17:38:35.397   345   345 E mm-camera-sensor: read_eeprom:193 eeprom header version : sensor maker : 0x4c
12-31 17:38:35.397   345   345 E mm-camera-sensor: read_eeprom:201 firmware sensor name s5k4h5yb
12-31 17:38:35.397   345   345 E mm-camera-sensor: read_eeprom:206 FW_DBG firmware sensor name s5k4h5yb
12-31 17:38:35.398   345   345 E mm-camera-sensor: read_eeprom:211 FW_DBG version_xml_name E08QL_s5k4h5yb
12-31 17:38:35.398   345   345 E mm-camera-sensor: [mm]check_version:571 firmware version file system/etc/E08QL_s5k4h5yb_module_info.xml
12-31 17:38:35.399   345   345 E mm-camera-sensor: parse_module_xml:125 freeing doc
12-31 17:38:35.399   345   345 E mm-camera-sensor: [mm]check_version:594 FIRMWARE: core_version(0x45) resolution(0x30 0x38) isp(0x51) sensor_maker(0x4c)
12-31 17:38:35.399   345   345 E mm-camera-sensor: [mm]check_version:597 EEPROM:   core_version(0x45) resolution(0x30 0x38) isp(0x51) sensor_maker(0x4c)
12-31 17:38:35.399   345   345 E mm-camera-sensor: [mm]check_version:603 [FW_DBG] FIRMWARE: E 08 Q L H I 01 C I
12-31 17:38:35.399   345   345 E mm-camera-sensor: [mm]check_version:608 [FW_DBG] EEPROM:   E 08 Q L H I 01 C I
12-31 17:38:35.399   345   345 E mm-camera-sensor: [mm]check_version:619 EEPROM has the same sensor module with firmware
12-31 17:38:35.399   345   345 E mm-camera-sensor: [mm]check_version:623 FIRMWARE: year(0x48) month(0x49) iter(0x30 0x31)
12-31 17:38:35.399   345   345 E mm-camera-sensor: [mm]check_version:625 EEPROM:   year(0x48) month(0x49) iter(0x30 0x31)
12-31 17:38:35.399   345   345 E mm-camera-sensor: [mm]read_eeprom_sensor_lib_info:733 firmware version file system/etc/E08QL_s5k4h5yb_module_info.xml
12-31 17:38:35.400   345   345 E mm-camera-sensor: parse_module_xml:125 freeing doc
12-31 17:38:35.400   345   345 E mm-camera-sensor: read_eeprom_sensor_lib_info:750 [FW_DBG] PHONE cl_number : 1323073
12-31 17:38:35.400   345   345 E mm-camera-sensor: [mm]write_sysfs_firmware_version:663 [FW_DBG] sysfs open file failed. [/sys/class/camera/rear/rear_camfw]
12-31 17:38:35.400   345   345 E mm-camera-sensor: [mm]read_eeprom_sensor_lib_info:776 check F/W header size : -1
12-31 17:38:35.400   345   345 E mm-camera-sensor: [mm]read_eeprom_sensor_lib_info:778 check F/W header size : -1 is not matched!
12-31 17:38:35.400   345   345 E mm-camera-sensor: sensor_init_probe:464 Load the sensor module from file system =0 ,s5k4h5yb,
12-31 17:38:35.400   345   345 E mm-camera-sensor: sensor_init_probe:467 sensor_probe_list[0] = s5k4h5yb,
12-31 17:38:35.400   345   345 E mm-camera-sensor: sensor_init_probe:470 Load the sensor module from file system =0 ,s5k4h5yb,
12-31 17:38:35.400   345   345 E mm-camera-sensor: sensor_probe:173 LOAD from Phone
12-31 17:38:35.400   345   345 E mm-camera-sensor: sensor_load_library:78 s5k4h5yb : load from phone
12-31 17:38:35.408   345   345 E         : open lib s5k4h5yb_open_lib hwver = 0   rev = 0 
12-31 17:38:35.408   345   345 E         : Madhu open lib s5k4h5yb_open_lib hwver
12-31 17:38:35.408   345   345 E mm-camera-sensor: sensor_probe:197 func sensor_probe line 197 sensor_id = 23299
12-31 17:38:35.408   345   345 E mm-camera-sensor: 
12-31 17:38:35.413   478   478 E         : debuggerd: Unable to connect to activity manager (connect failed: Connection refused)
12-31 17:38:35.413   315   315 F libc    : failed to resend signal during crash: Operation not permitted
12-31 17:38:35.428   314   314 I ServiceManager: service 'display.qservice' died
12-31 17:38:35.429   345   345 E mm-camera-sensor: sensor_probe:205 subdev name v4l-subdev13
12-31 17:38:35.429   345   345 E mm-camera-sensor: sensor_probe:207 
12-31 17:38:35.429   345   345 E mm-camera-sensor: sensor_probe:209 
12-31 17:38:35.429   345   345 E mm-camera-sensor: sensor_probe:212 
12-31 17:38:35.429   345   345 E mm-camera-sensor: sensor_probe:219 
12-31 17:38:35.429   345   345 E mm-camera-sensor: sensor_probe:221 sensor_lib_params.sensor_lib_ptr->eeprom_name fidelix
12-31 17:38:35.429   345   345 E mm-camera-sensor: sensor_init_probe:473 sensor_probe ret =1
12-31 17:38:35.429   345   345 E mm-camera-sensor: sensor_init_probe:475 sensor_probe_list[i].sensor_name = s5k4h5yb
12-31 17:38:35.429   345   345 E mm-camera-sensor: sensor_init_probe:485 , hw version info E08QL
12-31 17:38:35.429   345   345 E mm-camera-sensor: sensor_init_probe:494 sensor_probe_list[i].sensor_name = s5k4h5yb
12-31 17:38:35.429   345   345 E mm-camera-sensor: sensor_init_probe:511 subdev name fidelix
12-31 17:38:35.429   345   345 E mm-camera-sensor: module_sensor_create_sbundle:4293 sensor name s5k4h5yb session 2
12-31 17:38:35.429   345   345 E mm-camera-sensor: module_sensor_create_sbundle:4302 subdev_id[0] 2
12-31 17:38:35.429   345   345 E mm-camera-sensor: module_sensor_create_sbundle:4302 subdev_id[1] 0
12-31 17:38:35.429   345   345 E mm-camera-sensor: module_sensor_create_sbundle:4302 subdev_id[2] 1
12-31 17:38:35.429   345   345 E mm-camera-sensor: module_sensor_create_sbundle:4302 subdev_id[3] 0
12-31 17:38:35.429   345   345 E mm-camera-sensor: module_sensor_create_sbundle:4302 subdev_id[4] 0
12-31 17:38:35.429   345   345 E mm-camera-sensor: module_sensor_create_sbundle:4302 subdev_id[5] -1
12-31 17:38:35.429   345   345 E mm-camera-sensor: module_sensor_create_sbundle:4302 subdev_id[6] 0
12-31 17:38:35.429   345   345 E mm-camera-sensor: module_sensor_create_sbundle:4302 subdev_id[7] -1
12-31 17:38:35.429   345   345 E mm-camera-sensor: module_sensor_create_sbundle:4302 subdev_id[8] 0
12-31 17:38:35.429   345   345 E mm-camera-sensor: module_sensor_create_sbundle:4302 subdev_id[9] -1
12-31 17:38:35.429   345   345 E mm-camera-sensor: module_sensor_create_sbundle:4310 sensor sd name v4l-subdev13
12-31 17:38:35.429   345   345 E mm-camera-sensor: module_sensor_create_sbundle:4316 sensor_bundle->eeprom_lib_name fidelix
12-31 17:38:35.429   345   345 E mm-camera-sensor: [mm]get_load_firmware_version:679 [FW_DBG] loading from phone: E08QLHI01CI
12-31 17:38:35.429   345   345 E mm-camera-sensor: update_sysfs_fw_version:692 [FW_DBG] update_fw_ver: E08QLHI01CI, update_fw_index: 3
12-31 17:38:35.429   345   345 E mm-camera-sensor: [mm]write_sysfs_firmware_version:663 [FW_DBG] sysfs open file failed. [/sys/class/camera/rear/rear_camfw]
12-31 17:38:35.430   345   345 E mm-camera-sensor: [mm]write_sysfs_firmware_version:663 [FW_DBG] sysfs open file failed. [/sys/class/camera/rear/rear_camfw_full]
12-31 17:38:35.430   345   345 E mm-camera-sensor: [mm]write_sysfs_firmware_version:663 [FW_DBG] sysfs open file failed. [/sys/class/camera/rear/rear_camfw_load]
12-31 17:38:35.430   345   345 E mm-camera-sensor: sensor_init_probe:464 Load the sensor module from file system =1 ,s5k6a3yx,
12-31 17:38:35.430   345   345 E mm-camera-sensor: sensor_init_probe:467 sensor_probe_list[1] = s5k6a3yx,
12-31 17:38:35.430   345   345 E mm-camera-sensor: sensor_init_probe:470 Load the sensor module from file system =1 ,s5k6a3yx,
12-31 17:38:35.430   345   345 E mm-camera-sensor: sensor_probe:173 LOAD from Phone
12-31 17:38:35.430   345   345 E mm-camera-sensor: sensor_load_library:78 s5k6a3yx : load from phone
12-31 17:38:35.431   345   345 E         : open lib s5k6a3yx_open_lib hwver = 0   rev = 0 
12-31 17:38:35.431   345   345 E mm-camera-sensor: sensor_probe:197 func sensor_probe line 197 sensor_id = 0
12-31 17:38:35.431   345   345 E mm-camera-sensor: 
12-31 17:38:35.436   345   345 E mm-camera-sensor: sensor_probe:205 subdev name v4l-subdev14
12-31 17:38:35.436   345   345 E mm-camera-sensor: sensor_probe:207 
12-31 17:38:35.436   345   345 E mm-camera-sensor: sensor_probe:209 
12-31 17:38:35.436   345   345 E mm-camera-sensor: sensor_probe:212 
12-31 17:38:35.436   345   345 E mm-camera-sensor: sensor_probe:219 
12-31 17:38:35.436   345   345 E mm-camera-sensor: sensor_probe:221 sensor_lib_params.sensor_lib_ptr->eeprom_name (null)
12-31 17:38:35.436   345   345 E mm-camera-sensor: sensor_init_probe:473 sensor_probe ret =1
12-31 17:38:35.436   345   345 E mm-camera-sensor: sensor_init_probe:475 sensor_probe_list[i].sensor_name = s5k6a3yx
12-31 17:38:35.436   345   345 E mm-camera-sensor: sensor_init_probe:494 sensor_probe_list[i].sensor_name = s5k6a3yx
12-31 17:38:35.436   345   345 E mm-camera-sensor: sensor_init_probe:511 subdev name 
12-31 17:38:35.436   345   345 E mm-camera-sensor: module_sensor_create_sbundle:4293 sensor name s5k6a3yx session 3
12-31 17:38:35.436   345   345 E mm-camera-sensor: module_sensor_create_sbundle:4302 subdev_id[0] 3
12-31 17:38:35.436   345   345 E mm-camera-sensor: module_sensor_create_sbundle:4302 subdev_id[1] 0
12-31 17:38:35.436   345   345 E mm-camera-sensor: module_sensor_create_sbundle:4302 subdev_id[2] -1
12-31 17:38:35.436   345   345 E mm-camera-sensor: module_sensor_create_sbundle:4302 subdev_id[3] -1
12-31 17:38:35.436   345   345 E mm-camera-sensor: module_sensor_create_sbundle:4302 subdev_id[4] -1
12-31 17:38:35.436   345   345 E mm-camera-sensor: module_sensor_create_sbundle:4302 subdev_id[5] -1
12-31 17:38:35.436   345   345 E mm-camera-sensor: module_sensor_create_sbundle:4302 subdev_id[6] 1
12-31 17:38:35.436   345   345 E mm-camera-sensor: module_sensor_create_sbundle:4302 subdev_id[7] -1
12-31 17:38:35.436   345   345 E mm-camera-sensor: module_sensor_create_sbundle:4302 subdev_id[8] 1
12-31 17:38:35.436   345   345 E mm-camera-sensor: module_sensor_create_sbundle:4302 subdev_id[9] -1
12-31 17:38:35.436   345   345 E mm-camera-sensor: module_sensor_create_sbundle:4310 sensor sd name v4l-subdev14
12-31 17:38:35.436   345   345 E mm-camera-sensor: module_sensor_create_sbundle:4316 sensor_bundle->eeprom_lib_name 
12-31 17:38:35.437   345   345 E mm-camera-sensor: module_sensor_find_other_subdev:4643 subdev id 0 group id = 0
12-31 17:38:35.437   345   345 E mm-camera-sensor: module_sensor_set_sub_module_id:4468 sub module 6 id 0 subdev name v4l-subdev0 0
12-31 17:38:35.437   345   345 E mm-camera-sensor: module_sensor_set_sub_module_id:4475 match found sub module 6 session id 2 subdev name v4l-subdev0
12-31 17:38:35.437   345   345 E mm-camera-sensor: module_sensor_set_sub_module_id:4468 sub module 6 id 0 subdev name v4l-subdev0 1
12-31 17:38:35.437   345   345 E mm-camera-sensor: module_sensor_find_other_subdev:4643 subdev id 1 group id = 0
12-31 17:38:35.437   345   345 E mm-camera-sensor: module_sensor_set_sub_module_id:4468 sub module 6 id 1 subdev name v4l-subdev1 0
12-31 17:38:35.437   345   345 E mm-camera-sensor: module_sensor_set_sub_module_id:4468 sub module 6 id 1 subdev name v4l-subdev1 1
12-31 17:38:35.437   345   345 E mm-camera-sensor: module_sensor_set_sub_module_id:4475 match found sub module 6 session id 3 subdev name v4l-subdev1
12-31 17:38:35.437   345   345 E mm-camera-sensor: module_sensor_find_other_subdev:4643 subdev id 0 group id = 1
12-31 17:38:35.437   345   345 E mm-camera-sensor: module_sensor_set_sub_module_id:4468 sub module 8 id 0 subdev name v4l-subdev2 0
12-31 17:38:35.437   345   345 E mm-camera-sensor: module_sensor_set_sub_module_id:4475 match found sub module 8 session id 2 subdev name v4l-subdev2
12-31 17:38:35.437   345   345 E mm-camera-sensor: module_sensor_set_sub_module_id:4468 sub module 8 id 0 subdev name v4l-subdev2 1
12-31 17:38:35.438   345   345 E mm-camera-sensor: module_sensor_find_other_subdev:4643 subdev id 1 group id = 1
12-31 17:38:35.438   345   345 E mm-camera-sensor: module_sensor_set_sub_module_id:4468 sub module 8 id 1 subdev name v4l-subdev3 0
12-31 17:38:35.438   345   345 E mm-camera-sensor: module_sensor_set_sub_module_id:4468 sub module 8 id 1 subdev name v4l-subdev3 1
12-31 17:38:35.438   345   345 E mm-camera-sensor: module_sensor_set_sub_module_id:4475 match found sub module 8 session id 3 subdev name v4l-subdev3
12-31 17:38:35.438   345   345 E mm-camera-sensor: module_sensor_find_other_subdev:4643 subdev id 0 group id = 7
12-31 17:38:35.438   345   345 E mm-camera-sensor: module_sensor_set_sub_module_id:4468 sub module 2 id 0 subdev name v4l-subdev4 1
12-31 17:38:35.438   345   345 E mm-camera-sensor: module_sensor_set_sub_module_id:4468 sub module 2 id 0 subdev name v4l-subdev4 -1
12-31 17:38:35.438   345   345 E mm-camera-sensor: module_sensor_find_other_subdev:4643 subdev id 1 group id = 7
12-31 17:38:35.438   345   345 E mm-camera-sensor: module_sensor_set_sub_module_id:4468 sub module 2 id 1 subdev name v4l-subdev5 1
12-31 17:38:35.438   345   345 E mm-camera-sensor: module_sensor_set_sub_module_id:4475 match found sub module 2 session id 2 subdev name v4l-subdev5
12-31 17:38:35.438   345   345 E mm-camera-sensor: module_sensor_set_sub_module_id:4468 sub module 2 id 1 subdev name v4l-subdev5 -1
12-31 17:38:35.438   345   345 E mm-camera-sensor: sensor_util_match_eeprom_lib_name:373 s_bundle->eeprom_lib_name fidelix eeprom_name fidelix
12-31 17:38:35.438   345   345 E mm-camera-sensor: sensor_util_match_eeprom_lib_name:379 match
12-31 17:38:35.438   345   345 E mm-camera-sensor: module_sensor_find_other_subdev:4631 eeprom lib name fidelix
12-31 17:38:35.438   345   345 E mm-camera-sensor: module_sensor_find_other_subdev:4643 subdev id 0 group id = 11
12-31 17:38:35.438   345   345 E mm-camera-sensor: module_sensor_set_sub_module_id:4468 sub module 4 id 0 subdev name v4l-subdev8 0
12-31 17:38:35.438   345   345 E mm-camera-sensor: module_sensor_set_sub_module_id:4475 match found sub module 4 session id 2 subdev name v4l-subdev8
12-31 17:38:35.438   345   345 E mm-camera-sensor: module_sensor_set_sub_module_id:4468 sub module 4 id 0 subdev name v4l-subdev8 -1
12-31 17:38:35.439   345   345 E mm-camera-sensor: module_sensors_subinit:202 FW_DBG i 0 subdev name v4l-subdev13 strlen 12
12-31 17:38:35.439   345   345 E mm-camera-sensor: module_sensors_subinit:202 FW_DBG i 1 subdev name  strlen 0
12-31 17:38:35.439   345   345 E mm-camera-sensor: module_sensors_subinit:202 FW_DBG i 2 subdev name v4l-subdev5 strlen 11
12-31 17:38:35.439   345   345 E mm-camera-sensor: module_sensors_subinit:202 FW_DBG i 3 subdev name v4l-subdev6 strlen 11
12-31 17:38:35.439   345   345 E mm-camera-sensor: module_sensors_subinit:202 FW_DBG i 4 subdev name v4l-subdev8 strlen 11
12-31 17:38:35.439   345   345 E mm-camera-sensor: module_sensors_subinit:202 FW_DBG i 6 subdev name v4l-subdev0 strlen 11
12-31 17:38:35.439   345   345 E mm-camera-sensor: module_sensors_subinit:202 FW_DBG i 8 subdev name v4l-subdev2 strlen 11
12-31 17:38:35.439   345   345 E mm-camera-sensor: module_sensors_subinit:202 FW_DBG i 0 subdev name v4l-subdev14 strlen 12
12-31 17:38:35.439   345   345 E mm-camera-sensor: module_sensors_subinit:202 FW_DBG i 1 subdev name  strlen 0
12-31 17:38:35.439   345   345 E mm-camera-sensor: module_sensors_subinit:202 FW_DBG i 6 subdev name v4l-subdev1 strlen 11
12-31 17:38:35.439   345   345 E mm-camera-sensor: module_sensors_subinit:202 FW_DBG i 8 subdev name v4l-subdev3 strlen 11
12-31 17:38:35.439   345   345 E mm-camera-sensor: csid_open:111 sd name /dev/v4l-subdev2
12-31 17:38:35.458   345   345 E mm-camera-sensor: sensor_load_library:78 s5k4h5yb : load from phone
12-31 17:38:35.459   345   345 E         : open lib s5k4h5yb_open_lib hwver = 0   rev = 0 
12-31 17:38:35.459   345   345 E         : Madhu open lib s5k4h5yb_open_lib hwver
12-31 17:38:35.459   345   345 E mm-camera-sensor: csid_open:111 sd name /dev/v4l-subdev3
12-31 17:38:35.461   345   345 E mm-camera-sensor: sensor_load_library:78 s5k6a3yx : load from phone
12-31 17:38:35.462   345   345 E         : open lib s5k6a3yx_open_lib hwver = 0   rev = 0 
12-31 17:38:35.462   345   345 E mm-camera-sensor: sensor_init_load_from_EEPROM:572 back : load from EEPROM ? 0
12-31 17:38:35.462   345   345 E mm-camera-sensor: sensor_init_load_from_EEPROM:574 front : load from EEPROM ? 0
12-31 17:38:35.462   345   345 E mm-camera-sensor: eeprom_process:1373 [FW_DBG] loading from PHONE
12-31 17:38:35.465   345   345 E mm-camera: isp_util_gen_hws_caps: integrating kernel vfe is pending
12-31 17:38:35.483   345   345 E mm-camera: isp_hw_query_caps: isp version query error = -1
12-31 17:38:35.484   345   345 E mm-camera: isp_create: cannot generate ISP capabilities
12-31 17:38:35.484   345   345 E mm-camera: module_isp_init: isp_open error = -1
12-31 17:38:35.485   345   345 E mm-camera: cpp_module_init:49 name=cpp
12-31 17:38:35.488   345   345 E mm-camera: cpp_hardware_load_firmware:359, cpphw->hwinfo.version = 0x20000000
12-31 17:38:35.575   344   344 V AudioDaemonMain: Audio daemon starting sequence..
12-31 17:38:35.575   487   487 I cm      : Welcome to Android 7.1.2 / LineageOS-14.1-20180106_162228-UNOFFICIAL-s3ve3g
12-31 17:38:35.575   344   344 V AudioDaemon: Start audiod daemon
12-31 17:38:35.590   495   495 I ueventd : type=1400 audit(0.0:27): avc: denied { search } for name="/" dev="mmcblk0p2" ino=1 scontext=u:r:ueventd:s0 tcontext=u:object_r:vfat:s0 tclass=dir permissive=1
12-31 17:38:35.590   495   495 I ueventd : type=1400 audit(0.0:27): avc: denied { read } for name="modem.b13" dev="mmcblk0p2" ino=40 scontext=u:r:ueventd:s0 tcontext=u:object_r:vfat:s0 tclass=file permissive=1
12-31 17:38:35.590   495   495 I ueventd : type=1400 audit(0.0:27): avc: denied { open } for name="modem.b13" dev="mmcblk0p2" ino=40 scontext=u:r:ueventd:s0 tcontext=u:object_r:vfat:s0 tclass=file permissive=1
12-31 17:38:35.590   495   495 W ueventd : type=1300 audit(0.0:27): arch=40000028 syscall=322 per=800008 success=yes exit=8 a0=ffffff9c a1=b6e8aff0 a2=a0000 a3=0 items=1 ppid=160 auid=4294967295 uid=0 gid=0 euid=0 suid=0 fsuid=0 egid=0 sgid=0 fsgid=0 tty=(none) ses=4294967295 exe="/init" subj=u:r:ueventd:s0 key=(null)
12-31 17:38:35.590   228   228 W auditd  : type=1307 audit(0.0:27): cwd="/"
12-31 17:38:35.590   228   228 W auditd  : type=1302 audit(0.0:27): item=0 name="/etc/firmware/modem.b13" inode=40 dev=b3:02 mode=0100440 ouid=1000 ogid=1026 rdev=00:00 obj=u:object_r:vfat:s0
12-31 17:38:35.590   228   228 W auditd  : type=1320 audit(0.0:27): 
12-31 17:38:35.590   495   495 I ueventd : type=1400 audit(0.0:28): avc: denied { getattr } for path="/firmware-modem/image/modem.b13" dev="mmcblk0p2" ino=40 scontext=u:r:ueventd:s0 tcontext=u:object_r:vfat:s0 tclass=file permissive=1
12-31 17:38:35.590   495   495 W ueventd : type=1300 audit(0.0:28): arch=40000028 syscall=197 per=800008 success=yes exit=0 a0=8 a1=befa3d18 a2=1 a3=200 items=0 ppid=160 auid=4294967295 uid=0 gid=0 euid=0 suid=0 fsuid=0 egid=0 sgid=0 fsgid=0 tty=(none) ses=4294967295 exe="/init" subj=u:r:ueventd:s0 key=(null)
12-31 17:38:35.590   228   228 W auditd  : type=1320 audit(0.0:28): 
12-31 17:38:35.598   344   493 V AudioDaemon: readyToRun: open snd card state node files
12-31 17:38:35.598   344   493 V AudioDaemon: Start threadLoop()
12-31 17:38:35.598   344   493 D AudioDaemon: Opening sound card state : /proc/asound/card0/state
12-31 17:38:35.598   344   493 V AudioDaemon: bool android::AudioDaemon::getStateFDs(std::vector<std::pair<int, int> > &): 1 sound cards detected
12-31 17:38:35.598   344   493 D AudioDaemon: read for sound card state change before while
12-31 17:38:35.598   344   493 D AudioDaemon: sound card state file content: ONLINE
12-31 17:38:35.598   344   493 D AudioDaemon: ÿ before while
12-31 17:38:35.598   344   493 E AudioDaemon: put cur_state to online
12-31 17:38:35.598   344   493 D AudioDaemon: cur_state=0, bootup_complete=0
12-31 17:38:35.598   344   493 E AudioDaemon: sound card up is deteced before while
12-31 17:38:35.598   344   493 E AudioDaemon: bootup_complete set to 1
12-31 17:38:35.598   344   493 D AudioDaemon: poll() for sound card state change 
12-31 17:38:35.638   337   337 I mediacodec: @@@ mediacodecservice starting
12-31 17:38:35.638   329   329 I cameraserver: ServiceManager: 0xb6290720
12-31 17:38:35.638   329   329 I CameraService: CameraService started (pid=329)
12-31 17:38:35.638   329   329 I CameraService: CameraService process starting
12-31 17:38:35.639   337   337 W /system/bin/mediacodec: libminijail: not loading seccomp filter, seccomp not supported
12-31 17:38:35.647   329   329 W BatteryNotifier: batterystats service unavailable!
12-31 17:38:35.648   329   329 W BatteryNotifier: batterystats service unavailable!
12-31 17:38:35.650   329   329 E cutils-trace: Error opening trace file: No such file or directory (2)
12-31 17:38:35.650   329   329 V CameraWrapper: camera_get_number_of_cameras
12-31 17:38:35.650   329   329 V CameraWrapper: check_vendor_module
12-31 17:38:35.653   494   494 I sysinit : Running /system/etc/init.d/90userinit
12-31 17:38:35.675   329   329 E HAL     : load: module=/system/lib/hw/camera.vendor.msm8226.so
12-31 17:38:35.675   329   329 E HAL     : dlopen failed: cannot locate symbol "utext_openUChars_51" referenced by "/system/vendor/lib/libqc-opt.so"...
12-31 17:38:35.675   329   329 E CameraWrapper: failed to open vendor camera module
12-31 17:38:35.675   329   329 I CameraService: Loaded "Samsung MSM8226 Camera Wrapper" camera module
12-31 17:38:35.675   329   329 V CameraWrapper: camera_get_number_of_cameras
12-31 17:38:35.675   329   329 V CameraWrapper: check_vendor_module
12-31 17:38:35.701   345   345 E mm-camera: cpp_module_init:90: info: CPP module_init successful
12-31 17:38:35.701   345   345 E mm-camera: c2d_module_init:28 name=c2d
12-31 17:38:35.701   345   345 E mm-camera: c2d_port_create:17: Enter: name=c2d-src, dir=1
12-31 17:38:35.701   345   345 E mm-camera: c2d_port_create:17: Enter: name=c2d-src, dir=1
12-31 17:38:35.701   345   345 E mm-camera: c2d_port_create:17: Enter: name=c2d-sink, dir=2
12-31 17:38:35.701   345   345 E mm-camera: c2d_port_create:17: Enter: name=c2d-sink, dir=2
12-31 17:38:35.701   345   345 E mm-camera: c2d_module_init:61: info: C2D module_init successful
12-31 17:38:35.701   345   345 E mm-camera-img: img_core_get_comp:37] role 0 name qcom.wavelet
12-31 17:38:35.701   345   345 E mm-camera-img: img_core_get_comp:42] comp_index[0] role 0 name qcom.wavelet
12-31 17:38:35.701   345   345 E mm-camera-img: img_core_get_comp:47] find component role 0 name qcom.wavelet
12-31 17:38:35.706   345   345 E mm-camera-img: wd_comp_load:1516] WD library loaded successfully dsp 0
12-31 17:38:35.706   345   345 E mm-camera: gjia after wd_comp load rc= 0] 
12-31 17:38:35.706   345   345 E mm-camera-img: img_core_get_comp:37] role 2 name qcom.faceproc
12-31 17:38:35.706   345   345 E mm-camera-img: img_core_get_comp:42] comp_index[0] role 0 name qcom.wavelet
12-31 17:38:35.706   345   345 E mm-camera-img: img_core_get_comp:42] comp_index[1] role 1 name qcom.hdr
12-31 17:38:35.706   345   345 E mm-camera-img: img_core_get_comp:42] comp_index[2] role 2 name qcom.faceproc
12-31 17:38:35.706   345   345 E mm-camera-img: img_core_get_comp:47] find component role 2 name qcom.faceproc
12-31 17:38:35.732   345   345 E linker  : /system/vendor/lib/libmmcamera_faceproc.so: has text relocations, were returing true anyway as were NeoHomies
12-31 17:38:35.747   329   329 E HAL     : load: module=/system/lib/hw/camera.vendor.msm8226.so
12-31 17:38:35.747   329   329 E HAL     : dlopen failed: cannot locate symbol "utext_openUChars_51" referenced by "/system/vendor/lib/libqc-opt.so"...
12-31 17:38:35.747   329   329 E CameraWrapper: failed to open vendor camera module
12-31 17:38:35.747   329   329 V CameraWrapper: camera_get_number_of_cameras
12-31 17:38:35.747   329   329 V CameraWrapper: check_vendor_module
12-31 17:38:35.756   328   328 I         : sMaxFastTracks = 8
12-31 17:38:35.757   328   328 I audioserver: ServiceManager: 0xb6190720
12-31 17:38:35.757   328   328 W BatteryNotifier: batterystats service unavailable!
12-31 17:38:35.757   328   328 I AudioFlinger: Using default 3000 mSec as standby time.
12-31 17:38:35.759   328   328 I AudioPolicyService: AudioPolicyService CSTOR in new mode
12-31 17:38:35.761   328   328 W APM::Devices: DeviceVector::add device 80000040 already in
12-31 17:38:35.761   328   328 I APM::ConfigParsingUtils: loadAudioPolicyConfig() loaded /system/etc/audio_policy.conf
12-31 17:38:35.772   328   328 D audio_hw_primary: adev_open: enter
12-31 17:38:35.780   228   228 W auditd  : type=1325 audit(0.0:29): table=filter family=2 entries=4
12-31 17:38:35.780   510   510 W iptables: type=1300 audit(0.0:29): arch=40000028 syscall=294 per=800008 success=yes exit=0 a0=4 a1=0 a2=40 a3=b6c03a00 items=0 ppid=341 auid=4294967295 uid=0 gid=0 euid=0 suid=0 fsuid=0 egid=0 sgid=0 fsgid=0 tty=(none) ses=4294967295 exe="/system/bin/iptables" subj=u:r:netd:s0 key=(null)
12-31 17:38:35.780   228   228 W auditd  : type=1320 audit(0.0:29): 
12-31 17:38:35.803   328   328 D msm8974_platform: platform_init: snd_card_name: msm8226-tapan-snd-card
12-31 17:38:35.808   329   329 E HAL     : load: module=/system/lib/hw/camera.vendor.msm8226.so
12-31 17:38:35.808   329   329 E HAL     : dlopen failed: cannot locate symbol "utext_openUChars_51" referenced by "/system/vendor/lib/libqc-opt.so"...
12-31 17:38:35.808   329   329 E CameraWrapper: failed to open vendor camera module
12-31 17:38:35.817   329   329 I ServiceManager: Waiting for service media.camera.proxy...
12-31 17:38:35.820   228   228 W auditd  : type=1325 audit(0.0:30): table=filter family=10 entries=4
12-31 17:38:35.820   513   513 W ip6tables: type=1300 audit(0.0:30): arch=40000028 syscall=294 per=800008 success=yes exit=0 a0=4 a1=29 a2=40 a3=b6c25000 items=0 ppid=341 auid=4294967295 uid=0 gid=0 euid=0 suid=0 fsuid=0 egid=0 sgid=0 fsgid=0 tty=(none) ses=4294967295 exe="/system/bin/ip6tables" subj=u:r:netd:s0 key=(null)
12-31 17:38:35.820   228   228 W auditd  : type=1320 audit(0.0:30): 
12-31 17:38:35.824   506   506 I launch_daemonsu: (service) abort: daemonsu already running
12-31 17:38:35.830   339   339 V MediaUtils: physMem: 1426980864
12-31 17:38:35.830   339   339 V MediaUtils: requested limit: 285396160
12-31 17:38:35.830   339   339 V MediaUtils: actual limit: 285396160
12-31 17:38:35.830   339   339 V MediaUtils: original limits: 4294967295/4294967295
12-31 17:38:35.830   339   339 V MediaUtils: new limits: 285396160/4294967295
12-31 17:38:35.831   339   339 W /system/bin/mediaextractor: libminijail: not loading seccomp filter, seccomp not supported
12-31 17:38:35.860   228   228 W auditd  : type=1325 audit(0.0:31): table=filter family=2 entries=6
12-31 17:38:35.860   514   514 W iptables: type=1300 audit(0.0:31): arch=40000028 syscall=294 per=800008 success=yes exit=0 a0=4 a1=0 a2=40 a3=b6c83a00 items=0 ppid=341 auid=4294967295 uid=0 gid=0 euid=0 suid=0 fsuid=0 egid=0 sgid=0 fsgid=0 tty=(none) ses=4294967295 exe="/system/bin/iptables" subj=u:r:netd:s0 key=(null)
12-31 17:38:35.860   228   228 W auditd  : type=1320 audit(0.0:31): 
12-31 17:38:35.900   228   228 W auditd  : type=1325 audit(0.0:32): table=filter family=10 entries=6
12-31 17:38:35.904   338   338 I mediaserver: ServiceManager: 0xb5f10780
12-31 17:38:35.914   328   328 E audio_route: Control 'SLIM RX6 MUX' doesn't exist - skipping
12-31 17:38:35.914   328   328 E audio_route: Control 'SLIM RX7 MUX' doesn't exist - skipping
12-31 17:38:35.914   328   328 E audio_route: Control 'RX7 MIX1 INP2' doesn't exist - skipping
12-31 17:38:35.914   328   328 E audio_route: Control 'RX7 MIX1 INP1' doesn't exist - skipping
12-31 17:38:35.914   328   328 E audio_route: Control 'RX6 MIX1 INP2' doesn't exist - skipping
12-31 17:38:35.914   328   328 E audio_route: Control 'RX6 MIX1 INP1' doesn't exist - skipping
12-31 17:38:35.914   328   328 E audio_route: Control 'RX5 MIX1 INP2' doesn't exist - skipping
12-31 17:38:35.914   328   328 E audio_route: Control 'RX5 MIX1 INP1' doesn't exist - skipping
12-31 17:38:35.915   328   328 E audio_route: Control 'RX3 MIX1 INP2' doesn't exist - skipping
12-31 17:38:35.915   328   328 E audio_route: Control 'RX2 MIX1 INP2' doesn't exist - skipping
12-31 17:38:35.915   328   328 E audio_route: Control 'SPK_SRC Mux' doesn't exist - skipping
12-31 17:38:35.916   328   328 E audio_route: Control 'AIN Gain' doesn't exist - skipping
12-31 17:38:35.916   328   328 E audio_route: Control 'SLIM TX10 MUX' doesn't exist - skipping
12-31 17:38:35.916   328   328 E audio_route: Control 'SLIM TX9 MUX' doesn't exist - skipping
12-31 17:38:35.916   328   328 E audio_route: Control 'SLIM TX8 MUX' doesn't exist - skipping
12-31 17:38:35.916   328   328 E audio_route: Control 'SLIM TX7 MUX' doesn't exist - skipping
12-31 17:38:35.916   328   328 E audio_route: Control 'SLIM TX6 MUX' doesn't exist - skipping
12-31 17:38:35.916   328   328 E audio_route: Control 'DEC10 MUX' doesn't exist - skipping
12-31 17:38:35.916   328   328 E audio_route: Control 'DEC9 MUX' doesn't exist - skipping
12-31 17:38:35.916   328   328 E audio_route: Control 'DEC8 MUX' doesn't exist - skipping
12-31 17:38:35.916   328   328 E audio_route: Control 'DEC7 MUX' doesn't exist - skipping
12-31 17:38:35.916   328   328 E audio_route: Control 'DEC6 MUX' doesn't exist - skipping
12-31 17:38:35.916   328   328 E audio_route: Control 'DEC5 MUX' doesn't exist - skipping
12-31 17:38:35.917   328   328 E audio_route: unknown enum value string BTSCO_RATE_8KHZ for ctl Internal BTSCO SampleRate
12-31 17:38:35.920   328   328 E audio_route: Control 'INTERNAL_BT_SCO_RX Audio Mixer Multimedia6' doesn't exist - skipping
12-31 17:38:35.921   328   328 E audio_route: Control 'SLIMBUS_0_RX Port Mixer AUX_PCM_TX' doesn't exist - skipping
12-31 17:38:35.921   328   328 E audio_route: unknown enum value string BTSCO_RATE_16KHZ for ctl Internal BTSCO SampleRate
12-31 17:38:35.921   328   328 E audio_route: unknown enum value string BTSCO_RATE_16KHZ for ctl Internal BTSCO SampleRate
12-31 17:38:35.921   328   328 E audio_route: unknown enum value string BTSCO_RATE_16KHZ for ctl Internal BTSCO SampleRate
12-31 17:38:35.922   328   328 E audio_route: unknown enum value string BTSCO_RATE_16KHZ for ctl Internal BTSCO SampleRate
12-31 17:38:35.922   328   328 E audio_route: unknown enum value string BTSCO_RATE_16KHZ for ctl Internal BTSCO SampleRate
12-31 17:38:35.922   328   328 E audio_route: unknown enum value string BTSCO_RATE_16KHZ for ctl Internal BTSCO SampleRate
12-31 17:38:35.922   328   328 E audio_route: unknown enum value string BTSCO_RATE_16KHZ for ctl Internal BTSCO SampleRate
12-31 17:38:35.922   328   328 E audio_route: unknown enum value string BTSCO_RATE_16KHZ for ctl Internal BTSCO SampleRate
12-31 17:38:35.923   328   328 E audio_route: unknown enum value string BTSCO_RATE_16KHZ for ctl Internal BTSCO SampleRate
12-31 17:38:35.923   328   328 E audio_route: Control 'SLIMBUS_0_RX Port Mixer INTERNAL_BT_SCO_TX' doesn't exist - skipping
12-31 17:38:35.923   328   328 E audio_route: unknown enum value string BTSCO_RATE_16KHZ for ctl Internal BTSCO SampleRate
12-31 17:38:35.925   328   328 E audio_route: Control 'RX5 MIX1 INP1' doesn't exist - skipping
12-31 17:38:35.925   328   328 E audio_route: Control 'AIF1_CAP Mixer SLIM TX7' doesn't exist - skipping
12-31 17:38:35.925   328   328 E audio_route: Control 'SLIM TX7 MUX' doesn't exist - skipping
12-31 17:38:35.925   328   328 E audio_route: Control 'DEC8 MUX' doesn't exist - skipping
12-31 17:38:35.925   328   328 E audio_route: Control 'DEC7 MUX' doesn't exist - skipping
12-31 17:38:35.925   328   328 E audio_route: unknown enum value string DEC8 for ctl IIR1 INP1 MUX
12-31 17:38:35.925   328   328 E audio_route: Control 'IIR2 INP1 MUX' doesn't exist - skipping
12-31 17:38:35.926   328   328 E audio_route: Control 'RX2 MIX1 INP2' doesn't exist - skipping
12-31 17:38:35.926   328   328 E audio_route: Control 'RX7 MIX2 INP1' doesn't exist - skipping
12-31 17:38:35.926   328   328 E audio_route: Control 'RX7 MIX2 INP2' doesn't exist - skipping
12-31 17:38:35.926   328   328 E audio_route: Control 'SLIM RX1 MUX' already exists in path 'speaker-and-dock'
12-31 17:38:35.926   328   328 E audio_route: Control 'RX5 Digital Volume' doesn't exist - skipping
12-31 17:38:35.927   328   328 E audio_route: Control 'DEC8 Volume' doesn't exist - skipping
12-31 17:38:35.927   328   328 E audio_route: Control 'DEC7 Volume' doesn't exist - skipping
12-31 17:38:35.927   328   328 E audio_route: Control 'ADC6 Volume' doesn't exist - skipping
12-31 17:38:35.927   328   328 E audio_route: Control 'IIR2 INP1 Volume' doesn't exist - skipping
