12-31 17:38:40.016   680   680 E audio_route: Control 'AIF1_CAP Mixer SLIM TX1' already exists in path 'VoLTE-voice-NS-mic-speaker'
12-31 17:38:40.016   680   680 E audio_route: unknown enum value string POS_3_DB for ctl EAR PA Gain
12-31 17:38:40.017   680   680 E audio_route: unknown enum value string POS_3_DB for ctl EAR PA Gain
12-31 17:38:40.017   680   680 E audio_route: Control 'DEC6 Volume' doesn't exist - skipping
12-31 17:38:40.017   680   680 E audio_route: Control 'DEC6 Volume' doesn't exist - skipping
12-31 17:38:40.017   680   680 E audio_route: Control 'DEC5 Volume' doesn't exist - skipping
12-31 17:38:40.017   680   680 E audio_route: Control 'AIF1_CAP Mixer SLIM TX1' already exists in path 'VoLTE-video-NS-mic-handset'
12-31 17:38:40.017   680   680 E audio_route: Control 'DEC6 Volume' doesn't exist - skipping
12-31 17:38:40.018   680   680 E audio_route: Control 'TX5 HPF cut off' doesn't exist - skipping
12-31 17:38:40.018   680   680 E audio_route: Control 'AIF1_CAP Mixer SLIM TX1' already exists in path 'VoLTE-video-NS-mic-speaker'
12-31 17:38:40.018   680   680 E audio_route: unknown enum value string POS_3_DB for ctl EAR PA Gain
12-31 17:38:40.019   680   680 E audio_route: unknown enum value string POS_3_DB for ctl EAR PA Gain
12-31 17:38:40.020   680   680 E audio_route: Control 'TX5 HPF cut off' doesn't exist - skipping
12-31 17:38:40.020   680   680 E audio_route: Control 'DEC6 Volume' doesn't exist - skipping
12-31 17:38:40.020   680   680 E audio_route: Control 'DEC5 Volume' doesn't exist - skipping
12-31 17:38:40.021   680   680 E audio_route: Control 'TX5 HPF cut off' doesn't exist - skipping
12-31 17:38:40.021   680   680 E audio_route: Control 'DEC6 Volume' doesn't exist - skipping
12-31 17:38:40.021   680   680 E audio_route: Control 'TX5 HPF cut off' doesn't exist - skipping
12-31 17:38:40.021   680   680 E audio_route: Control 'DEC6 Volume' doesn't exist - skipping
12-31 17:38:40.021   680   680 E audio_route: Control 'DEC5 Volume' doesn't exist - skipping
12-31 17:38:40.021   680   680 E audio_route: Control 'DEC6 Volume' doesn't exist - skipping
12-31 17:38:40.022   680   680 E audio_route: unknown enum value string POS_3_DB for ctl EAR PA Gain
12-31 17:38:40.022   680   680 E audio_route: Control 'DEC6 Volume' doesn't exist - skipping
12-31 17:38:40.023   680   680 E audio_route: Control 'DEC6 Volume' doesn't exist - skipping
12-31 17:38:40.024   680   680 D msm8974_platform: platform_init: Opened sound card:0
12-31 17:38:40.026   680   680 D ACDB-LOADER: ACDB -> ACDB_CMD_INITIALIZE_V2
12-31 17:38:40.032   680   680 D ACDB-LOADER: ACDB -> ACPH INIT
12-31 17:38:40.032   680   680 D         : [ACPH]->Online service registered with ACPH
12-31 17:38:40.034   680   680 D         : [ACPH]->ACPH init success
12-31 17:38:40.034   680   680 D ACDB-LOADER: ACDB -> RTAC INIT
12-31 17:38:40.034   680   680 D         : [ACPH]->DSP RTC service registered with ACPH
12-31 17:38:40.034   680   680 D ACDB-LOADER: ACDB -> ADIE RTAC INIT
12-31 17:38:40.034   680   680 D         : [ACPH]->ADIE RTC service registered with ACPH
12-31 17:38:40.034   680   680 D ACDB-LOADER: No existing ION info in ACDB driver
12-31 17:38:40.034   680   680 D ACDB-LOADER: ACDB -> ION_IOC_ALLOC
12-31 17:38:40.034   680   680 D ACDB-LOADER: ACDB -> ION_IOC_SHARE
12-31 17:38:40.034   680   680 D ACDB-LOADER: ACDB -> MMAP ADDR
12-31 17:38:40.034   680   680 D ACDB-LOADER: ACDB -> register MEM to ACDB driver: 0xb5b91000
12-31 17:38:40.034   680   680 D ACDB-LOADER: ACDB -> send_asm_topology
12-31 17:38:40.034   680   680 D ACDB-LOADER: ACDB -> ACDB_CMD_GET_AUDPROC_STREAM_TOPOLOGY_ID
12-31 17:38:40.034   680   680 D ACDB-LOADER: ACDB -> send_adm_custom_topology
12-31 17:38:40.034   680   680 D ACDB-LOADER: ACDB -> ACDB_CMD_GET_AUDIO_COPP_TOPOLOGIES
12-31 17:38:40.034   682   682 I mediaserver: ServiceManager: 0xb5d10780
12-31 17:38:40.034   680   680 D ACDB-LOADER: ACDB -> AUDIO_SET_ADM_CUSTOM_TOPOLOGY
12-31 17:38:40.034   680   680 D ACDB-LOADER: ACDB -> send_asm_custom_topology
12-31 17:38:40.034   680   680 D ACDB-LOADER: ACDB -> ACDB_CMD_GET_AUDIO_POPP_TOPOLOGIES
12-31 17:38:40.035   680   680 D         : ACDBFILE_MGR: Property for the pid 00012E48 not found
12-31 17:38:40.035   680   680 D         : ACDB_COMMAND: Failed to fetch the property info for pid 00012E48 
12-31 17:38:40.035   680   680 E ACDB-LOADER: Error: ACDB get asm topologies returned = -18
12-31 17:38:40.035   680   680 D ACDB-LOADER: ACDB -> AUDIO_SET_ASM_CUSTOM_TOPOLOGY
12-31 17:38:40.035   680   680 D ACDB-LOADER: send mbhc data
12-31 17:38:40.035   682   682 W BatteryNotifier: batterystats service unavailable!
12-31 17:38:40.042   680   680 D ACDB-LOADER: ACDB -> ACDB_CMD_GET_ANC_SETTING
12-31 17:38:40.043   680   680 D ACDB-LOADER: ACDB -> ACDB_CMD_GET_ANC_SETTING
12-31 17:38:40.043   680   680 D ACDB-LOADER: ACDB -> ACDB_CMD_GET_ANC_SETTING
12-31 17:38:40.043   680   680 D ACDB-LOADER: ACDB -> ACDB_CMD_GET_ANC_SETTING
12-31 17:38:40.043   680   680 D ACDB-LOADER: ACDB -> ACDB_CMD_GET_ANC_SETTING
12-31 17:38:40.043   680   680 D ACDB-LOADER: ACDB -> ACDB_CMD_GET_ANC_SETTING
12-31 17:38:40.043   680   680 D ACDB-LOADER: ACDB -> ACDB_CMD_GET_ANC_SETTING
12-31 17:38:40.043   680   680 D ACDB-LOADER: ACDB -> init done!
12-31 17:38:40.044   680   680 E msm8974_platform: find_index: Could not find index for name = SND_DEVICE_IN_VOICE_REC_HEADSET_MIC
12-31 17:38:40.044   680   680 E platform_info: process_device_name: Device SND_DEVICE_IN_VOICE_REC_HEADSET_MIC in /system/etc/audio_platform_info.xml not found, no alias set!
12-31 17:38:40.046   680   680 E audio_hw_primary: Amplifier initialization failed
12-31 17:38:40.046   680   680 D audio_hw_primary: select_devices: out_snd_device(2: speaker) in_snd_device(0: )
12-31 17:38:40.046   680   680 W msm8974_platform: Codec backend bitwidth 16, samplerate 48000
12-31 17:38:40.046   680   680 D hardware_info: hw_info_append_hw_type : device_name = speaker
12-31 17:38:40.046   680   680 I msm8974_platform: platform_send_audio_calibration: sending audio calibration for snd_device(2) acdb_id(15)
12-31 17:38:40.046   680   680 D ACDB-LOADER: ACDB -> send_audio_cal, acdb_id = 15, path =  0
12-31 17:38:40.046   680   680 D ACDB-LOADER: ACDB -> send_adm_topology
12-31 17:38:40.046   680   680 D ACDB-LOADER: ACDB -> ACDB_CMD_GET_AUDPROC_COMMON_TOPOLOGY_ID
12-31 17:38:40.046   680   680 D ACDB-LOADER: ACDB -> send_audtable
12-31 17:38:40.046   680   680 D ACDB-LOADER: ACDB -> ACDB_CMD_GET_AUDPROC_COMMON_TABLE
12-31 17:38:40.046   680   680 D ACDB-LOADER: ACDB -> AUDIO_SET_AUDPROC_CAL
12-31 17:38:40.046   680   680 D ACDB-LOADER: ACDB -> send_audvoltable
12-31 17:38:40.046   680   680 D ACDB-LOADER: ACDB -> ACDB_CMD_GET_AUDPROC_GAIN_DEP_STEP_TABLE
12-31 17:38:40.047   680   680 D ACDB-LOADER: ACDB -> AUDIO_SET_AUDPROC_VOL_CAL
12-31 17:38:40.047   680   680 D ACDB-LOADER: ACDB -> send_afe_cal
12-31 17:38:40.047   680   680 D ACDB-LOADER: ACDB -> ACDB_CMD_GET_AFE_COMMON_TABLE
12-31 17:38:40.047   680   680 D ACDB-LOADER: ACDB -> AUDIO_SET_AFE_CAL
12-31 17:38:40.050   680   680 D audio_hw_primary: select_devices: done
12-31 17:38:40.053   680   680 D hardware_info: hw_info_append_hw_type : device_name = speaker
12-31 17:38:40.061   680   680 D audio_hw_primary: select_devices: out_snd_device(2: speaker) in_snd_device(0: )
12-31 17:38:40.061   680   680 W msm8974_platform: Codec backend bitwidth 16, samplerate 48000
12-31 17:38:40.061   680   680 D hardware_info: hw_info_append_hw_type : device_name = speaker
12-31 17:38:40.061   680   680 I msm8974_platform: platform_send_audio_calibration: sending audio calibration for snd_device(2) acdb_id(15)
12-31 17:38:40.061   680   680 D ACDB-LOADER: ACDB -> send_audio_cal, acdb_id = 15, path =  0
12-31 17:38:40.061   680   680 D ACDB-LOADER: ACDB -> send_adm_topology
12-31 17:38:40.061   680   680 D ACDB-LOADER: ACDB -> ACDB_CMD_GET_AUDPROC_COMMON_TOPOLOGY_ID
12-31 17:38:40.062   680   680 D ACDB-LOADER: ACDB -> send_audtable
12-31 17:38:40.062   680   680 D ACDB-LOADER: ACDB -> ACDB_CMD_GET_AUDPROC_COMMON_TABLE
12-31 17:38:40.062   680   680 D ACDB-LOADER: ACDB -> AUDIO_SET_AUDPROC_CAL
12-31 17:38:40.062   680   680 D ACDB-LOADER: ACDB -> send_audvoltable
12-31 17:38:40.062   680   680 D ACDB-LOADER: ACDB -> ACDB_CMD_GET_AUDPROC_GAIN_DEP_STEP_TABLE
12-31 17:38:40.062   680   680 D ACDB-LOADER: ACDB -> AUDIO_SET_AUDPROC_VOL_CAL
12-31 17:38:40.062   680   680 D ACDB-LOADER: ACDB -> send_afe_cal
12-31 17:38:40.062   680   680 D ACDB-LOADER: ACDB -> ACDB_CMD_GET_AFE_COMMON_TABLE
12-31 17:38:40.062   680   680 D ACDB-LOADER: ACDB -> AUDIO_SET_AFE_CAL
12-31 17:38:40.069   680   680 D audio_hw_primary: select_devices: done
12-31 17:38:40.075   680   680 D hardware_info: hw_info_append_hw_type : device_name = speaker
12-31 17:38:40.078   680   680 D audio_hw_primary: select_devices: out_snd_device(0: ) in_snd_device(35: rec-main-mic)
12-31 17:38:40.078   680   680 D hardware_info: hw_info_append_hw_type : device_name = rec-main-mic
12-31 17:38:40.078   680   680 I msm8974_platform: platform_send_audio_calibration: sending audio calibration for snd_device(35) acdb_id(4)
12-31 17:38:40.078   680   680 D ACDB-LOADER: ACDB -> send_audio_cal, acdb_id = 4, path =  1
12-31 17:38:40.078   680   680 D ACDB-LOADER: ACDB -> send_adm_topology
12-31 17:38:40.078   680   680 D ACDB-LOADER: ACDB -> ACDB_CMD_GET_AUDPROC_COMMON_TOPOLOGY_ID
12-31 17:38:40.078   680   680 D ACDB-LOADER: ACDB -> send_audtable
12-31 17:38:40.078   680   680 D ACDB-LOADER: ACDB -> ACDB_CMD_GET_AUDPROC_COMMON_TABLE
12-31 17:38:40.078   680   680 D ACDB-LOADER: ACDB -> AUDIO_SET_AUDPROC_CAL
12-31 17:38:40.078   680   680 D ACDB-LOADER: ACDB -> send_audvoltable
12-31 17:38:40.078   680   680 D ACDB-LOADER: ACDB -> ACDB_CMD_GET_AUDPROC_GAIN_DEP_STEP_TABLE
12-31 17:38:40.078   680   680 D         : Failed to fetch the lookup information of the device 00000004 
12-31 17:38:40.078   680   680 E ACDB-LOADER: Error: ACDB AudProc vol returned = -19
12-31 17:38:40.078   680   680 D ACDB-LOADER: ACDB -> AUDIO_SET_AUDPROC_VOL_CAL
12-31 17:38:40.078   680   680 D ACDB-LOADER: ACDB -> AUDIO_SET_AFE_CAL
12-31 17:38:40.083   680   680 D audio_hw_primary: select_devices: done
12-31 17:38:40.086   680   680 D hardware_info: hw_info_append_hw_type : device_name = rec-main-mic
12-31 17:38:40.089   680   680 D audio_hw_primary: select_devices: out_snd_device(0: ) in_snd_device(35: rec-main-mic)
12-31 17:38:40.089   680   680 D hardware_info: hw_info_append_hw_type : device_name = rec-main-mic
12-31 17:38:40.089   680   680 I msm8974_platform: platform_send_audio_calibration: sending audio calibration for snd_device(35) acdb_id(4)
12-31 17:38:40.089   680   680 D ACDB-LOADER: ACDB -> send_audio_cal, acdb_id = 4, path =  1
12-31 17:38:40.089   680   680 D ACDB-LOADER: ACDB -> send_adm_topology
12-31 17:38:40.089   680   680 D ACDB-LOADER: ACDB -> ACDB_CMD_GET_AUDPROC_COMMON_TOPOLOGY_ID
12-31 17:38:40.089   680   680 D ACDB-LOADER: ACDB -> send_audtable
12-31 17:38:40.089   680   680 D ACDB-LOADER: ACDB -> ACDB_CMD_GET_AUDPROC_COMMON_TABLE
12-31 17:38:40.089   680   680 D ACDB-LOADER: ACDB -> AUDIO_SET_AUDPROC_CAL
12-31 17:38:40.089   680   680 D ACDB-LOADER: ACDB -> send_audvoltable
12-31 17:38:40.089   680   680 D ACDB-LOADER: ACDB -> ACDB_CMD_GET_AUDPROC_GAIN_DEP_STEP_TABLE
12-31 17:38:40.089   680   680 D         : Failed to fetch the lookup information of the device 00000004 
12-31 17:38:40.089   680   680 E ACDB-LOADER: Error: ACDB AudProc vol returned = -19
12-31 17:38:40.089   680   680 D ACDB-LOADER: ACDB -> AUDIO_SET_AUDPROC_VOL_CAL
12-31 17:38:40.090   680   680 D ACDB-LOADER: ACDB -> AUDIO_SET_AFE_CAL
12-31 17:38:40.094   680   680 D audio_hw_primary: select_devices: done
12-31 17:38:40.096   680   680 D hardware_info: hw_info_append_hw_type : device_name = rec-main-mic
12-31 17:38:40.099   680   680 I AudioFlinger: loadHwModule() Loaded primary audio interface from QCOM Audio HAL (audio) handle 10
12-31 17:38:40.099   680   680 I AudioFlinger: openOutput(), module 10 Device 2, SamplingRate 48000, Format 0x000001, Channels 3, flags 2
12-31 17:38:40.099   680   680 D audio_hw_primary: adev_open_output_stream: enter: sample_rate(48000) channel_mask(0x3) devices(0x2) flags(0x2)        stream_handle(0xb61cac40)
12-31 17:38:40.099   680   680 D audio_hw_primary: adev_open_output_stream: Stream (0xb61cac40) picks up usecase (deep-buffer-playback)
12-31 17:38:40.099   680   680 I AudioFlinger: HAL output buffer size 1920 frames, normal sink buffer size 1920 frames
12-31 17:38:40.103   680   680 W EffectsFactory: loadLibrary() failed to open /system/vendor/lib/soundfx/libswdap.so
12-31 17:38:40.104   680   680 W EffectsFactory: loadLibrary() failed to open /system/vendor/lib/soundfx/libhwdap.so
12-31 17:38:40.104   680   680 W EffectsFactory: loadEffect() could not get library proxy
12-31 17:38:40.104   680   680 I BufferProvider: found effect "Multichannel Downmix To Stereo" from The Android Open Source Project
12-31 17:38:40.105   680   680 I AudioFlinger: Using module 10 has the primary audio interface
12-31 17:38:40.105   680   729 I AudioFlinger: AudioFlinger's thread 0xb5883fc0 ready to run
12-31 17:38:40.105   680   729 W BatteryNotifier: batterystats service unavailable!
12-31 17:38:40.106   680   729 D audio_hw_primary: out_standby: enter: stream (0xb61cac40) usecase(0: deep-buffer-playback)
12-31 17:38:40.106   680   729 W BatteryNotifier: batterystats service unavailable!
12-31 17:38:40.106   680   729 W BatteryNotifier: batterystats service unavailable!
12-31 17:38:40.106   680   729 D audio_hw_primary: out_set_parameters: enter: usecase(0: deep-buffer-playback) kvpairs: routing=2
12-31 17:38:40.106   680   729 W AudioFlinger: no wake lock to update, system not ready yet
12-31 17:38:40.106   680   729 E cutils-trace: Error opening trace file: No such file or directory (2)
12-31 17:38:40.108   680   680 I AudioFlinger: openOutput(), module 10 Device 2, SamplingRate 48000, Format 0x000001, Channels 3, flags 4
12-31 17:38:40.108   680   680 D audio_hw_primary: adev_open_output_stream: enter: sample_rate(48000) channel_mask(0x3) devices(0x2) flags(0x4)        stream_handle(0xb61cad80)
12-31 17:38:40.108   680   680 D audio_hw_primary: adev_open_output_stream: Stream (0xb61cad80) picks up usecase (low-latency-playback)
12-31 17:38:40.108   680   680 I AudioFlinger: HAL output buffer size 240 frames, normal sink buffer size 960 frames
12-31 17:38:40.110   680   731 I AudioFlinger: AudioFlinger's thread 0xb57035c0 ready to run
12-31 17:38:40.110   680   731 W BatteryNotifier: batterystats service unavailable!
12-31 17:38:40.110   680   731 D audio_hw_primary: out_set_parameters: enter: usecase(1: low-latency-playback) kvpairs: routing=2
12-31 17:38:40.110   680   731 D audio_hw_primary: out_standby: enter: stream (0xb61cad80) usecase(1: low-latency-playback)
12-31 17:38:40.110   680   731 W BatteryNotifier: batterystats service unavailable!
12-31 17:38:40.111   680   680 I AudioFlinger: openOutput(), module 10 Device 10000, SamplingRate 48000, Format 0x000001, Channels 3, flags 0
12-31 17:38:40.111   680   680 D audio_hw_primary: adev_open_output_stream: enter: sample_rate(48000) channel_mask(0x3) devices(0x10000) flags(0)        stream_handle(0xb61caec0)
12-31 17:38:40.111   680   680 D audio_hw_primary: adev_open_output_stream: Stream (0xb61caec0) picks up usecase (afe-proxy-playback)
12-31 17:38:40.111   680   680 I AudioFlinger: HAL output buffer size 768 frames, normal sink buffer size 1152 frames
12-31 17:38:40.112   680   731 W BatteryNotifier: batterystats service unavailable!
12-31 17:38:40.112   680   731 W AudioFlinger: no wake lock to update, system not ready yet
12-31 17:38:40.116   680   733 I AudioFlinger: AudioFlinger's thread 0xb5403880 ready to run
12-31 17:38:40.117   680   733 W BatteryNotifier: batterystats service unavailable!
12-31 17:38:40.117   680   733 D audio_hw_primary: out_set_parameters: enter: usecase(29: afe-proxy-playback) kvpairs: routing=65536
12-31 17:38:40.117   680   733 D audio_hw_primary: out_standby: enter: stream (0xb61caec0) usecase(29: afe-proxy-playback)
12-31 17:38:40.117   680   733 W BatteryNotifier: batterystats service unavailable!
12-31 17:38:40.118   680   680 D audio_hw_primary: adev_open_input_stream: enter: sample_rate(48000) channel_mask(0xc) devices(0x80000004)        stream_handle(0xb61b4e40) io_handle(14) source(1)
12-31 17:38:40.119   680   733 W BatteryNotifier: batterystats service unavailable!
12-31 17:38:40.119   680   735 I AudioFlinger: AudioFlinger's thread 0xb5103880 ready to run
12-31 17:38:40.119   680   733 W AudioFlinger: no wake lock to update, system not ready yet
12-31 17:38:40.119   680   680 D audio_hw_primary: adev_close_input_stream: enter:stream_handle(0xb61b4e40)
12-31 17:38:40.119   680   680 D audio_hw_primary: in_standby: enter: stream (0xb61b4e40) usecase(9: audio-record)
12-31 17:38:40.119   680   680 D audio_hw_primary: adev_open_input_stream: enter: sample_rate(48000) channel_mask(0xc) devices(0x80000040)        stream_handle(0xb61b4e40) io_handle(22) source(1)
12-31 17:38:40.119   680   680 D audio_hw_primary: adev_open_input_stream: enter: sample_rate(48000) channel_mask(0xc) devices(0x80000040)        stream_handle(0xb61b4e40) io_handle(22) source(1)
12-31 17:38:40.119   680   680 W APM_AudioPolicyManager: Cannot open input stream for device 80000040 on hw module primary
12-31 17:38:40.120   680   680 I bt_a2dp_hw: adev_open:  adev_open in A2dp_hw module
12-31 17:38:40.120   680   680 I AudioFlinger: loadHwModule() Loaded a2dp audio interface from A2DP Audio HW HAL (audio) handle 18
12-31 17:38:40.122   680   680 I AudioFlinger: loadHwModule() Loaded usb audio interface from USB audio HW HAL (audio) handle 26
12-31 17:38:40.123   680   680 I r_submix: adev_open(name=audio_hw_if)
12-31 17:38:40.123   680   680 I r_submix: adev_init_check()
12-31 17:38:40.123   680   680 I AudioFlinger: loadHwModule() Loaded r_submix audio interface from Wifi Display audio HAL (audio) handle 34
12-31 17:38:40.123   680   680 D r_submix: adev_open_input_stream(addr=0)
12-31 17:38:40.124   680   680 D r_submix: submix_audio_device_create_pipe_l(addr=0, idx=9)
12-31 17:38:40.124   680   680 D r_submix:   now using address 0 for route 9
12-31 17:38:40.124   680   736 I AudioFlinger: AudioFlinger's thread 0xb4f832c0 ready to run
12-31 17:38:40.124   680   680 D r_submix: adev_close_input_stream()
12-31 17:38:40.124   680   680 D r_submix: submix_audio_device_release_pipe_l(idx=9) addr=0
12-31 17:38:40.125   680   680 D r_submix: submix_audio_device_destroy_pipe_l(): pipe destroyed
12-31 17:38:40.126   680   680 I RadioService: RadioService
12-31 17:38:40.126   680   680 I RadioService: onFirstRef
12-31 17:38:40.126   680   680 E RadioService: couldn't load radio module radio.primary (No such file or directory)
12-31 17:38:40.127   680   680 E SoundTriggerHwService: couldn't load sound trigger module sound_trigger.primary (No such file or directory)
12-31 17:38:40.272   346   346 E QMI_FW  : QMUXD: WARNING qmi_qmux_if_pwr_up_init failed! rc=-1
12-31 17:38:40.272   346   346 E QMI_FW  : QMUXD: WARNING qmi_qmux_if_pwr_up_init failed! rc=-1
12-31 17:38:40.273   346   346 E QMI_FW  : QMUXD: WARNING qmi_qmux_if_pwr_up_init failed! rc=-1
12-31 17:38:40.273   346   346 E QC-time-services: Daemon:genoff_modem_qmi_init: qmi_client_get_service_list returned -2num_services 0
12-31 17:38:40.630   679   679 D AndroidRuntime: >>>>>> START com.android.internal.os.ZygoteInit uid 0 <<<<<<
12-31 17:38:40.637   679   679 D AndroidRuntime: CheckJNI is ON
12-31 17:38:40.638   679   679 E cutils-trace: Error opening trace file: No such file or directory (2)
12-31 17:38:40.638   679   679 I art     : option[0]=-Xzygote
12-31 17:38:40.638   679   679 I art     : option[1]=-Xcheck:jni
12-31 17:38:40.638   679   679 I art     : option[2]=-Xstacktracefile:/data/anr/traces.txt
12-31 17:38:40.638   679   679 I art     : option[3]=exit
12-31 17:38:40.638   679   679 I art     : option[4]=vfprintf
12-31 17:38:40.638   679   679 I art     : option[5]=sensitiveThread
12-31 17:38:40.638   679   679 I art     : option[6]=-verbose:gc
12-31 17:38:40.638   679   679 I art     : option[7]=-Xms8m
12-31 17:38:40.638   679   679 I art     : option[8]=-Xmx512m
12-31 17:38:40.638   679   679 I art     : option[9]=-XX:HeapGrowthLimit=128m
12-31 17:38:40.638   679   679 I art     : option[10]=-XX:HeapMinFree=2m
12-31 17:38:40.639   679   679 I art     : option[11]=-XX:HeapMaxFree=8m
12-31 17:38:40.639   679   679 I art     : option[12]=-XX:HeapTargetUtilization=0.75
12-31 17:38:40.639   679   679 I art     : option[13]=-Xusejit:true
12-31 17:38:40.639   679   679 I art     : option[14]=-Xjitsaveprofilinginfo
12-31 17:38:40.639   679   679 I art     : option[15]=-agentlib:jdwp=transport=dt_android_adb,suspend=n,server=y
12-31 17:38:40.639   679   679 I art     : option[16]=-Xlockprofthreshold:500
12-31 17:38:40.639   679   679 I art     : option[17]=-Ximage-compiler-option
12-31 17:38:40.639   679   679 I art     : option[18]=--runtime-arg
12-31 17:38:40.639   679   679 I art     : option[19]=-Ximage-compiler-option
12-31 17:38:40.639   679   679 I art     : option[20]=-Xms64m
12-31 17:38:40.639   679   679 I art     : option[21]=-Ximage-compiler-option
12-31 17:38:40.639   679   679 I art     : option[22]=--runtime-arg
12-31 17:38:40.639   679   679 I art     : option[23]=-Ximage-compiler-option
12-31 17:38:40.639   679   679 I art     : option[24]=-Xmx64m
12-31 17:38:40.639   679   679 I art     : option[25]=-Ximage-compiler-option
12-31 17:38:40.639   679   679 I art     : option[26]=--compiler-filter=verify-at-runtime
12-31 17:38:40.639   679   679 I art     : option[27]=-Ximage-compiler-option
12-31 17:38:40.639   679   679 I art     : option[28]=--image-classes=/system/etc/preloaded-classes
12-31 17:38:40.639   679   679 I art     : option[29]=-Ximage-compiler-option
12-31 17:38:40.639   679   679 I art     : option[30]=--compiled-classes=/system/etc/compiled-classes
12-31 17:38:40.639   679   679 I art     : option[31]=-Xcompiler-option
12-31 17:38:40.639   679   679 I art     : option[32]=--runtime-arg
12-31 17:38:40.639   679   679 I art     : option[33]=-Xcompiler-option
12-31 17:38:40.639   679   679 I art     : option[34]=-Xms64m
12-31 17:38:40.639   679   679 I art     : option[35]=-Xcompiler-option
12-31 17:38:40.639   679   679 I art     : option[36]=--runtime-arg
12-31 17:38:40.639   679   679 I art     : option[37]=-Xcompiler-option
12-31 17:38:40.639   679   679 I art     : option[38]=-Xmx512m
12-31 17:38:40.639   679   679 I art     : option[39]=-Ximage-compiler-option
12-31 17:38:40.639   679   679 I art     : option[40]=--instruction-set-variant=krait
12-31 17:38:40.639   679   679 I art     : option[41]=-Xcompiler-option
12-31 17:38:40.639   679   679 I art     : option[42]=--instruction-set-variant=krait
12-31 17:38:40.639   679   679 I art     : option[43]=-Ximage-compiler-option
12-31 17:38:40.639   679   679 I art     : option[44]=--instruction-set-features=default
12-31 17:38:40.640   679   679 I art     : option[45]=-Xcompiler-option
12-31 17:38:40.640   679   679 I art     : option[46]=--instruction-set-features=default
12-31 17:38:40.640   679   679 I art     : option[47]=-Duser.locale=en-US
12-31 17:38:40.640   679   679 I art     : option[48]=--cpu-abilist=armeabi-v7a,armeabi
12-31 17:38:40.640   679   679 I art     : option[49]=-Xfingerprint:samsung/lineage_s3ve3g/s3ve3g:7.1.2/NJH47F/00b2ebc5b2:eng/test-keys
12-31 17:38:40.710   679   679 D ICU     : No timezone override file found: /data/misc/zoneinfo/current/icu/icu_tzdata.dat
12-31 17:38:40.700   228   228 W auditd  : type=1325 audit(0.0:125): table=filter family=2 entries=33
12-31 17:38:40.700   770   770 W iptables: type=1300 audit(0.0:125): arch=40000028 syscall=294 per=800008 success=yes exit=0 a0=4 a1=0 a2=40 a3=b6ba3000 items=0 ppid=683 auid=4294967295 uid=0 gid=0 euid=0 suid=0 fsuid=0 egid=0 sgid=0 fsgid=0 tty=(none) ses=4294967295 exe="/system/bin/iptables" subj=u:r:netd:s0 key=(null)
12-31 17:38:40.700   228   228 W auditd  : type=1320 audit(0.0:125): 
12-31 17:38:40.720   228   228 W auditd  : type=1325 audit(0.0:126): table=filter family=10 entries=33
12-31 17:38:40.720   771   771 W ip6tables: type=1300 audit(0.0:126): arch=40000028 syscall=294 per=800008 success=yes exit=0 a0=4 a1=29 a2=40 a3=b6c17c00 items=0 ppid=683 auid=4294967295 uid=0 gid=0 euid=0 suid=0 fsuid=0 egid=0 sgid=0 fsgid=0 tty=(none) ses=4294967295 exe="/system/bin/ip6tables" subj=u:r:netd:s0 key=(null)
12-31 17:38:40.720   228   228 W auditd  : type=1320 audit(0.0:126): 
12-31 17:38:40.749   681   681 I ServiceManager: Waiting for service media.camera.proxy...
12-31 17:38:40.740   228   228 W auditd  : type=1325 audit(0.0:127): table=filter family=2 entries=31
12-31 17:38:40.740   772   772 W iptables: type=1300 audit(0.0:127): arch=40000028 syscall=294 per=800008 success=yes exit=0 a0=4 a1=0 a2=40 a3=b6c25000 items=0 ppid=683 auid=4294967295 uid=0 gid=0 euid=0 suid=0 fsuid=0 egid=0 sgid=0 fsgid=0 tty=(none) ses=4294967295 exe="/system/bin/iptables" subj=u:r:netd:s0 key=(null)
12-31 17:38:40.740   228   228 W auditd  : type=1320 audit(0.0:127): 
12-31 17:38:40.760   228   228 W auditd  : type=1325 audit(0.0:128): table=filter family=10 entries=31
12-31 17:38:40.760   773   773 W ip6tables: type=1300 audit(0.0:128): arch=40000028 syscall=294 per=800008 success=yes exit=0 a0=4 a1=29 a2=40 a3=b6c25000 items=0 ppid=683 auid=4294967295 uid=0 gid=0 euid=0 suid=0 fsuid=0 egid=0 sgid=0 fsgid=0 tty=(none) ses=4294967295 exe="/system/bin/ip6tables" subj=u:r:netd:s0 key=(null)
12-31 17:38:40.760   228   228 W auditd  : type=1320 audit(0.0:128): 
12-31 17:38:40.780   228   228 W auditd  : type=1325 audit(0.0:129): table=filter family=2 entries=33
12-31 17:38:40.780   774   774 W iptables: type=1300 audit(0.0:129): arch=40000028 syscall=294 per=800008 success=yes exit=0 a0=4 a1=0 a2=40 a3=b6c17800 items=0 ppid=683 auid=4294967295 uid=0 gid=0 euid=0 suid=0 fsuid=0 egid=0 sgid=0 fsgid=0 tty=(none) ses=4294967295 exe="/system/bin/iptables" subj=u:r:netd:s0 key=(null)
12-31 17:38:40.780   228   228 W auditd  : type=1320 audit(0.0:129): 
12-31 17:38:40.797   679   679 W art     : Before Android 4.1, method double java.util.concurrent.ThreadLocalRandom.internalNextDouble(double, double) would have incorrectly overridden the package-private method in java.util.Random
12-31 17:38:40.797   679   679 W art     : Before Android 4.1, method int java.util.concurrent.ThreadLocalRandom.internalNextInt(int, int) would have incorrectly overridden the package-private method in java.util.Random
12-31 17:38:40.797   679   679 W art     : Before Android 4.1, method long java.util.concurrent.ThreadLocalRandom.internalNextLong(long, long) would have incorrectly overridden the package-private method in java.util.Random
12-31 17:38:40.800   228   228 W auditd  : type=1325 audit(0.0:130): table=filter family=10 entries=33
12-31 17:38:40.800   775   775 W ip6tables: type=1300 audit(0.0:130): arch=40000028 syscall=294 per=800008 success=yes exit=0 a0=4 a1=29 a2=40 a3=b6ba5000 items=0 ppid=683 auid=4294967295 uid=0 gid=0 euid=0 suid=0 fsuid=0 egid=0 sgid=0 fsgid=0 tty=(none) ses=4294967295 exe="/system/bin/ip6tables" subj=u:r:netd:s0 key=(null)
12-31 17:38:40.800   228   228 W auditd  : type=1320 audit(0.0:130): 
12-31 17:38:40.820   228   228 W auditd  : type=1325 audit(0.0:131): table=filter family=2 entries=34
12-31 17:38:40.820   776   776 W iptables: type=1300 audit(0.0:131): arch=40000028 syscall=294 per=800008 success=yes exit=0 a0=4 a1=0 a2=40 a3=b6c17800 items=0 ppid=683 auid=4294967295 uid=0 gid=0 euid=0 suid=0 fsuid=0 egid=0 sgid=0 fsgid=0 tty=(none) ses=4294967295 exe="/system/bin/iptables" subj=u:r:netd:s0 key=(null)
12-31 17:38:41.170   679   679 I Radio-JNI: register_android_hardware_Radio DONE
12-31 17:38:41.281   679   679 I SamplingProfilerIntegration: Profiling disabled.
12-31 17:38:41.283   679   679 D Zygote  : begin preload
12-31 17:38:41.283   679   679 I Zygote  : Installing ICU cache reference pinning...
12-31 17:38:41.284   679   679 I Zygote  : Preloading ICU data...
12-31 17:38:41.719   228   228 W auditd  : type=1325 audit(0.0:176): table=filter family=10 entries=33
12-31 17:38:41.719   825   825 W ip6tables: type=1300 audit(0.0:176): arch=40000028 syscall=294 per=800008 success=yes exit=0 a0=4 a1=29 a2=40 a3=b6c17c00 items=0 ppid=683 auid=4294967295 uid=0 gid=0 euid=0 suid=0 fsuid=0 egid=0 sgid=0 fsgid=0 tty=(none) ses=4294967295 exe="/system/bin/ip6tables" subj=u:r:netd:s0 key=(null)
12-31 17:38:41.719   228   228 W auditd  : type=1320 audit(0.0:176): 
12-31 17:38:41.750   681   681 I ServiceManager: Waiting for service media.camera.proxy...
12-31 17:38:41.739   228   228 W auditd  : type=1325 audit(0.0:177): table=filter family=2 entries=31
12-31 17:38:41.739   826   826 W iptables: type=1300 audit(0.0:177): arch=40000028 syscall=294 per=800008 success=yes exit=0 a0=4 a1=0 a2=40 a3=b6ba5000 items=0 ppid=683 auid=4294967295 uid=0 gid=0 euid=0 suid=0 fsuid=0 egid=0 sgid=0 fsgid=0 tty=(none) ses=4294967295 exe="/system/bin/iptables" subj=u:r:netd:s0 key=(null)
12-31 17:38:41.739   228   228 W auditd  : type=1320 audit(0.0:177): 
12-31 17:38:41.759   228   228 W auditd  : type=1325 audit(0.0:178): table=filter family=10 entries=31
12-31 17:38:41.759   827   827 W ip6tables: type=1300 audit(0.0:178): arch=40000028 syscall=294 per=800008 success=yes exit=0 a0=4 a1=29 a2=40 a3=b6ba5000 items=0 ppid=683 auid=4294967295 uid=0 gid=0 euid=0 suid=0 fsuid=0 egid=0 sgid=0 fsgid=0 tty=(none) ses=4294967295 exe="/system/bin/ip6tables" subj=u:r:netd:s0 key=(null)
12-31 17:38:41.759   228   228 W auditd  : type=1320 audit(0.0:178): 
12-31 17:38:41.779   228   228 W auditd  : type=1325 audit(0.0:179): table=filter family=2 entries=33
12-31 17:38:41.779   828   828 W iptables: type=1300 audit(0.0:179): arch=40000028 syscall=294 per=800008 success=yes exit=0 a0=4 a1=0 a2=40 a3=b6c17800 items=0 ppid=683 auid=4294967295 uid=0 gid=0 euid=0 suid=0 fsuid=0 egid=0 sgid=0 fsgid=0 tty=(none) ses=4294967295 exe="/system/bin/iptables" subj=u:r:netd:s0 key=(null)
12-31 17:38:41.779   228   228 W auditd  : type=1320 audit(0.0:179): 
12-31 17:38:41.799   228   228 W auditd  : type=1325 audit(0.0:180): table=filter family=10 entries=33
12-31 17:38:41.799   829   829 W ip6tables: type=1300 audit(0.0:180): arch=40000028 syscall=294 per=800008 success=yes exit=0 a0=4 a1=29 a2=40 a3=b6ca5000 items=0 ppid=683 auid=4294967295 uid=0 gid=0 euid=0 suid=0 fsuid=0 egid=0 sgid=0 fsgid=0 tty=(none) ses=4294967295 exe="/system/bin/ip6tables" subj=u:r:netd:s0 key=(null)
12-31 17:38:41.799   228   228 W auditd  : type=1320 audit(0.0:180): 
12-31 17:38:41.825   679   679 I Zygote  : Preloading classes...
12-31 17:38:41.819   228   228 W auditd  : type=1325 audit(0.0:181): table=raw family=2 entries=12
12-31 17:38:41.819   830   830 W iptables: type=1300 audit(0.0:181): arch=40000028 syscall=294 per=800008 success=yes exit=0 a0=4 a1=0 a2=40 a3=b6b96800 items=0 ppid=683 auid=4294967295 uid=0 gid=0 euid=0 suid=0 fsuid=0 egid=0 sgid=0 fsgid=0 tty=(none) ses=4294967295 exe="/system/bin/iptables" subj=u:r:netd:s0 key=(null)
12-31 17:38:41.819   228   228 W auditd  : type=1320 audit(0.0:181): 
12-31 17:38:41.848   679   679 W Zygote  : Class not found for preloading: [Landroid.view.Display$ColorTransform;
12-31 17:38:41.839   228   228 W auditd  : type=1325 audit(0.0:182): table=raw family=10 entries=12
12-31 17:38:41.839   831   831 W ip6tables: type=1300 audit(0.0:182): arch=40000028 syscall=294 per=800008 success=yes exit=0 a0=4 a1=29 a2=40 a3=b6ba1000 items=0 ppid=683 auid=4294967295 uid=0 gid=0 euid=0 suid=0 fsuid=0 egid=0 sgid=0 fsgid=0 tty=(none) ses=4294967295 exe="/system/bin/ip6tables" subj=u:r:netd:s0 key=(null)
12-31 17:38:42.275   346   346 E QMI_FW  : QMUXD: WARNING qmi_qmux_if_pwr_up_init failed! rc=-1
12-31 17:38:42.275   346   346 E QMI_FW  : QMUXD: WARNING qmi_qmux_if_pwr_up_init failed! rc=-1
12-31 17:38:42.275   346   346 E QMI_FW  : QMUXD: WARNING qmi_qmux_if_pwr_up_init failed! rc=-1
12-31 17:38:42.275   346   346 E QC-time-services: Daemon:genoff_modem_qmi_init: qmi_client_get_service_list returned -2num_services 0
12-31 17:38:42.750   681   681 I ServiceManager: Waiting for service media.camera.proxy...
12-31 17:38:42.759   228   228 W auditd  : type=1325 audit(0.0:215): table=mangle family=2 entries=9
12-31 17:38:42.759   876   876 W iptables: type=1300 audit(0.0:215): arch=40000028 syscall=294 per=800008 success=yes exit=0 a0=4 a1=0 a2=40 a3=b6ba3000 items=0 ppid=683 auid=4294967295 uid=0 gid=0 euid=0 suid=0 fsuid=0 egid=0 sgid=0 fsgid=0 tty=(none) ses=4294967295 exe="/system/bin/iptables" subj=u:r:netd:s0 key=(null)
12-31 17:38:42.759   228   228 W auditd  : type=1320 audit(0.0:215): 
12-31 17:38:42.779   228   228 W auditd  : type=1325 audit(0.0:216): table=mangle family=10 entries=9
12-31 17:38:42.779   877   877 W ip6tables: type=1300 audit(0.0:216): arch=40000028 syscall=294 per=800008 success=yes exit=0 a0=4 a1=29 a2=40 a3=b6c1f000 items=0 ppid=683 auid=4294967295 uid=0 gid=0 euid=0 suid=0 fsuid=0 egid=0 sgid=0 fsgid=0 tty=(none) ses=4294967295 exe="/system/bin/ip6tables" subj=u:r:netd:s0 key=(null)
12-31 17:38:42.779   228   228 W auditd  : type=1320 audit(0.0:216): 
12-31 17:38:42.799   228   228 W auditd  : type=1325 audit(0.0:217): table=mangle family=2 entries=11
12-31 17:38:42.799   878   878 W iptables: type=1300 audit(0.0:217): arch=40000028 syscall=294 per=800008 success=yes exit=0 a0=4 a1=0 a2=40 a3=b6ca7000 items=0 ppid=683 auid=4294967295 uid=0 gid=0 euid=0 suid=0 fsuid=0 egid=0 sgid=0 fsgid=0 tty=(none) ses=4294967295 exe="/system/bin/iptables" subj=u:r:netd:s0 key=(null)
12-31 17:38:42.799   228   228 W auditd  : type=1320 audit(0.0:217): 
12-31 17:38:42.819   228   228 W auditd  : type=1325 audit(0.0:218): table=mangle family=10 entries=11
12-31 17:38:42.819   879   879 W ip6tables: type=1300 audit(0.0:218): arch=40000028 syscall=294 per=800008 success=yes exit=0 a0=4 a1=29 a2=40 a3=b6c23000 items=0 ppid=683 auid=4294967295 uid=0 gid=0 euid=0 suid=0 fsuid=0 egid=0 sgid=0 fsgid=0 tty=(none) ses=4294967295 exe="/system/bin/ip6tables" subj=u:r:netd:s0 key=(null)
12-31 17:38:42.819   228   228 W auditd  : type=1320 audit(0.0:218): 
12-31 17:38:42.967   693   693 E         : debuggerd: worker process 720 timed out
12-31 17:38:42.968   693   693 E         : debuggerd: killing target 684
12-31 17:38:42.959   228   228 W auditd  : type=1325 audit(0.0:219): table=mangle family=2 entries=12
12-31 17:38:42.959   886   886 W iptables: type=1300 audit(0.0:219): arch=40000028 syscall=294 per=800008 success=yes exit=0 a0=4 a1=0 a2=40 a3=b6ba1000 items=0 ppid=683 auid=4294967295 uid=0 gid=0 euid=0 suid=0 fsuid=0 egid=0 sgid=0 fsgid=0 tty=(none) ses=4294967295 exe="/system/bin/iptables" subj=u:r:netd:s0 key=(null)
12-31 17:38:42.959   228   228 W auditd  : type=1320 audit(0.0:219): 
12-31 17:38:42.979   228   228 W auditd  : type=1325 audit(0.0:220): table=mangle family=10 entries=12
12-31 17:38:42.979   887   887 W ip6tables: type=1300 audit(0.0:220): arch=40000028 syscall=294 per=800008 success=yes exit=0 a0=4 a1=29 a2=40 a3=b6c21000 items=0 ppid=683 auid=4294967295 uid=0 gid=0 euid=0 suid=0 fsuid=0 egid=0 sgid=0 fsgid=0 tty=(none) ses=4294967295 exe="/system/bin/ip6tables" subj=u:r:netd:s0 key=(null)
12-31 17:38:42.979   228   228 W auditd  : type=1320 audit(0.0:220): 
12-31 17:38:43.002   314   314 I ServiceManager: service 'media.audio_flinger' died
12-31 17:38:43.002   314   314 I ServiceManager: service 'media.audio_policy' died
12-31 17:38:43.002   314   314 I ServiceManager: service 'media.radio' died
12-31 17:38:43.002   314   314 I ServiceManager: service 'media.sound_trigger_hw' died
12-31 17:38:43.005   314   314 I ServiceManager: service 'media.player' died
12-31 17:38:43.005   314   314 I ServiceManager: service 'media.resource_manager' died
12-31 17:38:44.036   896   896 F libc    : CANNOT LINK EXECUTABLE "/system/bin/rmt_storage": cannot locate symbol "ioprio_set" referenced by "/system/bin/rmt_storage"...
12-31 17:38:44.036   896   896 F libc    : Fatal signal 6 (SIGABRT), code -6 in tid 896 (rmt_storage)
12-31 17:38:44.036   693   693 W         : debuggerd: handling request: pid=896 uid=0 gid=0 tid=896
12-31 17:38:44.037   693   693 E         : debuggerd: waitpid returned unexpected pid (0), committing murder-suicide
12-31 17:38:44.037   693   693 W         : debuggerd: pid 0 received signal 9
12-31 17:38:44.112   693   693 E         : debuggerd: killing target 896
12-31 17:38:44.221   901   901 I Netd    : Netd 1.0 starting
12-31 17:38:44.221   901   901 D TetherController: Setting IP forward enable = 0
12-31 17:38:44.223   902   902 I SurfaceFlinger: SurfaceFlinger is starting
12-31 17:38:44.224   902   902 I SurfaceFlinger: SurfaceFlinger's main thread ready to run. Initializing graphics H/W...
12-31 17:38:44.224   902   902 E cutils-trace: Error opening trace file: No such file or directory (2)
12-31 17:38:44.226   902   902 D libEGL  : loaded /vendor/lib/egl/libEGL_adreno.so
12-31 17:38:44.228   902   902 D libEGL  : loaded /vendor/lib/egl/libGLESv1_CM_adreno.so
12-31 17:38:44.231   901   901 I QtiConnectivityAdapter: Failed to open libconnctrl, some features may not be present.
12-31 17:38:44.231   901   901 E         : Failed to open libdatactrl, some features may not be present.
12-31 17:38:44.232   901   901 E         : Failed to open libcsm_data, some features may not be present.
12-31 17:38:44.249   902   902 E libEGL  : load_driver(/vendor/lib/egl/libGLESv2_adreno.so): dlopen failed: library "libsc-a3xx.so" not found
12-31 17:38:44.239   228   228 W auditd  : type=1325 audit(0.0:221): table=filter family=2 entries=34
12-31 17:38:44.239   917   917 W iptables: type=1300 audit(0.0:221): arch=40000028 syscall=294 per=800008 success=yes exit=0 a0=4 a1=0 a2=40 a3=b6c17800 items=0 ppid=901 auid=4294967295 uid=0 gid=0 euid=0 suid=0 fsuid=0 egid=0 sgid=0 fsgid=0 tty=(none) ses=4294967295 exe="/system/bin/iptables" subj=u:r:netd:s0 key=(null)
12-31 17:38:44.239   228   228 W auditd  : type=1320 audit(0.0:221): 
12-31 17:38:44.254   902   902 I Adreno-EGL: <qeglDrvAPI_eglInitialize:379>: QUALCOMM Build: 10/09/15, 6cbbf7d, I3193f6e94a
12-31 17:38:44.276   346   346 E QMI_FW  : QMUXD: WARNING qmi_qmux_if_pwr_up_init failed! rc=-1
12-31 17:38:44.276   346   346 E QMI_FW  : QMUXD: WARNING qmi_qmux_if_pwr_up_init failed! rc=-1
12-31 17:38:44.276   346   346 E QMI_FW  : QMUXD: WARNING qmi_qmux_if_pwr_up_init failed! rc=-1
12-31 17:38:44.276   346   346 E QC-time-services: Daemon:genoff_modem_qmi_init: qmi_client_get_service_list returned -2num_services 0
12-31 17:38:44.259   228   228 W auditd  : type=1325 audit(0.0:222): table=filter family=10 entries=34
12-31 17:38:44.259   921   921 W ip6tables: type=1300 audit(0.0:222): arch=40000028 syscall=294 per=800008 success=yes exit=0 a0=4 a1=29 a2=40 a3=b6ba0000 items=0 ppid=901 auid=4294967295 uid=0 gid=0 euid=0 suid=0 fsuid=0 egid=0 sgid=0 fsgid=0 tty=(none) ses=4294967295 exe="/system/bin/ip6tables" subj=u:r:netd:s0 key=(null)
12-31 17:38:44.259   228   228 W auditd  : type=1320 audit(0.0:222): 
12-31 17:38:44.289   228   228 W auditd  : type=1325 audit(0.0:223): table=filter family=2 entries=33
12-31 17:38:44.289   922   922 W iptables: type=1300 audit(0.0:223): arch=40000028 syscall=294 per=800008 success=yes exit=0 a0=4 a1=0 a2=40 a3=b6c17800 items=0 ppid=901 auid=4294967295 uid=0 gid=0 euid=0 suid=0 fsuid=0 egid=0 sgid=0 fsgid=0 tty=(none) ses=4294967295 exe="/system/bin/iptables" subj=u:r:netd:s0 key=(null)
12-31 17:38:44.289   228   228 W auditd  : type=1320 audit(0.0:223): 
12-31 17:38:44.329   228   228 W auditd  : type=1325 audit(0.0:224): table=filter family=10 entries=33
12-31 17:38:44.329   923   923 W ip6tables: type=1300 audit(0.0:224): arch=40000028 syscall=294 per=800008 success=yes exit=0 a0=4 a1=29 a2=40 a3=b6ba5000 items=0 ppid=901 auid=4294967295 uid=0 gid=0 euid=0 suid=0 fsuid=0 egid=0 sgid=0 fsgid=0 tty=(none) ses=4294967295 exe="/system/bin/ip6tables" subj=u:r:netd:s0 key=(null)
12-31 17:38:44.329   228   228 W auditd  : type=1320 audit(0.0:224): 
12-31 17:38:44.379   228   228 W auditd  : type=1325 audit(0.0:225): table=filter family=2 entries=33
12-31 17:38:44.379   924   924 W iptables: type=1300 audit(0.0:225): arch=40000028 syscall=294 per=800008 success=yes exit=0 a0=4 a1=0 a2=40 a3=b6c23000 items=0 ppid=901 auid=4294967295 uid=0 gid=0 euid=0 suid=0 fsuid=0 egid=0 sgid=0 fsgid=0 tty=(none) ses=4294967295 exe="/system/bin/iptables" subj=u:r:netd:s0 key=(null)
12-31 17:38:44.379   228   228 W auditd  : type=1320 audit(0.0:225): 
12-31 17:38:44.425   899   899 I cameraserver: ServiceManager: 0xb6290720
12-31 17:38:44.425   899   899 I CameraService: CameraService started (pid=899)
12-31 17:38:44.425   899   899 I CameraService: CameraService process starting
12-31 17:38:44.426   899   899 W BatteryNotifier: batterystats service unavailable!
12-31 17:38:44.426   899   899 W BatteryNotifier: batterystats service unavailable!
12-31 17:38:44.427   899   899 E cutils-trace: Error opening trace file: No such file or directory (2)
12-31 17:38:44.427   899   899 V CameraWrapper: camera_get_number_of_cameras
12-31 17:38:44.427   899   899 V CameraWrapper: check_vendor_module
12-31 17:38:44.437   899   899 E HAL     : load: module=/system/lib/hw/camera.vendor.msm8226.so
12-31 17:38:44.437   899   899 E HAL     : dlopen failed: cannot locate symbol "utext_openUChars_51" referenced by "/system/vendor/lib/libqc-opt.so"...
12-31 17:38:44.437   899   899 E CameraWrapper: failed to open vendor camera module
12-31 17:38:44.437   899   899 I CameraService: Loaded "Samsung MSM8226 Camera Wrapper" camera module
12-31 17:38:44.437   899   899 V CameraWrapper: camera_get_number_of_cameras
12-31 17:38:44.437   899   899 V CameraWrapper: check_vendor_module
12-31 17:38:44.429   228   228 W auditd  : type=1325 audit(0.0:226): table=filter family=10 entries=33
12-31 17:38:44.429   925   925 W ip6tables: type=1300 audit(0.0:226): arch=40000028 syscall=294 per=800008 success=yes exit=0 a0=4 a1=29 a2=40 a3=b6b97c00 items=0 ppid=901 auid=4294967295 uid=0 gid=0 euid=0 suid=0 fsuid=0 egid=0 sgid=0 fsgid=0 tty=(none) ses=4294967295 exe="/system/bin/ip6tables" subj=u:r:netd:s0 key=(null)
12-31 17:38:44.429   228   228 W auditd  : type=1320 audit(0.0:226): 
12-31 17:38:44.467   899   899 E HAL     : load: module=/system/lib/hw/camera.vendor.msm8226.so
12-31 17:38:44.467   899   899 E HAL     : dlopen failed: cannot locate symbol "utext_openUChars_51" referenced by "/system/vendor/lib/libqc-opt.so"...
12-31 17:38:44.467   899   899 E CameraWrapper: failed to open vendor camera module
12-31 17:38:44.467   899   899 V CameraWrapper: camera_get_number_of_cameras
12-31 17:38:44.467   899   899 V CameraWrapper: check_vendor_module
12-31 17:38:44.459   228   228 W auditd  : type=1325 audit(0.0:227): table=filter family=2 entries=31
12-31 17:38:44.486   899   899 E HAL     : load: module=/system/lib/hw/camera.vendor.msm8226.so
12-31 17:38:44.486   899   899 E HAL     : dlopen failed: cannot locate symbol "utext_openUChars_51" referenced by "/system/vendor/lib/libqc-opt.so"...
12-31 17:38:44.486   899   899 E CameraWrapper: failed to open vendor camera module
12-31 17:38:44.498   899   899 I ServiceManager: Waiting for service media.camera.proxy...
12-31 17:38:44.459   927   927 W iptables: type=1300 audit(0.0:227): arch=40000028 syscall=294 per=800008 success=yes exit=0 a0=4 a1=0 a2=40 a3=b6c25000 items=0 ppid=901 auid=4294967295 uid=0 gid=0 euid=0 suid=0 fsuid=0 egid=0 sgid=0 fsgid=0 tty=(none) ses=4294967295 exe="/system/bin/iptables" subj=u:r:netd:s0 key=(null)
12-31 17:38:44.459   228   228 W auditd  : type=1320 audit(0.0:227): 
12-31 17:38:44.501   902   902 E qdutils : Failed to open msm_fb_panel_info node
12-31 17:38:44.502   902   902 E qdutils : int qdutils::getHDMINode(): Failed to open fb node 2
12-31 17:38:44.502   902   902 E qdutils : int qdutils::getHDMINode(): Failed to open fb node 3
12-31 17:38:44.502   902   902 E qdutils : int qdutils::getHDMINode(): Failed to find HDMI node
12-31 17:38:44.503   902   902 E qdutils : init:not able to open /sys/devices/virtual/graphics/fb0/idle_time node Permission denied
12-31 17:38:44.504   902   902 I qdhwcomposer: Initializing Qualcomm Hardware Composer
12-31 17:38:44.504   902   902 I qdhwcomposer: MDP version: 500
12-31 17:38:44.504   902   902 I SurfaceFlinger: Using composer version 1.5
12-31 17:38:44.504   902   902 I qdhwcomposer: hwc_registerProcs
12-31 17:38:44.504   902   902 I qdhwcomposer: Initializing UEVENT Thread
12-31 17:38:44.504   902   902 I qdhwcomposer: Initializing VSYNC Thread
12-31 17:38:44.505   902   902 E qdutils : int qdutils::getHDMINode(): Failed to open fb node 2
12-31 17:38:44.505   902   902 E qdutils : int qdutils::getHDMINode(): Failed to open fb node 3
12-31 17:38:44.505   902   902 E qdutils : int qdutils::getHDMINode(): Failed to find HDMI node
12-31 17:38:44.505   902   902 E qdutils : int qdutils::getHDMINode(): Failed to open fb node 2
12-31 17:38:44.505   902   902 E qdutils : int qdutils::getHDMINode(): Failed to open fb node 3
12-31 17:38:44.505   902   902 E qdutils : int qdutils::getHDMINode(): Failed to find HDMI node
12-31 17:38:44.505   902   902 E qdutils : int qdutils::getHDMINode(): Failed to open fb node 2
12-31 17:38:44.505   902   902 E qdutils : int qdutils::getHDMINode(): Failed to open fb node 3
12-31 17:38:44.505   902   902 E qdutils : int qdutils::getHDMINode(): Failed to find HDMI node
12-31 17:38:44.505   902   902 D qdhwcomposer: hwc_getDisplayAttributes disp = 0, width = 720
12-31 17:38:44.505   902   902 D qdhwcomposer: hwc_getDisplayAttributes disp = 0, height = 1280
12-31 17:38:44.505   902   902 E qdhwcomposer: hwc_getDisplayConfigs display (1) is inactive
12-31 17:38:44.506   902   902 W Adreno-GSL: <os_lib_map:1421>:   os_lib_map error: dlopen failed: library "libsc-a3xx.so" not found, on '/vendor/lib/egl/libGLESv2_adreno.so'
12-31 17:38:44.506   902   902 E Adreno-EGL: <egliLoadLibrary:676>: OpenGLES20 lib failed to load
12-31 17:38:44.506   902   902 E Adreno-EGL: <eglFetchClientAPIFunctions:3547>: NO OGL 2 functions
12-31 17:38:44.506   902   902 E Adreno-EGL: <eglCreateClientApiContext:2285>: Unable to fetch GL functions
12-31 17:38:44.506   902   902 W Adreno-EGL: <qeglDrvAPI_eglCreateContext:2539>: EGL_BAD_ALLOC
12-31 17:38:44.506   902   902 F SurfaceFlinger: EGLContext creation failed
12-31 17:38:44.507   902   902 F libc    : Fatal signal 6 (SIGABRT), code -6 in tid 902 (surfaceflinger)
12-31 17:38:44.507   902   902 F libc    : Unable to open connection to debuggerd: Connection refused
12-31 17:38:44.507   902   902 F libc    : failed to resend signal during crash: Operation not permitted
12-31 17:38:44.510   314   314 I ServiceManager: service 'display.qservice' died
12-31 17:38:44.551   932   932 I         : debuggerd: starting
12-31 17:38:46.277   346   346 E QMI_FW  : QMUXD: WARNING qmi_qmux_if_pwr_up_init failed! rc=-1
12-31 17:38:46.277   346   346 E QMI_FW  : QMUXD: WARNING qmi_qmux_if_pwr_up_init failed! rc=-1
12-31 17:38:46.277   346   346 E QMI_FW  : QMUXD: WARNING qmi_qmux_if_pwr_up_init failed! rc=-1
12-31 17:38:46.277   346   346 E QC-time-services: Daemon:genoff_modem_qmi_init: qmi_client_get_service_list returned -2num_services 0
12-31 17:38:46.277   346   346 E QC-time-services: Daemon:genoff_modem_qmi_init:retry count exceeds limitQMI init failed continuing withoutserver
12-31 17:38:46.280   346   346 E QC-time-services: Daemon: QMI init failed, QMI calls inactive
12-31 17:38:46.281   346   944 D QC-time-services: Daemon: Time-services: All initializations done
12-31 17:38:46.281   346   944 E QC-time-services: Daemon: Time-services: Waiting to acceptconnection
12-31 17:38:48.606   946   946 F libc    : CANNOT LINK EXECUTABLE "/system/bin/rmt_storage": cannot locate symbol "ioprio_set" referenced by "/system/bin/rmt_storage"...
12-31 17:38:48.606   946   946 F libc    : Fatal signal 6 (SIGABRT), code -6 in tid 946 (rmt_storage)
12-31 17:38:48.607   932   932 W         : debuggerd: handling request: pid=946 uid=0 gid=0 tid=946
12-31 17:38:48.620   953   953 E         : debuggerd: Unable to connect to activity manager (connect failed: Connection refused)
12-31 17:38:48.671   946   946 F libc    : failed to resend signal during crash: Operation not permitted
12-31 17:38:48.721   953   953 E DEBUG   : unexpected waitpid response: n=946, status=00000000
12-31 17:38:48.721   953   953 E         : debuggerd: timed out waiting for signal
12-31 17:38:48.721   953   953 E         : debuggerd: ptrace detach from 946 failed: No such process
12-31 17:38:48.724   932   932 W         : debuggerd: resuming target 946
12-31 17:38:48.724   932   932 E         : debuggerd: failed to send signal 18 to target: No such process
12-31 17:38:48.749   952   952 I SurfaceFlinger: SurfaceFlinger is starting
12-31 17:38:48.750   952   952 I SurfaceFlinger: SurfaceFlinger's main thread ready to run. Initializing graphics H/W...
12-31 17:38:48.750   952   952 E cutils-trace: Error opening trace file: No such file or directory (2)
12-31 17:38:48.753   952   952 D libEGL  : loaded /vendor/lib/egl/libEGL_adreno.so
12-31 17:38:48.754   952   952 D libEGL  : loaded /vendor/lib/egl/libGLESv1_CM_adreno.so
12-31 17:38:48.756   951   951 I Netd    : Netd 1.0 starting
12-31 17:38:48.757   951   951 D TetherController: Setting IP forward enable = 0
12-31 17:38:48.775   952   952 E libEGL  : load_driver(/vendor/lib/egl/libGLESv2_adreno.so): dlopen failed: library "libsc-a3xx.so" not found
12-31 17:38:48.780   952   952 I Adreno-EGL: <qeglDrvAPI_eglInitialize:379>: QUALCOMM Build: 10/09/15, 6cbbf7d, I3193f6e94a
