12-31 17:38:50.969  1100  1100 W iptables: type=1300 audit(0.0:328): arch=40000028 syscall=294 per=800008 success=yes exit=0 a0=4 a1=0 a2=40 a3=b6c21000 items=0 ppid=951 auid=4294967295 uid=0 gid=0 euid=0 suid=0 fsuid=0 egid=0 sgid=0 fsgid=0 tty=(none) ses=4294967295 exe="/system/bin/iptables" subj=u:r:netd:s0 key=(null)
12-31 17:38:50.969   228   228 W auditd  : type=1320 audit(0.0:328): 
12-31 17:38:50.981   947   947 W Zygote  : Class not found for preloading: [Landroid.view.Display$ColorTransform;
12-31 17:38:50.989   228   228 W auditd  : type=1325 audit(0.0:329): table=raw family=10 entries=11
12-31 17:38:50.989  1101  1101 W ip6tables: type=1300 audit(0.0:329): arch=40000028 syscall=294 per=800008 success=yes exit=0 a0=4 a1=29 a2=40 a3=b6c23000 items=0 ppid=951 auid=4294967295 uid=0 gid=0 euid=0 suid=0 fsuid=0 egid=0 sgid=0 fsgid=0 tty=(none) ses=4294967295 exe="/system/bin/ip6tables" subj=u:r:netd:s0 key=(null)
12-31 17:38:51.929   228   228 W auditd  : type=1325 audit(0.0:374): table=mangle family=2 entries=14
12-31 17:38:51.929  1148  1148 W iptables: type=1300 audit(0.0:374): arch=40000028 syscall=294 per=800008 success=yes exit=0 a0=4 a1=0 a2=40 a3=b6b96a00 items=0 ppid=951 auid=4294967295 uid=0 gid=0 euid=0 suid=0 fsuid=0 egid=0 sgid=0 fsgid=0 tty=(none) ses=4294967295 exe="/system/bin/iptables" subj=u:r:netd:s0 key=(null)
12-31 17:38:51.929   228   228 W auditd  : type=1320 audit(0.0:374): 
12-31 17:38:51.951   949   949 I ServiceManager: Waiting for service media.camera.proxy...
12-31 17:38:51.949   228   228 W auditd  : type=1325 audit(0.0:375): table=mangle family=10 entries=14
12-31 17:38:51.949  1149  1149 W ip6tables: type=1300 audit(0.0:375): arch=40000028 syscall=294 per=800008 success=yes exit=0 a0=4 a1=29 a2=40 a3=b6c21000 items=0 ppid=951 auid=4294967295 uid=0 gid=0 euid=0 suid=0 fsuid=0 egid=0 sgid=0 fsgid=0 tty=(none) ses=4294967295 exe="/system/bin/ip6tables" subj=u:r:netd:s0 key=(null)
12-31 17:38:51.949   228   228 W auditd  : type=1320 audit(0.0:375): 
12-31 17:38:51.969   228   228 W auditd  : type=1325 audit(0.0:376): table=mangle family=2 entries=14
12-31 17:38:51.969  1150  1150 W iptables: type=1300 audit(0.0:376): arch=40000028 syscall=294 per=800008 success=yes exit=0 a0=4 a1=0 a2=40 a3=b6ba5000 items=0 ppid=951 auid=4294967295 uid=0 gid=0 euid=0 suid=0 fsuid=0 egid=0 sgid=0 fsgid=0 tty=(none) ses=4294967295 exe="/system/bin/iptables" subj=u:r:netd:s0 key=(null)
12-31 17:38:51.969   228   228 W auditd  : type=1320 audit(0.0:376): 
12-31 17:38:51.989   228   228 W auditd  : type=1325 audit(0.0:377): table=mangle family=10 entries=14
12-31 17:38:51.989  1151  1151 W ip6tables: type=1300 audit(0.0:377): arch=40000028 syscall=294 per=800008 success=yes exit=0 a0=4 a1=29 a2=40 a3=b6c16c00 items=0 ppid=951 auid=4294967295 uid=0 gid=0 euid=0 suid=0 fsuid=0 egid=0 sgid=0 fsgid=0 tty=(none) ses=4294967295 exe="/system/bin/ip6tables" subj=u:r:netd:s0 key=(null)
12-31 17:38:51.989   228   228 W auditd  : type=1320 audit(0.0:377): 
12-31 17:38:52.009   228   228 W auditd  : type=1325 audit(0.0:378): table=mangle family=2 entries=12
12-31 17:38:52.009  1152  1152 W iptables: type=1300 audit(0.0:378): arch=40000028 syscall=294 per=800008 success=yes exit=0 a0=4 a1=0 a2=40 a3=b6c21000 items=0 ppid=951 auid=4294967295 uid=0 gid=0 euid=0 suid=0 fsuid=0 egid=0 sgid=0 fsgid=0 tty=(none) ses=4294967295 exe="/system/bin/iptables" subj=u:r:netd:s0 key=(null)
12-31 17:38:52.009   228   228 W auditd  : type=1320 audit(0.0:378): 
12-31 17:38:52.037   932   932 E         : debuggerd: worker process 980 timed out
12-31 17:38:52.041   932   932 E         : debuggerd: killing target 952
12-31 17:38:52.041   932   932 E         : debuggerd: failed to send signal 9 to target: No such process
12-31 17:38:52.039   228   228 W auditd  : type=1325 audit(0.0:379): table=mangle family=10 entries=12
12-31 17:38:52.039  1153  1153 W ip6tables: type=1300 audit(0.0:379): arch=40000028 syscall=294 per=800008 success=yes exit=0 a0=4 a1=29 a2=40 a3=b6c21000 items=0 ppid=951 auid=4294967295 uid=0 gid=0 euid=0 suid=0 fsuid=0 egid=0 sgid=0 fsgid=0 tty=(none) ses=4294967295 exe="/system/bin/ip6tables" subj=u:r:netd:s0 key=(null)
12-31 17:38:52.039   228   228 W auditd  : type=1320 audit(0.0:379): 
12-31 17:38:52.062   314   314 I ServiceManager: service 'media.audio_flinger' died
12-31 17:38:52.062   314   314 I ServiceManager: service 'media.audio_policy' died
12-31 17:38:52.062   314   314 I ServiceManager: service 'media.radio' died
12-31 17:38:52.062   314   314 I ServiceManager: service 'media.sound_trigger_hw' died
12-31 17:38:52.063   314   314 I ServiceManager: service 'media.player' died
12-31 17:38:52.063   314   314 I ServiceManager: service 'media.resource_manager' died
12-31 17:38:54.146  1163  1163 F libc    : CANNOT LINK EXECUTABLE "/system/bin/rmt_storage": cannot locate symbol "ioprio_set" referenced by "/system/bin/rmt_storage"...
12-31 17:38:54.146  1163  1163 F libc    : Fatal signal 6 (SIGABRT), code -6 in tid 1163 (rmt_storage)
12-31 17:38:54.147   932   932 W         : debuggerd: handling request: pid=1163 uid=0 gid=0 tid=1163
12-31 17:38:54.147   932   932 E         : debuggerd: waitpid returned unexpected pid (0), committing murder-suicide
12-31 17:38:54.147   932   932 W         : debuggerd: pid 0 received signal 9
12-31 17:38:54.158   932   932 E         : debuggerd: killing target 1163
12-31 17:38:54.237  1171  1171 I         : debuggerd: starting
12-31 17:38:54.278  1168  1168 I Netd    : Netd 1.0 starting
12-31 17:38:54.278  1168  1168 D TetherController: Setting IP forward enable = 0
12-31 17:38:54.289  1168  1168 I QtiConnectivityAdapter: Failed to open libconnctrl, some features may not be present.
12-31 17:38:54.289  1168  1168 E         : Failed to open libdatactrl, some features may not be present.
12-31 17:38:54.289  1168  1168 E         : Failed to open libcsm_data, some features may not be present.
12-31 17:38:54.296  1169  1169 I SurfaceFlinger: SurfaceFlinger is starting
12-31 17:38:54.297  1169  1169 I SurfaceFlinger: SurfaceFlinger's main thread ready to run. Initializing graphics H/W...
12-31 17:38:54.297  1169  1169 E cutils-trace: Error opening trace file: No such file or directory (2)
12-31 17:38:54.299  1169  1169 D libEGL  : loaded /vendor/lib/egl/libEGL_adreno.so
12-31 17:38:54.301  1169  1169 D libEGL  : loaded /vendor/lib/egl/libGLESv1_CM_adreno.so
12-31 17:38:54.299   228   228 W auditd  : type=1325 audit(0.0:380): table=filter family=2 entries=34
12-31 17:38:54.299  1182  1182 W iptables: type=1300 audit(0.0:380): arch=40000028 syscall=294 per=800008 success=yes exit=0 a0=4 a1=0 a2=40 a3=b6b97800 items=0 ppid=1168 auid=4294967295 uid=0 gid=0 euid=0 suid=0 fsuid=0 egid=0 sgid=0 fsgid=0 tty=(none) ses=4294967295 exe="/system/bin/iptables" subj=u:r:netd:s0 key=(null)
12-31 17:38:54.299   228   228 W auditd  : type=1320 audit(0.0:380): 
12-31 17:38:54.321  1169  1169 E libEGL  : load_driver(/vendor/lib/egl/libGLESv2_adreno.so): dlopen failed: library "libsc-a3xx.so" not found
12-31 17:38:54.326  1169  1169 I Adreno-EGL: <qeglDrvAPI_eglInitialize:379>: QUALCOMM Build: 10/09/15, 6cbbf7d, I3193f6e94a
12-31 17:38:54.329   228   228 W auditd  : type=1325 audit(0.0:381): table=filter family=10 entries=34
12-31 17:38:54.329  1186  1186 W ip6tables: type=1300 audit(0.0:381): arch=40000028 syscall=294 per=800008 success=yes exit=0 a0=4 a1=29 a2=40 a3=b6c20000 items=0 ppid=1168 auid=4294967295 uid=0 gid=0 euid=0 suid=0 fsuid=0 egid=0 sgid=0 fsgid=0 tty=(none) ses=4294967295 exe="/system/bin/ip6tables" subj=u:r:netd:s0 key=(null)
12-31 17:38:54.329   228   228 W auditd  : type=1320 audit(0.0:381): 
12-31 17:38:54.360   228   228 W auditd  : type=1325 audit(0.0:382): table=filter family=2 entries=33
12-31 17:38:54.360  1189  1189 W iptables: type=1300 audit(0.0:382): arch=40000028 syscall=294 per=800008 success=yes exit=0 a0=4 a1=0 a2=40 a3=b6b97800 items=0 ppid=1168 auid=4294967295 uid=0 gid=0 euid=0 suid=0 fsuid=0 egid=0 sgid=0 fsgid=0 tty=(none) ses=4294967295 exe="/system/bin/iptables" subj=u:r:netd:s0 key=(null)
12-31 17:38:54.360   228   228 W auditd  : type=1320 audit(0.0:382): 
12-31 17:38:54.389   228   228 W auditd  : type=1325 audit(0.0:383): table=filter family=10 entries=33
12-31 17:38:54.389  1190  1190 W ip6tables: type=1300 audit(0.0:383): arch=40000028 syscall=294 per=800008 success=yes exit=0 a0=4 a1=29 a2=40 a3=b6ca5000 items=0 ppid=1168 auid=4294967295 uid=0 gid=0 euid=0 suid=0 fsuid=0 egid=0 sgid=0 fsgid=0 tty=(none) ses=4294967295 exe="/system/bin/ip6tables" subj=u:r:netd:s0 key=(null)
12-31 17:38:54.389   228   228 W auditd  : type=1320 audit(0.0:383): 
12-31 17:38:54.419   228   228 W auditd  : type=1325 audit(0.0:384): table=filter family=2 entries=33
12-31 17:38:54.419  1191  1191 W iptables: type=1300 audit(0.0:384): arch=40000028 syscall=294 per=800008 success=yes exit=0 a0=4 a1=0 a2=40 a3=b6c23000 items=0 ppid=1168 auid=4294967295 uid=0 gid=0 euid=0 suid=0 fsuid=0 egid=0 sgid=0 fsgid=0 tty=(none) ses=4294967295 exe="/system/bin/iptables" subj=u:r:netd:s0 key=(null)
12-31 17:38:54.419   228   228 W auditd  : type=1320 audit(0.0:384): 
12-31 17:38:54.489   228   228 W auditd  : type=1325 audit(0.0:385): table=filter family=10 entries=33
12-31 17:38:54.504  1166  1166 I CameraService: CameraService started (pid=1166)
12-31 17:38:54.504  1166  1166 I CameraService: CameraService process starting
12-31 17:38:54.504  1166  1166 W BatteryNotifier: batterystats service unavailable!
12-31 17:38:54.504  1166  1166 W BatteryNotifier: batterystats service unavailable!
12-31 17:38:54.489  1193  1193 W ip6tables: type=1300 audit(0.0:385): arch=40000028 syscall=294 per=800008 success=yes exit=0 a0=4 a1=29 a2=40 a3=b6b97c00 items=0 ppid=1168 auid=4294967295 uid=0 gid=0 euid=0 suid=0 fsuid=0 egid=0 sgid=0 fsgid=0 tty=(none) ses=4294967295 exe="/system/bin/ip6tables" subj=u:r:netd:s0 key=(null)
12-31 17:38:54.489   228   228 W auditd  : type=1320 audit(0.0:385): 
12-31 17:38:54.505  1166  1166 E cutils-trace: Error opening trace file: No such file or directory (2)
12-31 17:38:54.505  1166  1166 V CameraWrapper: camera_get_number_of_cameras
12-31 17:38:54.505  1166  1166 V CameraWrapper: check_vendor_module
12-31 17:38:54.515  1166  1166 E HAL     : load: module=/system/lib/hw/camera.vendor.msm8226.so
12-31 17:38:54.515  1166  1166 E HAL     : dlopen failed: cannot locate symbol "utext_openUChars_51" referenced by "/system/vendor/lib/libqc-opt.so"...
12-31 17:38:54.515  1166  1166 E CameraWrapper: failed to open vendor camera module
12-31 17:38:54.515  1166  1166 I CameraService: Loaded "Samsung MSM8226 Camera Wrapper" camera module
12-31 17:38:54.515  1166  1166 V CameraWrapper: camera_get_number_of_cameras
12-31 17:38:54.515  1166  1166 V CameraWrapper: check_vendor_module
12-31 17:38:54.544  1166  1166 E HAL     : load: module=/system/lib/hw/camera.vendor.msm8226.so
12-31 17:38:54.544  1166  1166 E HAL     : dlopen failed: cannot locate symbol "utext_openUChars_51" referenced by "/system/vendor/lib/libqc-opt.so"...
12-31 17:38:54.544  1166  1166 E CameraWrapper: failed to open vendor camera module
12-31 17:38:54.544  1166  1166 V CameraWrapper: camera_get_number_of_cameras
12-31 17:38:54.544  1166  1166 V CameraWrapper: check_vendor_module
12-31 17:38:54.554  1166  1166 E HAL     : load: module=/system/lib/hw/camera.vendor.msm8226.so
12-31 17:38:54.554  1166  1166 E HAL     : dlopen failed: cannot locate symbol "utext_openUChars_51" referenced by "/system/vendor/lib/libqc-opt.so"...
12-31 17:38:54.554  1166  1166 E CameraWrapper: failed to open vendor camera module
12-31 17:38:54.554  1166  1166 I ServiceManager: Waiting for service media.camera.proxy...
12-31 17:38:54.549   228   228 W auditd  : type=1325 audit(0.0:386): table=filter family=2 entries=31
12-31 17:38:54.549  1195  1195 W iptables: type=1300 audit(0.0:386): arch=40000028 syscall=294 per=800008 success=yes exit=0 a0=4 a1=0 a2=40 a3=b6ba5000 items=0 ppid=1168 auid=4294967295 uid=0 gid=0 euid=0 suid=0 fsuid=0 egid=0 sgid=0 fsgid=0 tty=(none) ses=4294967295 exe="/system/bin/iptables" subj=u:r:netd:s0 key=(null)
12-31 17:38:54.549   228   228 W auditd  : type=1320 audit(0.0:386): 
12-31 17:38:54.566  1165  1165 I         : sMaxFastTracks = 8
12-31 17:38:54.568  1165  1165 I audioserver: ServiceManager: 0xb6190720
12-31 17:38:54.568  1165  1165 W BatteryNotifier: batterystats service unavailable!
12-31 17:38:54.568  1165  1165 I AudioFlinger: Using default 3000 mSec as standby time.
12-31 17:38:54.569  1165  1165 I AudioPolicyService: AudioPolicyService CSTOR in new mode
12-31 17:38:54.571  1169  1169 E qdutils : Failed to open msm_fb_panel_info node
12-31 17:38:54.571  1169  1169 E qdutils : int qdutils::getHDMINode(): Failed to open fb node 2
12-31 17:38:54.572  1169  1169 E qdutils : int qdutils::getHDMINode(): Failed to open fb node 3
12-31 17:38:54.572  1169  1169 E qdutils : int qdutils::getHDMINode(): Failed to find HDMI node
12-31 17:38:54.572  1165  1165 W APM::Devices: DeviceVector::add device 80000040 already in
12-31 17:38:54.572  1169  1169 E qdutils : init:not able to open /sys/devices/virtual/graphics/fb0/idle_time node Permission denied
12-31 17:38:54.572  1165  1165 I APM::ConfigParsingUtils: loadAudioPolicyConfig() loaded /system/etc/audio_policy.conf
12-31 17:38:54.574  1169  1169 I qdhwcomposer: Initializing Qualcomm Hardware Composer
12-31 17:38:54.574  1169  1169 I qdhwcomposer: MDP version: 500
12-31 17:38:54.574  1169  1169 I SurfaceFlinger: Using composer version 1.5
12-31 17:38:54.574  1169  1169 I qdhwcomposer: hwc_registerProcs
12-31 17:38:54.574  1169  1169 I qdhwcomposer: Initializing UEVENT Thread
12-31 17:38:54.574  1169  1169 I qdhwcomposer: Initializing VSYNC Thread
12-31 17:38:54.574  1169  1169 E qdutils : int qdutils::getHDMINode(): Failed to open fb node 2
12-31 17:38:54.574  1169  1169 E qdutils : int qdutils::getHDMINode(): Failed to open fb node 3
12-31 17:38:54.574  1169  1169 E qdutils : int qdutils::getHDMINode(): Failed to find HDMI node
12-31 17:38:54.574  1169  1169 E qdutils : int qdutils::getHDMINode(): Failed to open fb node 2
12-31 17:38:54.574  1169  1169 E qdutils : int qdutils::getHDMINode(): Failed to open fb node 3
12-31 17:38:54.574  1169  1169 E qdutils : int qdutils::getHDMINode(): Failed to find HDMI node
12-31 17:38:54.575  1169  1169 E qdutils : int qdutils::getHDMINode(): Failed to open fb node 2
12-31 17:38:54.575  1169  1169 E qdutils : int qdutils::getHDMINode(): Failed to open fb node 3
12-31 17:38:54.575  1169  1169 E qdutils : int qdutils::getHDMINode(): Failed to find HDMI node
12-31 17:38:54.575  1169  1169 D qdhwcomposer: hwc_getDisplayAttributes disp = 0, width = 720
12-31 17:38:54.575  1169  1169 D qdhwcomposer: hwc_getDisplayAttributes disp = 0, height = 1280
12-31 17:38:54.575  1169  1169 E qdhwcomposer: hwc_getDisplayConfigs display (1) is inactive
12-31 17:38:54.576  1169  1169 W Adreno-GSL: <os_lib_map:1421>:   os_lib_map error: dlopen failed: library "libsc-a3xx.so" not found, on '/vendor/lib/egl/libGLESv2_adreno.so'
12-31 17:38:54.576  1169  1169 E Adreno-EGL: <egliLoadLibrary:676>: OpenGLES20 lib failed to load
12-31 17:38:54.576  1169  1169 E Adreno-EGL: <eglFetchClientAPIFunctions:3547>: NO OGL 2 functions
12-31 17:38:54.576  1169  1169 E Adreno-EGL: <eglCreateClientApiContext:2285>: Unable to fetch GL functions
12-31 17:38:54.576  1169  1169 W Adreno-EGL: <qeglDrvAPI_eglCreateContext:2539>: EGL_BAD_ALLOC
12-31 17:38:54.576  1169  1169 F SurfaceFlinger: EGLContext creation failed
12-31 17:38:54.576  1165  1165 D audio_hw_primary: adev_open: enter
12-31 17:38:54.576  1169  1169 F libc    : Fatal signal 6 (SIGABRT), code -6 in tid 1169 (surfaceflinger)
12-31 17:38:54.579   228   228 W auditd  : type=1325 audit(0.0:387): table=filter family=10 entries=31
12-31 17:38:54.577  1169  1202 I qdhwcomposer: vsync_loop: Reading event 0 for dpy 0 from /sys/class/graphics/fb0/vsync_event
12-31 17:38:54.578  1169  1202 I qdhwcomposer: vsync_loop: Reading event 1 for dpy 0 from /sys/class/graphics/fb0/show_blank_event
12-31 17:38:54.578  1169  1202 I qdhwcomposer: vsync_loop: Reading event 0 for dpy 1 from /sys/class/graphics/fb-1/vsync_event
12-31 17:38:54.578  1169  1202 I qdhwcomposer: vsync_loop: Reading event 1 for dpy 1 from /sys/class/graphics/fb-1/show_blank_event
12-31 17:38:54.578  1169  1202 I qdhwcomposer: vsync_loop: Reading event 0 for dpy 2 from /sys/class/graphics/fb-1/vsync_event
12-31 17:38:54.578  1169  1202 I qdhwcomposer: vsync_loop: Reading event 1 for dpy 2 from /sys/class/graphics/fb-1/show_blank_event
12-31 17:38:54.580  1171  1171 W         : debuggerd: handling request: pid=1169 uid=1000 gid=1003 tid=1169
12-31 17:38:54.589  1165  1165 D msm8974_platform: platform_init: snd_card_name: msm8226-tapan-snd-card
12-31 17:38:54.608  1204  1204 E         : debuggerd: Unable to connect to activity manager (connect failed: Connection refused)
12-31 17:38:54.608  1169  1169 F libc    : failed to resend signal during crash: Operation not permitted
12-31 17:38:54.611   314   314 I ServiceManager: service 'display.qservice' died
12-31 17:38:54.670  1165  1165 E audio_route: Control 'SLIM RX6 MUX' doesn't exist - skipping
12-31 17:38:54.670  1165  1165 E audio_route: Control 'SLIM RX7 MUX' doesn't exist - skipping
12-31 17:38:54.671  1165  1165 E audio_route: Control 'RX7 MIX1 INP2' doesn't exist - skipping
12-31 17:38:54.671  1165  1165 E audio_route: Control 'RX7 MIX1 INP1' doesn't exist - skipping
12-31 17:38:54.671  1165  1165 E audio_route: Control 'RX6 MIX1 INP2' doesn't exist - skipping
12-31 17:38:54.671  1165  1165 E audio_route: Control 'RX6 MIX1 INP1' doesn't exist - skipping
12-31 17:38:54.671  1165  1165 E audio_route: Control 'RX5 MIX1 INP2' doesn't exist - skipping
12-31 17:38:54.671  1165  1165 E audio_route: Control 'RX5 MIX1 INP1' doesn't exist - skipping
12-31 17:38:54.671  1165  1165 E audio_route: Control 'RX3 MIX1 INP2' doesn't exist - skipping
12-31 17:38:54.671  1165  1165 E audio_route: Control 'RX2 MIX1 INP2' doesn't exist - skipping
12-31 17:38:54.671  1165  1165 E audio_route: Control 'SPK_SRC Mux' doesn't exist - skipping
12-31 17:38:54.671  1165  1165 E audio_route: Control 'AIN Gain' doesn't exist - skipping
12-31 17:38:54.672  1165  1165 E audio_route: Control 'SLIM TX10 MUX' doesn't exist - skipping
12-31 17:38:54.672  1165  1165 E audio_route: Control 'SLIM TX9 MUX' doesn't exist - skipping
12-31 17:38:54.672  1165  1165 E audio_route: Control 'SLIM TX8 MUX' doesn't exist - skipping
12-31 17:38:54.672  1165  1165 E audio_route: Control 'SLIM TX7 MUX' doesn't exist - skipping
12-31 17:38:54.672  1165  1165 E audio_route: Control 'SLIM TX6 MUX' doesn't exist - skipping
12-31 17:38:54.672  1165  1165 E audio_route: Control 'DEC10 MUX' doesn't exist - skipping
12-31 17:38:54.672  1165  1165 E audio_route: Control 'DEC9 MUX' doesn't exist - skipping
12-31 17:38:54.672  1165  1165 E audio_route: Control 'DEC8 MUX' doesn't exist - skipping
12-31 17:38:54.672  1165  1165 E audio_route: Control 'DEC7 MUX' doesn't exist - skipping
12-31 17:38:54.672  1165  1165 E audio_route: Control 'DEC6 MUX' doesn't exist - skipping
12-31 17:38:54.672  1165  1165 E audio_route: Control 'DEC5 MUX' doesn't exist - skipping
12-31 17:38:54.672  1165  1165 E audio_route: unknown enum value string BTSCO_RATE_8KHZ for ctl Internal BTSCO SampleRate
12-31 17:38:54.672  1165  1165 E audio_route: Control 'INTERNAL_BT_SCO_RX Audio Mixer Multimedia6' doesn't exist - skipping
12-31 17:38:54.673  1165  1165 E audio_route: Control 'SLIMBUS_0_RX Port Mixer AUX_PCM_TX' doesn't exist - skipping
12-31 17:38:54.673  1165  1165 E audio_route: unknown enum value string BTSCO_RATE_16KHZ for ctl Internal BTSCO SampleRate
12-31 17:38:54.673  1165  1165 E audio_route: unknown enum value string BTSCO_RATE_16KHZ for ctl Internal BTSCO SampleRate
12-31 17:38:54.673  1165  1165 E audio_route: unknown enum value string BTSCO_RATE_16KHZ for ctl Internal BTSCO SampleRate
12-31 17:38:54.674  1165  1165 E audio_route: unknown enum value string BTSCO_RATE_16KHZ for ctl Internal BTSCO SampleRate
12-31 17:38:54.674  1165  1165 E audio_route: unknown enum value string BTSCO_RATE_16KHZ for ctl Internal BTSCO SampleRate
12-31 17:38:54.674  1165  1165 E audio_route: unknown enum value string BTSCO_RATE_16KHZ for ctl Internal BTSCO SampleRate
12-31 17:38:54.674  1165  1165 E audio_route: unknown enum value string BTSCO_RATE_16KHZ for ctl Internal BTSCO SampleRate
12-31 17:38:54.675  1165  1165 E audio_route: unknown enum value string BTSCO_RATE_16KHZ for ctl Internal BTSCO SampleRate
12-31 17:38:54.675  1165  1165 E audio_route: unknown enum value string BTSCO_RATE_16KHZ for ctl Internal BTSCO SampleRate
12-31 17:38:54.675  1165  1165 E audio_route: Control 'SLIMBUS_0_RX Port Mixer INTERNAL_BT_SCO_TX' doesn't exist - skipping
12-31 17:38:54.675  1165  1165 E audio_route: unknown enum value string BTSCO_RATE_16KHZ for ctl Internal BTSCO SampleRate
12-31 17:38:54.677  1165  1165 E audio_route: Control 'RX5 MIX1 INP1' doesn't exist - skipping
12-31 17:38:54.679  1165  1165 E audio_route: Control 'AIF1_CAP Mixer SLIM TX7' doesn't exist - skipping
12-31 17:38:54.679  1165  1165 E audio_route: Control 'SLIM TX7 MUX' doesn't exist - skipping
12-31 17:38:54.679  1165  1165 E audio_route: Control 'DEC8 MUX' doesn't exist - skipping
12-31 17:38:54.679  1165  1165 E audio_route: Control 'DEC7 MUX' doesn't exist - skipping
12-31 17:38:54.679  1165  1165 E audio_route: unknown enum value string DEC8 for ctl IIR1 INP1 MUX
12-31 17:38:54.679  1165  1165 E audio_route: Control 'IIR2 INP1 MUX' doesn't exist - skipping
12-31 17:38:54.679  1165  1165 E audio_route: Control 'RX2 MIX1 INP2' doesn't exist - skipping
12-31 17:38:54.679  1165  1165 E audio_route: Control 'RX7 MIX2 INP1' doesn't exist - skipping
12-31 17:38:54.679  1165  1165 E audio_route: Control 'RX7 MIX2 INP2' doesn't exist - skipping
12-31 17:38:54.680  1165  1165 E audio_route: Control 'SLIM RX1 MUX' already exists in path 'speaker-and-dock'
12-31 17:38:54.680  1165  1165 E audio_route: Control 'RX5 Digital Volume' doesn't exist - skipping
12-31 17:38:54.680  1165  1165 E audio_route: Control 'DEC8 Volume' doesn't exist - skipping
12-31 17:38:54.680  1165  1165 E audio_route: Control 'DEC7 Volume' doesn't exist - skipping
12-31 17:38:54.680  1165  1165 E audio_route: Control 'ADC6 Volume' doesn't exist - skipping
12-31 17:38:54.681  1165  1165 E audio_route: Control 'IIR2 INP1 Volume' doesn't exist - skipping
12-31 17:38:54.681  1165  1165 E audio_route: Control 'AIF1_CAP Mixer SLIM TX1' already exists in path 'rec-stereo-mic'
12-31 17:38:54.681  1165  1165 E audio_route: Control 'DEC6 Volume' doesn't exist - skipping
12-31 17:38:54.681  1165  1165 E audio_route: Control 'Main Mic Delay' doesn't exist - skipping
12-31 17:38:54.681  1165  1165 E audio_route: Control 'AIF1_CAP Mixer SLIM TX1' already exists in path 'rec-high-gain-stereo-mic'
12-31 17:38:54.681  1165  1165 E audio_route: Control 'DEC6 Volume' doesn't exist - skipping
12-31 17:38:54.682  1165  1165 E audio_route: Control 'DEC6 Volume' doesn't exist - skipping
12-31 17:38:54.682  1165  1165 E audio_route: Control 'DEC6 Volume' doesn't exist - skipping
12-31 17:38:54.682  1165  1165 E audio_route: Control 'AIF1_CAP Mixer SLIM TX1' already exists in path 'bargein1-NS-mic'
12-31 17:38:54.682  1165  1165 E audio_route: Control 'TX5 HPF cut off' doesn't exist - skipping
12-31 17:38:54.682  1165  1165 E audio_route: Control 'DEC6 Volume' doesn't exist - skipping
12-31 17:38:54.682  1165  1165 E audio_route: Control 'DEC6 Volume' doesn't exist - skipping
12-31 17:38:54.683  1165  1165 E audio_route: Control 'AIF1_CAP Mixer SLIM TX1' already exists in path 'bargein2-NS-mic'
12-31 17:38:54.683  1165  1165 E audio_route: Control 'TX5 HPF cut off' doesn't exist - skipping
12-31 17:38:54.684  1165  1165 E audio_route: unknown enum value string POS_3_DB for ctl EAR PA Gain
12-31 17:38:54.684  1165  1165 E audio_route: Control 'AIF1_CAP Mixer SLIM TX1' already exists in path 'voice-call-NS-mic-handset'
12-31 17:38:54.684  1165  1165 E audio_route: Control 'DEC6 Volume' doesn't exist - skipping
12-31 17:38:54.685  1165  1165 E audio_route: Control 'TX5 HPF cut off' doesn't exist - skipping
12-31 17:38:54.685  1165  1165 E audio_route: Control 'AIF1_CAP Mixer SLIM TX1' already exists in path 'voice-call-NS-mic-speaker'
12-31 17:38:54.685  1165  1165 E audio_route: unknown enum value string POS_3_DB for ctl EAR PA Gain
12-31 17:38:54.686  1165  1165 E audio_route: Control 'DEC6 Volume' doesn't exist - skipping
12-31 17:38:54.686  1165  1165 E audio_route: Control 'AIF1_CAP Mixer SLIM TX1' already exists in path 'video-call-NS-mic-handset'
12-31 17:38:54.686  1165  1165 E audio_route: Control 'DEC6 Volume' doesn't exist - skipping
12-31 17:38:54.686  1165  1165 E audio_route: Control 'TX5 HPF cut off' doesn't exist - skipping
12-31 17:38:54.686  1165  1165 E audio_route: Control 'AIF1_CAP Mixer SLIM TX1' already exists in path 'video-call-NS-mic-speaker'
12-31 17:38:54.686  1165  1165 E audio_route: unknown enum value string POS_3_DB for ctl EAR PA Gain
12-31 17:38:54.686  1165  1165 E audio_route: unknown enum value string POS_3_DB for ctl EAR PA Gain
12-31 17:38:54.687  1165  1165 E audio_route: Control 'DEC6 Volume' doesn't exist - skipping
12-31 17:38:54.687  1165  1165 E audio_route: Control 'DEC6 Volume' doesn't exist - skipping
12-31 17:38:54.687  1165  1165 E audio_route: Control 'DEC5 Volume' doesn't exist - skipping
12-31 17:38:54.687  1165  1165 E audio_route: Control 'AIF1_CAP Mixer SLIM TX1' already exists in path 'VoLTE-voice-NS-mic-handset'
12-31 17:38:54.687  1165  1165 E audio_route: Control 'DEC6 Volume' doesn't exist - skipping
12-31 17:38:54.687  1165  1165 E audio_route: Control 'TX5 HPF cut off' doesn't exist - skipping
12-31 17:38:54.687  1165  1165 E audio_route: Control 'AIF1_CAP Mixer SLIM TX1' already exists in path 'VoLTE-voice-NS-mic-speaker'
12-31 17:38:54.688  1165  1165 E audio_route: unknown enum value string POS_3_DB for ctl EAR PA Gain
12-31 17:38:54.688  1165  1165 E audio_route: unknown enum value string POS_3_DB for ctl EAR PA Gain
12-31 17:38:54.688  1165  1165 E audio_route: Control 'DEC6 Volume' doesn't exist - skipping
12-31 17:38:54.688  1165  1165 E audio_route: Control 'DEC6 Volume' doesn't exist - skipping
12-31 17:38:54.688  1165  1165 E audio_route: Control 'DEC5 Volume' doesn't exist - skipping
12-31 17:38:54.688  1165  1165 E audio_route: Control 'AIF1_CAP Mixer SLIM TX1' already exists in path 'VoLTE-video-NS-mic-handset'
12-31 17:38:54.689  1165  1165 E audio_route: Control 'DEC6 Volume' doesn't exist - skipping
12-31 17:38:54.689  1165  1165 E audio_route: Control 'TX5 HPF cut off' doesn't exist - skipping
12-31 17:38:54.689  1165  1165 E audio_route: Control 'AIF1_CAP Mixer SLIM TX1' already exists in path 'VoLTE-video-NS-mic-speaker'
12-31 17:38:54.689  1165  1165 E audio_route: unknown enum value string POS_3_DB for ctl EAR PA Gain
12-31 17:38:54.690  1165  1165 E audio_route: unknown enum value string POS_3_DB for ctl EAR PA Gain
12-31 17:38:54.691  1165  1165 E audio_route: Control 'TX5 HPF cut off' doesn't exist - skipping
12-31 17:38:54.693  1165  1165 E audio_route: Control 'DEC6 Volume' doesn't exist - skipping
12-31 17:38:54.693  1165  1165 E audio_route: Control 'DEC5 Volume' doesn't exist - skipping
12-31 17:38:54.693  1165  1165 E audio_route: Control 'TX5 HPF cut off' doesn't exist - skipping
12-31 17:38:54.694  1165  1165 E audio_route: Control 'DEC6 Volume' doesn't exist - skipping
12-31 17:38:54.694  1165  1165 E audio_route: Control 'TX5 HPF cut off' doesn't exist - skipping
12-31 17:38:54.694  1165  1165 E audio_route: Control 'DEC6 Volume' doesn't exist - skipping
12-31 17:38:54.694  1165  1165 E audio_route: Control 'DEC5 Volume' doesn't exist - skipping
12-31 17:38:54.694  1165  1165 E audio_route: Control 'DEC6 Volume' doesn't exist - skipping
12-31 17:38:54.695  1165  1165 E audio_route: unknown enum value string POS_3_DB for ctl EAR PA Gain
12-31 17:38:54.696  1165  1165 E audio_route: Control 'DEC6 Volume' doesn't exist - skipping
12-31 17:38:54.696  1165  1165 E audio_route: Control 'DEC6 Volume' doesn't exist - skipping
12-31 17:38:54.697  1167  1167 I mediaserver: ServiceManager: 0xb5d10780
12-31 17:38:54.697  1165  1165 D msm8974_platform: platform_init: Opened sound card:0
12-31 17:38:54.697  1167  1167 W BatteryNotifier: batterystats service unavailable!
12-31 17:38:54.702  1165  1165 D ACDB-LOADER: ACDB -> ACDB_CMD_INITIALIZE_V2
12-31 17:38:54.704  1165  1165 D ACDB-LOADER: ACDB -> ACPH INIT
12-31 17:38:54.705  1165  1165 D         : [ACPH]->Online service registered with ACPH
12-31 17:38:54.707  1165  1165 D         : [ACPH]->ACPH init success
12-31 17:38:54.707  1165  1165 D ACDB-LOADER: ACDB -> RTAC INIT
12-31 17:38:54.707  1165  1165 D         : [ACPH]->DSP RTC service registered with ACPH
12-31 17:38:54.707  1165  1165 D ACDB-LOADER: ACDB -> ADIE RTAC INIT
12-31 17:38:54.708  1165  1165 D         : [ACPH]->ADIE RTC service registered with ACPH
12-31 17:38:54.708  1165  1165 D ACDB-LOADER: No existing ION info in ACDB driver
12-31 17:38:54.708  1165  1165 D ACDB-LOADER: ACDB -> ION_IOC_ALLOC
12-31 17:38:54.708  1165  1165 D ACDB-LOADER: ACDB -> ION_IOC_SHARE
12-31 17:38:54.708  1165  1165 D ACDB-LOADER: ACDB -> MMAP ADDR
12-31 17:38:54.708  1165  1165 D ACDB-LOADER: ACDB -> register MEM to ACDB driver: 0xb6ce1000
12-31 17:38:54.708  1165  1165 D ACDB-LOADER: ACDB -> send_asm_topology
12-31 17:38:54.708  1165  1165 D ACDB-LOADER: ACDB -> ACDB_CMD_GET_AUDPROC_STREAM_TOPOLOGY_ID
12-31 17:38:54.708  1165  1165 D ACDB-LOADER: ACDB -> send_adm_custom_topology
12-31 17:38:54.708  1165  1165 D ACDB-LOADER: ACDB -> ACDB_CMD_GET_AUDIO_COPP_TOPOLOGIES
12-31 17:38:54.709  1165  1165 D ACDB-LOADER: ACDB -> AUDIO_SET_ADM_CUSTOM_TOPOLOGY
12-31 17:38:54.709  1165  1165 D ACDB-LOADER: ACDB -> send_asm_custom_topology
12-31 17:38:54.709  1165  1165 D ACDB-LOADER: ACDB -> ACDB_CMD_GET_AUDIO_POPP_TOPOLOGIES
12-31 17:38:54.709  1165  1165 D         : ACDBFILE_MGR: Property for the pid 00012E48 not found
12-31 17:38:54.709  1165  1165 D         : ACDB_COMMAND: Failed to fetch the property info for pid 00012E48 
12-31 17:38:54.709  1165  1165 E ACDB-LOADER: Error: ACDB get asm topologies returned = -18
12-31 17:38:54.709  1165  1165 D ACDB-LOADER: ACDB -> AUDIO_SET_ASM_CUSTOM_TOPOLOGY
12-31 17:38:54.709  1165  1165 D ACDB-LOADER: send mbhc data
12-31 17:38:54.714  1165  1165 D ACDB-LOADER: ACDB -> ACDB_CMD_GET_ANC_SETTING
12-31 17:38:54.715  1165  1165 D ACDB-LOADER: ACDB -> ACDB_CMD_GET_ANC_SETTING
12-31 17:38:54.715  1165  1165 D ACDB-LOADER: ACDB -> ACDB_CMD_GET_ANC_SETTING
12-31 17:38:54.715  1165  1165 D ACDB-LOADER: ACDB -> ACDB_CMD_GET_ANC_SETTING
12-31 17:38:54.715  1165  1165 D ACDB-LOADER: ACDB -> ACDB_CMD_GET_ANC_SETTING
12-31 17:38:54.715  1165  1165 D ACDB-LOADER: ACDB -> ACDB_CMD_GET_ANC_SETTING
12-31 17:38:54.715  1165  1165 D ACDB-LOADER: ACDB -> ACDB_CMD_GET_ANC_SETTING
12-31 17:38:54.715  1165  1165 D ACDB-LOADER: ACDB -> init done!
12-31 17:38:54.716  1165  1165 E msm8974_platform: find_index: Could not find index for name = SND_DEVICE_IN_VOICE_REC_HEADSET_MIC
12-31 17:38:54.716  1165  1165 E platform_info: process_device_name: Device SND_DEVICE_IN_VOICE_REC_HEADSET_MIC in /system/etc/audio_platform_info.xml not found, no alias set!
12-31 17:38:54.718  1165  1165 E audio_hw_primary: Amplifier initialization failed
12-31 17:38:54.718  1165  1165 D audio_hw_primary: select_devices: out_snd_device(2: speaker) in_snd_device(0: )
12-31 17:38:54.718  1165  1165 W msm8974_platform: Codec backend bitwidth 16, samplerate 48000
12-31 17:38:54.718  1165  1165 D hardware_info: hw_info_append_hw_type : device_name = speaker
12-31 17:38:54.718  1165  1165 I msm8974_platform: platform_send_audio_calibration: sending audio calibration for snd_device(2) acdb_id(15)
12-31 17:38:54.718  1165  1165 D ACDB-LOADER: ACDB -> send_audio_cal, acdb_id = 15, path =  0
12-31 17:38:54.718  1165  1165 D ACDB-LOADER: ACDB -> send_adm_topology
12-31 17:38:54.718  1165  1165 D ACDB-LOADER: ACDB -> ACDB_CMD_GET_AUDPROC_COMMON_TOPOLOGY_ID
12-31 17:38:54.718  1165  1165 D ACDB-LOADER: ACDB -> send_audtable
12-31 17:38:54.718  1165  1165 D ACDB-LOADER: ACDB -> ACDB_CMD_GET_AUDPROC_COMMON_TABLE
12-31 17:38:54.718  1165  1165 D ACDB-LOADER: ACDB -> AUDIO_SET_AUDPROC_CAL
12-31 17:38:54.718  1165  1165 D ACDB-LOADER: ACDB -> send_audvoltable
12-31 17:38:54.718  1165  1165 D ACDB-LOADER: ACDB -> ACDB_CMD_GET_AUDPROC_GAIN_DEP_STEP_TABLE
12-31 17:38:54.718  1165  1165 D ACDB-LOADER: ACDB -> AUDIO_SET_AUDPROC_VOL_CAL
12-31 17:38:54.718  1165  1165 D ACDB-LOADER: ACDB -> send_afe_cal
12-31 17:38:54.718  1165  1165 D ACDB-LOADER: ACDB -> ACDB_CMD_GET_AFE_COMMON_TABLE
12-31 17:38:54.718  1165  1165 D ACDB-LOADER: ACDB -> AUDIO_SET_AFE_CAL
12-31 17:38:54.721  1165  1165 D audio_hw_primary: select_devices: done
12-31 17:38:54.723  1165  1165 D hardware_info: hw_info_append_hw_type : device_name = speaker
12-31 17:38:54.725  1165  1165 D audio_hw_primary: select_devices: out_snd_device(2: speaker) in_snd_device(0: )
12-31 17:38:54.725  1165  1165 W msm8974_platform: Codec backend bitwidth 16, samplerate 48000
12-31 17:38:54.726  1165  1165 D hardware_info: hw_info_append_hw_type : device_name = speaker
12-31 17:38:54.726  1165  1165 I msm8974_platform: platform_send_audio_calibration: sending audio calibration for snd_device(2) acdb_id(15)
12-31 17:38:54.726  1165  1165 D ACDB-LOADER: ACDB -> send_audio_cal, acdb_id = 15, path =  0
12-31 17:38:54.726  1165  1165 D ACDB-LOADER: ACDB -> send_adm_topology
12-31 17:38:54.726  1165  1165 D ACDB-LOADER: ACDB -> ACDB_CMD_GET_AUDPROC_COMMON_TOPOLOGY_ID
12-31 17:38:54.726  1165  1165 D ACDB-LOADER: ACDB -> send_audtable
12-31 17:38:54.726  1165  1165 D ACDB-LOADER: ACDB -> ACDB_CMD_GET_AUDPROC_COMMON_TABLE
12-31 17:38:54.726  1165  1165 D ACDB-LOADER: ACDB -> AUDIO_SET_AUDPROC_CAL
12-31 17:38:54.726  1165  1165 D ACDB-LOADER: ACDB -> send_audvoltable
12-31 17:38:54.726  1165  1165 D ACDB-LOADER: ACDB -> ACDB_CMD_GET_AUDPROC_GAIN_DEP_STEP_TABLE
12-31 17:38:54.726  1165  1165 D ACDB-LOADER: ACDB -> AUDIO_SET_AUDPROC_VOL_CAL
12-31 17:38:54.726  1165  1165 D ACDB-LOADER: ACDB -> send_afe_cal
12-31 17:38:54.726  1165  1165 D ACDB-LOADER: ACDB -> ACDB_CMD_GET_AFE_COMMON_TABLE
12-31 17:38:54.726  1165  1165 D ACDB-LOADER: ACDB -> AUDIO_SET_AFE_CAL
12-31 17:38:54.728  1165  1165 D audio_hw_primary: select_devices: done
12-31 17:38:54.731  1165  1165 D hardware_info: hw_info_append_hw_type : device_name = speaker
12-31 17:38:54.733  1165  1165 D audio_hw_primary: select_devices: out_snd_device(0: ) in_snd_device(35: rec-main-mic)
12-31 17:38:54.733  1165  1165 D hardware_info: hw_info_append_hw_type : device_name = rec-main-mic
12-31 17:38:54.733  1165  1165 I msm8974_platform: platform_send_audio_calibration: sending audio calibration for snd_device(35) acdb_id(4)
12-31 17:38:54.733  1165  1165 D ACDB-LOADER: ACDB -> send_audio_cal, acdb_id = 4, path =  1
12-31 17:38:54.733  1165  1165 D ACDB-LOADER: ACDB -> send_adm_topology
12-31 17:38:54.733  1165  1165 D ACDB-LOADER: ACDB -> ACDB_CMD_GET_AUDPROC_COMMON_TOPOLOGY_ID
12-31 17:38:54.733  1165  1165 D ACDB-LOADER: ACDB -> send_audtable
12-31 17:38:54.733  1165  1165 D ACDB-LOADER: ACDB -> ACDB_CMD_GET_AUDPROC_COMMON_TABLE
12-31 17:38:54.733  1165  1165 D ACDB-LOADER: ACDB -> AUDIO_SET_AUDPROC_CAL
12-31 17:38:54.733  1165  1165 D ACDB-LOADER: ACDB -> send_audvoltable
12-31 17:38:54.733  1165  1165 D ACDB-LOADER: ACDB -> ACDB_CMD_GET_AUDPROC_GAIN_DEP_STEP_TABLE
12-31 17:38:54.733  1165  1165 D         : Failed to fetch the lookup information of the device 00000004 
12-31 17:38:54.733  1165  1165 E ACDB-LOADER: Error: ACDB AudProc vol returned = -19
12-31 17:38:54.733  1165  1165 D ACDB-LOADER: ACDB -> AUDIO_SET_AUDPROC_VOL_CAL
12-31 17:38:54.733  1165  1165 D ACDB-LOADER: ACDB -> AUDIO_SET_AFE_CAL
12-31 17:38:54.736  1165  1165 D audio_hw_primary: select_devices: done
12-31 17:38:54.738  1165  1165 D hardware_info: hw_info_append_hw_type : device_name = rec-main-mic
12-31 17:38:54.740  1165  1165 D audio_hw_primary: select_devices: out_snd_device(0: ) in_snd_device(35: rec-main-mic)
12-31 17:38:54.740  1165  1165 D hardware_info: hw_info_append_hw_type : device_name = rec-main-mic
12-31 17:38:54.740  1165  1165 I msm8974_platform: platform_send_audio_calibration: sending audio calibration for snd_device(35) acdb_id(4)
12-31 17:38:54.740  1165  1165 D ACDB-LOADER: ACDB -> send_audio_cal, acdb_id = 4, path =  1
12-31 17:38:54.740  1165  1165 D ACDB-LOADER: ACDB -> send_adm_topology
12-31 17:38:54.740  1165  1165 D ACDB-LOADER: ACDB -> ACDB_CMD_GET_AUDPROC_COMMON_TOPOLOGY_ID
12-31 17:38:54.740  1165  1165 D ACDB-LOADER: ACDB -> send_audtable
12-31 17:38:54.740  1165  1165 D ACDB-LOADER: ACDB -> ACDB_CMD_GET_AUDPROC_COMMON_TABLE
12-31 17:38:54.740  1165  1165 D ACDB-LOADER: ACDB -> AUDIO_SET_AUDPROC_CAL
12-31 17:38:54.740  1165  1165 D ACDB-LOADER: ACDB -> send_audvoltable
12-31 17:38:54.740  1165  1165 D ACDB-LOADER: ACDB -> ACDB_CMD_GET_AUDPROC_GAIN_DEP_STEP_TABLE
12-31 17:38:54.741  1165  1165 D         : Failed to fetch the lookup information of the device 00000004 
12-31 17:38:54.741  1165  1165 E ACDB-LOADER: Error: ACDB AudProc vol returned = -19
12-31 17:38:54.741  1165  1165 D ACDB-LOADER: ACDB -> AUDIO_SET_AUDPROC_VOL_CAL
12-31 17:38:54.741  1165  1165 D ACDB-LOADER: ACDB -> AUDIO_SET_AFE_CAL
12-31 17:38:54.744  1165  1165 D audio_hw_primary: select_devices: done
12-31 17:38:54.747  1165  1165 D hardware_info: hw_info_append_hw_type : device_name = rec-main-mic
12-31 17:38:54.750  1165  1165 I AudioFlinger: loadHwModule() Loaded primary audio interface from QCOM Audio HAL (audio) handle 10
12-31 17:38:54.750  1165  1165 I AudioFlinger: openOutput(), module 10 Device 2, SamplingRate 48000, Format 0x000001, Channels 3, flags 2
12-31 17:38:54.750  1165  1165 D audio_hw_primary: adev_open_output_stream: enter: sample_rate(48000) channel_mask(0x3) devices(0x2) flags(0x2)        stream_handle(0xb61cac40)
12-31 17:38:54.750  1165  1165 D audio_hw_primary: adev_open_output_stream: Stream (0xb61cac40) picks up usecase (deep-buffer-playback)
12-31 17:38:54.750  1165  1165 I AudioFlinger: HAL output buffer size 1920 frames, normal sink buffer size 1920 frames
12-31 17:38:54.754  1165  1165 W EffectsFactory: loadLibrary() failed to open /system/vendor/lib/soundfx/libswdap.so
12-31 17:38:54.754  1165  1165 W EffectsFactory: loadLibrary() failed to open /system/vendor/lib/soundfx/libhwdap.so
12-31 17:38:54.755  1165  1165 W EffectsFactory: loadEffect() could not get library proxy
12-31 17:38:54.755  1165  1165 I BufferProvider: found effect "Multichannel Downmix To Stereo" from The Android Open Source Project
12-31 17:38:54.755  1165  1165 I AudioFlinger: Using module 10 has the primary audio interface
12-31 17:38:54.755  1165  1213 I AudioFlinger: AudioFlinger's thread 0xb5883fc0 ready to run
12-31 17:38:54.756  1165  1213 W BatteryNotifier: batterystats service unavailable!
12-31 17:38:54.756  1165  1213 D audio_hw_primary: out_standby: enter: stream (0xb61cac40) usecase(0: deep-buffer-playback)
12-31 17:38:54.756  1165  1213 W BatteryNotifier: batterystats service unavailable!
12-31 17:38:54.757  1165  1213 W BatteryNotifier: batterystats service unavailable!
12-31 17:38:54.757  1165  1213 D audio_hw_primary: out_set_parameters: enter: usecase(0: deep-buffer-playback) kvpairs: routing=2
12-31 17:38:54.757  1165  1213 W AudioFlinger: no wake lock to update, system not ready yet
12-31 17:38:54.757  1165  1213 E cutils-trace: Error opening trace file: No such file or directory (2)
12-31 17:38:54.759  1165  1165 I AudioFlinger: openOutput(), module 10 Device 2, SamplingRate 48000, Format 0x000001, Channels 3, flags 4
12-31 17:38:54.759  1165  1165 D audio_hw_primary: adev_open_output_stream: enter: sample_rate(48000) channel_mask(0x3) devices(0x2) flags(0x4)        stream_handle(0xb61cad80)
12-31 17:38:54.759  1165  1165 D audio_hw_primary: adev_open_output_stream: Stream (0xb61cad80) picks up usecase (low-latency-playback)
12-31 17:38:54.759  1165  1165 I AudioFlinger: HAL output buffer size 240 frames, normal sink buffer size 960 frames
12-31 17:38:54.767  1165  1215 I AudioFlinger: AudioFlinger's thread 0xb57035c0 ready to run
12-31 17:38:54.768  1165  1215 W BatteryNotifier: batterystats service unavailable!
12-31 17:38:54.768  1165  1215 D audio_hw_primary: out_set_parameters: enter: usecase(1: low-latency-playback) kvpairs: routing=2
12-31 17:38:54.768  1165  1215 D audio_hw_primary: out_standby: enter: stream (0xb61cad80) usecase(1: low-latency-playback)
12-31 17:38:54.768  1165  1215 W BatteryNotifier: batterystats service unavailable!
12-31 17:38:54.768  1165  1215 W BatteryNotifier: batterystats service unavailable!
12-31 17:38:54.768  1165  1215 W AudioFlinger: no wake lock to update, system not ready yet
12-31 17:38:54.769  1165  1165 I AudioFlinger: openOutput(), module 10 Device 10000, SamplingRate 48000, Format 0x000001, Channels 3, flags 0
12-31 17:38:54.769  1165  1165 D audio_hw_primary: adev_open_output_stream: enter: sample_rate(48000) channel_mask(0x3) devices(0x10000) flags(0)        stream_handle(0xb61caec0)
12-31 17:38:54.769  1165  1165 D audio_hw_primary: adev_open_output_stream: Stream (0xb61caec0) picks up usecase (afe-proxy-playback)
12-31 17:38:54.769  1165  1165 I AudioFlinger: HAL output buffer size 768 frames, normal sink buffer size 1152 frames
12-31 17:38:54.770  1165  1218 I AudioFlinger: AudioFlinger's thread 0xb5383880 ready to run
12-31 17:38:54.770  1165  1218 W BatteryNotifier: batterystats service unavailable!
12-31 17:38:54.770  1165  1218 D audio_hw_primary: out_standby: enter: stream (0xb61caec0) usecase(29: afe-proxy-playback)
12-31 17:38:54.770  1165  1218 W BatteryNotifier: batterystats service unavailable!
12-31 17:38:54.771  1165  1218 W BatteryNotifier: batterystats service unavailable!
12-31 17:38:54.771  1165  1218 D audio_hw_primary: out_set_parameters: enter: usecase(29: afe-proxy-playback) kvpairs: routing=65536
12-31 17:38:54.771  1165  1218 W AudioFlinger: no wake lock to update, system not ready yet
12-31 17:38:54.772  1165  1165 D audio_hw_primary: adev_open_input_stream: enter: sample_rate(48000) channel_mask(0xc) devices(0x80000004)        stream_handle(0xb61b4e40) io_handle(14) source(1)
12-31 17:38:54.773  1165  1219 I AudioFlinger: AudioFlinger's thread 0xb5003880 ready to run
12-31 17:38:54.773  1165  1219 D audio_hw_primary: in_standby: enter: stream (0xb61b4e40) usecase(9: audio-record)
12-31 17:38:54.773  1165  1219 W BatteryNotifier: batterystats service unavailable!
12-31 17:38:54.773  1165  1219 D audio_hw_primary: in_standby: enter: stream (0xb61b4e40) usecase(9: audio-record)
12-31 17:38:54.773  1165  1219 W BatteryNotifier: batterystats service unavailable!
12-31 17:38:54.773  1165  1165 D audio_hw_primary: adev_close_input_stream: enter:stream_handle(0xb61b4e40)
12-31 17:38:54.773  1165  1165 D audio_hw_primary: in_standby: enter: stream (0xb61b4e40) usecase(9: audio-record)
12-31 17:38:54.773  1165  1165 D audio_hw_primary: adev_open_input_stream: enter: sample_rate(48000) channel_mask(0xc) devices(0x80000040)        stream_handle(0xb61b4e40) io_handle(22) source(1)
12-31 17:38:54.773  1165  1165 D audio_hw_primary: adev_open_input_stream: enter: sample_rate(48000) channel_mask(0xc) devices(0x80000040)        stream_handle(0xb61b4e40) io_handle(22) source(1)
12-31 17:38:54.773  1165  1165 W APM_AudioPolicyManager: Cannot open input stream for device 80000040 on hw module primary
12-31 17:38:54.774  1165  1165 I bt_a2dp_hw: adev_open:  adev_open in A2dp_hw module
12-31 17:38:54.774  1165  1165 I AudioFlinger: loadHwModule() Loaded a2dp audio interface from A2DP Audio HW HAL (audio) handle 18
12-31 17:38:54.776  1165  1165 I AudioFlinger: loadHwModule() Loaded usb audio interface from USB audio HW HAL (audio) handle 26
12-31 17:38:54.777  1165  1165 I r_submix: adev_open(name=audio_hw_if)
12-31 17:38:54.778  1165  1165 I r_submix: adev_init_check()
12-31 17:38:54.778  1165  1165 I AudioFlinger: loadHwModule() Loaded r_submix audio interface from Wifi Display audio HAL (audio) handle 34
12-31 17:38:54.778  1165  1165 D r_submix: adev_open_input_stream(addr=0)
12-31 17:38:54.778  1165  1165 D r_submix: submix_audio_device_create_pipe_l(addr=0, idx=9)
12-31 17:38:54.778  1165  1165 D r_submix:   now using address 0 for route 9
12-31 17:38:54.778  1165  1220 I AudioFlinger: AudioFlinger's thread 0xb4f832c0 ready to run
12-31 17:38:54.778  1165  1165 D r_submix: adev_close_input_stream()
12-31 17:38:54.778  1165  1165 D r_submix: submix_audio_device_release_pipe_l(idx=9) addr=0
12-31 17:38:54.778  1165  1165 D r_submix: submix_audio_device_destroy_pipe_l(): pipe destroyed
12-31 17:38:54.780  1165  1165 I RadioService: RadioService
12-31 17:38:54.780  1165  1165 I RadioService: onFirstRef
12-31 17:38:54.780  1165  1165 E RadioService: couldn't load radio module radio.primary (No such file or directory)
12-31 17:38:54.781  1165  1165 E SoundTriggerHwService: couldn't load sound trigger module sound_trigger.primary (No such file or directory)
12-31 17:38:55.324  1164  1164 D AndroidRuntime: >>>>>> START com.android.internal.os.ZygoteInit uid 0 <<<<<<
12-31 17:38:55.330  1164  1164 D AndroidRuntime: CheckJNI is ON
12-31 17:38:55.331  1164  1164 E cutils-trace: Error opening trace file: No such file or directory (2)
12-31 17:38:55.331  1164  1164 I art     : option[0]=-Xzygote
12-31 17:38:55.331  1164  1164 I art     : option[1]=-Xcheck:jni
12-31 17:38:55.331  1164  1164 I art     : option[2]=-Xstacktracefile:/data/anr/traces.txt
12-31 17:38:55.319   228   228 W auditd  : type=1325 audit(0.0:423): table=filter family=10 entries=33
12-31 17:38:55.319  1253  1253 W ip6tables: type=1300 audit(0.0:423): arch=40000028 syscall=294 per=800008 success=yes exit=0 a0=4 a1=29 a2=40 a3=b6c25000 items=0 ppid=1168 auid=4294967295 uid=0 gid=0 euid=0 suid=0 fsuid=0 egid=0 sgid=0 fsgid=0 tty=(none) ses=4294967295 exe="/system/bin/ip6tables" subj=u:r:netd:s0 key=(null)
12-31 17:38:55.319   228   228 W auditd  : type=1320 audit(0.0:423): 
12-31 17:38:55.331  1164  1164 I art     : option[3]=exit
12-31 17:38:55.331  1164  1164 I art     : option[4]=vfprintf
12-31 17:38:55.331  1164  1164 I art     : option[5]=sensitiveThread
12-31 17:38:55.331  1164  1164 I art     : option[6]=-verbose:gc
12-31 17:38:55.331  1164  1164 I art     : option[7]=-Xms8m
12-31 17:38:55.331  1164  1164 I art     : option[8]=-Xmx512m
12-31 17:38:55.331  1164  1164 I art     : option[9]=-XX:HeapGrowthLimit=128m
12-31 17:38:55.331  1164  1164 I art     : option[10]=-XX:HeapMinFree=2m
12-31 17:38:55.331  1164  1164 I art     : option[11]=-XX:HeapMaxFree=8m
12-31 17:38:55.331  1164  1164 I art     : option[12]=-XX:HeapTargetUtilization=0.75
12-31 17:38:55.331  1164  1164 I art     : option[13]=-Xusejit:true
12-31 17:38:55.331  1164  1164 I art     : option[14]=-Xjitsaveprofilinginfo
12-31 17:38:55.331  1164  1164 I art     : option[15]=-agentlib:jdwp=transport=dt_android_adb,suspend=n,server=y
12-31 17:38:55.332  1164  1164 I art     : option[16]=-Xlockprofthreshold:500
12-31 17:38:55.332  1164  1164 I art     : option[17]=-Ximage-compiler-option
12-31 17:38:55.332  1164  1164 I art     : option[18]=--runtime-arg
12-31 17:38:55.332  1164  1164 I art     : option[19]=-Ximage-compiler-option
12-31 17:38:55.332  1164  1164 I art     : option[20]=-Xms64m
12-31 17:38:55.332  1164  1164 I art     : option[21]=-Ximage-compiler-option
12-31 17:38:55.332  1164  1164 I art     : option[22]=--runtime-arg
12-31 17:38:55.332  1164  1164 I art     : option[23]=-Ximage-compiler-option
12-31 17:38:55.332  1164  1164 I art     : option[24]=-Xmx64m
12-31 17:38:55.332  1164  1164 I art     : option[25]=-Ximage-compiler-option
12-31 17:38:55.332  1164  1164 I art     : option[26]=--compiler-filter=verify-at-runtime
12-31 17:38:55.332  1164  1164 I art     : option[27]=-Ximage-compiler-option
12-31 17:38:55.332  1164  1164 I art     : option[28]=--image-classes=/system/etc/preloaded-classes
12-31 17:38:55.332  1164  1164 I art     : option[29]=-Ximage-compiler-option
12-31 17:38:55.332  1164  1164 I art     : option[30]=--compiled-classes=/system/etc/compiled-classes
12-31 17:38:55.332  1164  1164 I art     : option[31]=-Xcompiler-option
12-31 17:38:55.332  1164  1164 I art     : option[32]=--runtime-arg
12-31 17:38:55.332  1164  1164 I art     : option[33]=-Xcompiler-option
12-31 17:38:55.332  1164  1164 I art     : option[34]=-Xms64m
12-31 17:38:55.332  1164  1164 I art     : option[35]=-Xcompiler-option
12-31 17:38:55.332  1164  1164 I art     : option[36]=--runtime-arg
12-31 17:38:55.332  1164  1164 I art     : option[37]=-Xcompiler-option
12-31 17:38:55.332  1164  1164 I art     : option[38]=-Xmx512m
12-31 17:38:55.332  1164  1164 I art     : option[39]=-Ximage-compiler-option
12-31 17:38:55.332  1164  1164 I art     : option[40]=--instruction-set-variant=krait
12-31 17:38:55.332  1164  1164 I art     : option[41]=-Xcompiler-option
12-31 17:38:55.332  1164  1164 I art     : option[42]=--instruction-set-variant=krait
12-31 17:38:55.332  1164  1164 I art     : option[43]=-Ximage-compiler-option
12-31 17:38:55.332  1164  1164 I art     : option[44]=--instruction-set-features=default
12-31 17:38:55.333  1164  1164 I art     : option[45]=-Xcompiler-option
12-31 17:38:55.333  1164  1164 I art     : option[46]=--instruction-set-features=default
12-31 17:38:55.333  1164  1164 I art     : option[47]=-Duser.locale=en-US
12-31 17:38:55.333  1164  1164 I art     : option[48]=--cpu-abilist=armeabi-v7a,armeabi
12-31 17:38:55.333  1164  1164 I art     : option[49]=-Xfingerprint:samsung/lineage_s3ve3g/s3ve3g:7.1.2/NJH47F/00b2ebc5b2:eng/test-keys
